******************************************************************************
              TMS320C55x Linker PC v4.4.1                      
******************************************************************************
>> Linked Tue Nov 13 00:42:18 2018

OUTPUT FILE NAME:   <simulator_template.out>
ENTRY POINT SYMBOL: "_c_int00"  address: 00024ae3


MEMORY CONFIGURATION

         name            origin    length      used     unused   attr    fill
                        (bytes)   (bytes)    (bytes)   (bytes)
----------------------  --------  ---------  --------  --------  ----  --------
PAGE 0:
  MMR                   00000000   000000c0  00000000  000000c0  RWIX
  DARAM0                000000c0   0000ff40  00006f46  00008ffa  RWIX
  SARAM0                00010000   00010000  00000000  00010000  RWIX
  SARAM1                00020000   00020000  00004c05  0001b3fb  RWIX
  SARAM2                00040000   0000fe00  0000044a  0000f9b6  RWIX
  VECS                  0004fe00   00000200  00000100  00000100  RWIX
  PDROM                 00ff8000   00008000  00000000  00008000  R IX

PAGE 2:
  IOPORT                00000000   00020000  00000000  00020000  RWI 


SECTION ALLOCATION MAP
(Addresses surrounded by []'s are displayed for convenience only!)

output                                                          attributes/
section   page  orgn(bytes) orgn(words) len(bytes) len(words)   input sections
--------  ----  ----------- ----------- ---------- ----------   --------------
.pinit       0   [ 00040000 ]  00020000          *   00000000   UNINITIALIZED

.stack       0   [ 000000c0 ]  00000060          *   00001000   UNINITIALIZED
                 [ 000000c0 ]  00000060          *   00001000   --HOLE--

.data        0   [ 000000c0 ]  00000060          *   00000000   UNINITIALIZED

.sysstack 
*            0   [ 000020c0 ]  00001060          *   00000800   UNINITIALIZED
                 [ 000020c0 ]  00001060          *   00000800   --HOLE--

.sysmem      0   [ 000030c0 ]  00001860          *   00001000   UNINITIALIZED
                 [ 000030c0 ]  00001860          *   00001000   --HOLE--

.bss.1       0   [ 000050c0 ]  00002860          *   0000095f   UNINITIALIZED
                 [ 000050c0 ]  00002860          *   00000400   ezdsp5535_aic3204_dma.obj (.bss)
                 [ 000058c0 ]  00002c60          *   00000304   main.obj (.bss)
                 [ 00005ec8 ]  00002f64          *   00000119   rts55x.lib : defs.obj (.bss)
                 [ 000060fa ]  0000307d          *   000000d0              : trgdrv.obj (.bss)
                 [ 0000629a ]  0000314d          *   00000001              : fopen.obj (.bss)
                 [ 0000629c ]  0000314e          *   00000071              : lowlev.obj (.bss)

.bss.2       0   [ 00006380 ]  000031c0          *   0000000b   UNINITIALIZED
                 [ 00006380 ]  000031c0          *   00000006   rts55x.lib : memory.obj (.bss)
                 [ 0000638c ]  000031c6          *   00000005   aic3204.obj (.bss)

.bss.3       0   [ 00006398 ]  000031cc          *   0000000c   UNINITIALIZED
                 [ 00006398 ]  000031cc          *   00000004   aic3204_init.obj (.bss)
                 [ 000063a0 ]  000031d0          *   00000004   rts55x.lib : _lock.obj (.bss)
                 [ 000063a8 ]  000031d4          *   00000004              : exit.obj (.bss)

.const.1     0   [ 00006400 ]  00003200          *   00000501   
                 [ 00006400 ]  00003200          *   00000400   55xdspx_r3.lib : twiddle.obj (.const:twiddle)
                 [ 00006c00 ]  00003600          *   00000101   rts55x.lib : ctype.obj (.const:__ctypes_)

.const.2     0   [ 00006e04 ]  00003702          *   00000097   
                 [ 00006e04 ]  00003702          *   00000097   aic3204_init.obj (.const:.string)

.const.3     0   [ 00006f34 ]  0000379a          *   00000059   
                 [ 00006f34 ]  0000379a          *   00000059   main.obj (.const:.string)

.const.4     0   [ 00006fe8 ]  000037f4          *   0000003c   
                 [ 00006fe8 ]  000037f4          *   00000024   rts55x.lib : _printfi.obj (.const:.string)
                 [ 00007030 ]  00003818          *   0000000c              : _printfi.obj (.const)
                 [ 00007048 ]  00003824          *   00000008              : divd.obj (.const:_initial_approx$1)
                 [ 00007058 ]  0000382c          *   00000002              : fputs.obj (.const:.string)
                 [ 0000705c ]  0000382e          *   00000002              : fltlid.obj (.const)

.text        0     00020000  [ 00010000 ] 00004c05          *   
                   00020000  [ 00010000 ] 000015a4          *   rts55x.lib : _printfi.obj (.text)
                   000215a4  [ 00010ad2 ] 00000543          *              : lowlev.obj (.text)
                   00021ae7  [ 00010d73+] 00000528          *              : trgdrv.obj (.text)
                   0002200f  [ 00011007+] 000004b5          *              : memory.obj (.text)
                   000224c4  [ 00011262 ] 000003cc          *              : divd.obj (.text)
                   00022890  [ 00011448 ] 0000027f          *              : fopen.obj (.text)
                   00022b0f  [ 00011587+] 0000025e          *              : llmpy.obj (.text)
                   00022d6d  [ 000116b6+] 0000025a          *              : addd.obj (.text)
                   00022fc7  [ 000117e3+] 000001ee          *              : fwrite.obj (.text)
                   000231b5  [ 000118da+] 000001ea          *              : cmpd.obj (.text)
                   0002339f  [ 000119cf+] 000001d3          *   55xdspx_r3.lib : cfft_scale.obj (.text)
                   00023572  [ 00011ab9 ] 00000163          *   rts55x.lib : fputs.obj (.text)
                   000236d5  [ 00011b6a+] 00000152          *   ezdsp5535_aic3204_dma.obj (.text)
                   00023827  [ 00011c13+] 0000014c          *   rts55x.lib : mpyd.obj (.text)
                   00023973  [ 00011cb9+] 00000139          *   main.obj (.text)
                   00023aac  [ 00011d56 ] 0000010f          *   rts55x.lib : fread.obj (.text)
                   00023bbb  [ 00011ddd+] 000000f6          *   aic3204_init.obj (.text)
                   00023cb1  [ 00011e58+] 000000f2          *   aic3204.obj (.text)
                   00023da3  [ 00011ed1+] 000000e6          *   rts55x.lib : setvbuf.obj (.text)
                   00023e89  [ 00011f44+] 000000dd          *              : _io_perm.obj (.text)
                   00023f66  [ 00011fb3 ] 000000d6          *   55xdspx_r3.lib : cbrev.obj (.text)
                   0002403c  [ 0001201e ] 000000c2          *   rts55x.lib : fflush.obj (.text)
                   000240fe  [ 0001207f ] 000000ba          *              : trgmsg.obj (.text:CIO_breakpoint)
                   000241b8  [ 000120dc ] 000000ae          *              : _bufread.obj (.text)
                   00024266  [ 00012133 ] 000000a6          *              : fputc.obj (.text)
                   0002430c  [ 00012186 ] 000000a1          *              : divul.obj (.text)
                   000243ad  [ 000121d6+] 0000008d          *   55xdspx_r3.lib : unpack.obj (.text)
                   0002443a  [ 0001221d ] 0000007d          *   rts55x.lib : ltoa.obj (.text)
                   000244b7  [ 0001225b+] 0000007b          *              : fclose.obj (.text)
                   00024532  [ 00012299 ] 00000076          *              : frcmpyd.obj (.text)
                   000245a8  [ 000122d4 ] 00000073          *              : frcmpyd_div.obj (.text)
                   0002461b  [ 0001230d+] 00000072          *              : remul.obj (.text)
                   0002468d  [ 00012346+] 0000006f          *              : fixdli.obj (.text)
                   000246fc  [ 0001237e ] 0000006d          *              : trgmsg.obj (.text)
                   00024769  [ 000123b4+] 0000006b          *              : fseek.obj (.text)
                   000247d4  [ 000123ea ] 00000067          *              : fltlid.obj (.text)
                   0002483b  [ 0001241d+] 0000005c          *              : atoi.obj (.text)
                   00024897  [ 0001244b+] 00000054          *   ezdsp5535bsl.lib : ezdsp5535.obj (.text)
                   000248eb  [ 00012475+] 00000050          *   rts55x.lib : printf.obj (.text)
                   0002493b  [ 0001249d+] 0000004d          *              : autoinit.obj (.text)
                   00024988  [ 000124c4 ] 0000004b          *              : args_main.obj (.text)
                   000249d3  [ 000124e9+] 0000004b          *              : remli.obj (.text)
                   00024a1e  [ 0001250f ] 00000048          *              : divli.obj (.text)
                   00024a66  [ 00012533 ] 0000003f          *              : memcpy.obj (.text)
                   00024aa5  [ 00012552+] 0000003e          *              : exit.obj (.text)
                   00024ae3  [ 00012571+] 00000034          *              : boot.obj (.text)
                   00024b17  [ 0001258b+] 0000002a          *              : fixdi.obj (.text)
                   00024b41  [ 000125a0+] 0000002a          *              : udiv.obj (.text)
                   00024b6b  [ 000125b5+] 00000023          *              : memccpy.obj (.text)
                   00024b8e  [ 000125c7 ] 0000001a          *              : isinf.obj (.text)
                   00024ba8  [ 000125d4 ] 00000014          *              : subd.obj (.text)
                   00024bbc  [ 000125de ] 00000013          *              : lmpy.obj (.text)
                   00024bcf  [ 000125e7+] 00000012          *              : _lock.obj (.text)
                   00024be1  [ 000125f0+] 00000010          *              : negd.obj (.text)
                   00024bf1  [ 000125f8+] 0000000a          *              : remove.obj (.text)
                   00024bfb  [ 000125fd+] 00000007          *              : exit.obj (.text:CIO_breakpoint)
                   00024c02  [ 00012601 ] 00000002          *              : vectors.obj (.text)
                   00024c04  [ 00012602 ] 00000001          *   --HOLE-- [fill = 20]

.cio         0   [ 00040000 ]  00020000          *   00000120   UNINITIALIZED
                 [ 00040000 ]  00020000          *   00000120   rts55x.lib : trgmsg.obj (.cio)

.cinit       0   [ 00040240 ]  00020120          *   00000105   
                 [ 00040240 ]  00020120          *   00000083   main.obj (.cinit)
                 [ 00040346 ]  000201a3          *   0000002d   rts55x.lib : lowlev.obj (.cinit)
                 [ 000403a0 ]  000201d0          *   0000002a              : defs.obj (.cinit)
                 [ 000403f4 ]  000201fa          *   0000000a   aic3204_init.obj (.cinit)
                 [ 00040408 ]  00020204          *   0000000a   rts55x.lib : _lock.obj (.cinit)
                 [ 0004041c ]  0002020e          *   0000000a              : exit.obj (.cinit)
                 [ 00040430 ]  00020218          *   00000004   aic3204.obj (.cinit)
                 [ 00040438 ]  0002021c          *   00000004   rts55x.lib : fopen.obj (.cinit)
                 [ 00040440 ]  00020220          *   00000004              : memory.obj (.cinit)
                 [ 00040448 ]  00020224          *   00000001   --HOLE-- [fill = 0]

vectors      0     0004fe00  [ 00027f00 ] 00000100          *   
                   0004fe00  [ 00027f00 ] 00000100          *   rts55x.lib : vectors.obj (vectors)


GLOBAL SYMBOLS: SORTED ALPHABETICALLY BY Name 

abs. value/
byte addr   word addr   name
---------   ---------   ----
00000002                $TI_capability$C5500$CallingConvention
00000002                $TI_capability$C5500$MemoryModel
00000001                $TI_capability_requires_rev3
ffffffff                .bss
ffffffff                .data
ffffffff                .text
00024bfc                C$$EXIT
000241b3                C$$IO$$
00024bbc                I$$LMPY
00024b41                I$$UDIV
00024b56                I$$UMOD
000248dd                _EZDSP5535_init
00024897                _EZDSP5535_wait
000248cb                _EZDSP5535_waitusec
00021fb1                _HOSTclock
00021f46                _HOSTclose
00021e91                _HOSTlseek
00021df2                _HOSTopen
00021d65                _HOSTread
00021cb7                _HOSTrename
00021c59                _HOSTtime
00021bef                _HOSTunlink
00021b62                _HOSTwrite
            00002c64    _InputBufferL
            00002ce4    _InputBufferR
            00002d64    _OutputBufferL
            00002de4    _OutputBufferR
0004fe00                _Reset
            00002860    _SimulatorInput
            00002a60    _SimulatorOutput
            00020000    __CIOBUF_
            00001060    __STACK_END
00002000                __STACK_SIZE
00002000                __SYSMEM_SIZE
00001000                __SYSSTACK_SIZE
00000001                __TI_args_main
ffffffff                ___binit__
ffffffff                ___bss__
ffffffff                ___c_args__
            00020120    ___cinit__
ffffffff                ___data__
ffffffff                ___edata__
ffffffff                ___end__
ffffffff                ___etext__
00024b8e                ___isinf
ffffffff                ___pinit__
ffffffff                ___text__
00022d6d                __addd
00024988                __args_main
000241b8                __buff_read
000229b1                __cleanup
            000031d4    __cleanup_ptr
00023347                __cmpd
            00003600    __ctypes_
000224c4                __divd
00024a1e                __divli
00022d38                __divlli
00024b41                __divu
0002430c                __divul
00022c44                __divull
0002403c                __doflush
            000031d6    __dtors_ptr
00023313                __eqld
00024b17                __fixdi
0002468d                __fixdli
000247d4                __fltlid
00024532                __frcmpyd
000245a8                __frcmpyd_div
            0000307c    __ft_end
            00002f64    __ftable
000232c9                __geqd
0002327e                __gtrd
00023231                __leqd
            000031d0    __lock
000231e9                __lssd
00023827                __mpyd
00024bbc                __mpyli
00022b8c                __mpylli
00024be1                __negd
000231b5                __neqd
00024bdf                __nop
00021362                __printfi
00023f09                __rd_ok
00024bd7                __register_lock
00024bcf                __register_unlock
000249d3                __remli
00022b5d                __remlli
00024b56                __remu
0002461b                __remul
00022b0f                __remull
            00000060    __stack
00024ba8                __subd
            00001860    __sys_memory
            00001060    __sysstack
            00002fdc    __tmpnams
            000031d2    __unlock
00023e89                __wrt_ok
00024bfb                _abort
000219f7                _add_device
00023ce7                _aic3204_codec_read
00023d57                _aic3204_codec_write
00023cb3                _aic3204_disable
000236d5                _aic3204_dma_init
            000031ca    _aic3204_enabled
00023cb1                _aic3204_hardware_init
00023bdf                _aic3204_init
000236d7                _aic3204_read_block
00023bbb                _aic3204_set_input_filename
00023bcd                _aic3204_set_output_filename
00023788                _aic3204_write_block
0002483b                _atoi
0002493b                _auto_init
00024ae3                _c_int00
0002249e                _calloc
00023f66                _cbrev
0002339f                _cfft_SCALE
00022496                _chkheap
00021984                _close
00024aa5                _exit
000244b7                _fclose
000240a5                _fflush
0002197b                _find_registered_device
00022ad4                _fopen
00024266                _fputc
00023572                _fputs
00023aac                _fread
0002200f                _free
00022440                _free_memory
00022a0b                _freopen
00024769                _fseek
00022fc7                _fwrite
00021ae7                _getenv
            000031c6    _input_file
            00002c60    _left_input
            00002c62    _left_output
00021915                _lseek
0002443a                _ltoa
            00002e64    _magnitude_response
00023973                _main
00022140                _malloc
000223e6                _max_free
00024b6b                _memccpy
00024a66                _memcpy
000220db                _minit
00021856                _open
            000031c8    _output_file
000248eb                _printf
00024266                _putc
000242fd                _putchar
000236a7                _puts
000217a8                _read
000246fc                _readmsg
00022235                _realloc
00024bf1                _remove
00021772                _remove_device
00021719                _rename
            00002c61    _right_input
            00002c63    _right_output
00023ca4                _set_sampling_frequency_and_gain
00023da3                _setvbuf
000216e6                _unlink
000243ad                _unpack
            00002ee4    _window
000215a4                _write
000240fe                _writemsg
ffffffff                binit
            00020120    cinit
ffffffff                edata
ffffffff                end
ffffffff                etext
ffffffff                pinit
            00003200    twiddle


GLOBAL SYMBOLS: SORTED BY Symbol Address 

abs. value/
byte addr   word addr   name
---------   ---------   ----
00000001                $TI_capability_requires_rev3
00000001                __TI_args_main
00000002                $TI_capability$C5500$CallingConvention
00000002                $TI_capability$C5500$MemoryModel
            00000060    __stack
00001000                __SYSSTACK_SIZE
00002000                __STACK_SIZE
00002000                __SYSMEM_SIZE
            00001060    __STACK_END
            00001060    __sysstack
            00001860    __sys_memory
            00002860    _SimulatorInput
            00002a60    _SimulatorOutput
            00002c60    _left_input
            00002c61    _right_input
            00002c62    _left_output
            00002c63    _right_output
            00002c64    _InputBufferL
            00002ce4    _InputBufferR
            00002d64    _OutputBufferL
            00002de4    _OutputBufferR
            00002e64    _magnitude_response
            00002ee4    _window
            00002f64    __ftable
            00002fdc    __tmpnams
            0000307c    __ft_end
            000031c6    _input_file
            000031c8    _output_file
            000031ca    _aic3204_enabled
            000031d0    __lock
            000031d2    __unlock
            000031d4    __cleanup_ptr
            000031d6    __dtors_ptr
            00003200    twiddle
            00003600    __ctypes_
00021362                __printfi
000215a4                _write
000216e6                _unlink
00021719                _rename
00021772                _remove_device
000217a8                _read
00021856                _open
00021915                _lseek
0002197b                _find_registered_device
00021984                _close
000219f7                _add_device
00021ae7                _getenv
00021b62                _HOSTwrite
00021bef                _HOSTunlink
00021c59                _HOSTtime
00021cb7                _HOSTrename
00021d65                _HOSTread
00021df2                _HOSTopen
00021e91                _HOSTlseek
00021f46                _HOSTclose
00021fb1                _HOSTclock
0002200f                _free
000220db                _minit
00022140                _malloc
00022235                _realloc
000223e6                _max_free
00022440                _free_memory
00022496                _chkheap
0002249e                _calloc
000224c4                __divd
000229b1                __cleanup
00022a0b                _freopen
00022ad4                _fopen
00022b0f                __remull
00022b5d                __remlli
00022b8c                __mpylli
00022c44                __divull
00022d38                __divlli
00022d6d                __addd
00022fc7                _fwrite
000231b5                __neqd
000231e9                __lssd
00023231                __leqd
0002327e                __gtrd
000232c9                __geqd
00023313                __eqld
00023347                __cmpd
0002339f                _cfft_SCALE
00023572                _fputs
000236a7                _puts
000236d5                _aic3204_dma_init
000236d7                _aic3204_read_block
00023788                _aic3204_write_block
00023827                __mpyd
00023973                _main
00023aac                _fread
00023bbb                _aic3204_set_input_filename
00023bcd                _aic3204_set_output_filename
00023bdf                _aic3204_init
00023ca4                _set_sampling_frequency_and_gain
00023cb1                _aic3204_hardware_init
00023cb3                _aic3204_disable
00023ce7                _aic3204_codec_read
00023d57                _aic3204_codec_write
00023da3                _setvbuf
00023e89                __wrt_ok
00023f09                __rd_ok
00023f66                _cbrev
0002403c                __doflush
000240a5                _fflush
000240fe                _writemsg
000241b3                C$$IO$$
000241b8                __buff_read
00024266                _fputc
00024266                _putc
000242fd                _putchar
0002430c                __divul
000243ad                _unpack
0002443a                _ltoa
000244b7                _fclose
00024532                __frcmpyd
000245a8                __frcmpyd_div
0002461b                __remul
0002468d                __fixdli
000246fc                _readmsg
00024769                _fseek
000247d4                __fltlid
0002483b                _atoi
00024897                _EZDSP5535_wait
000248cb                _EZDSP5535_waitusec
000248dd                _EZDSP5535_init
000248eb                _printf
0002493b                _auto_init
00024988                __args_main
000249d3                __remli
00024a1e                __divli
00024a66                _memcpy
00024aa5                _exit
00024ae3                _c_int00
00024b17                __fixdi
00024b41                I$$UDIV
00024b41                __divu
00024b56                I$$UMOD
00024b56                __remu
00024b6b                _memccpy
00024b8e                ___isinf
00024ba8                __subd
00024bbc                I$$LMPY
00024bbc                __mpyli
00024bcf                __register_unlock
00024bd7                __register_lock
00024bdf                __nop
00024be1                __negd
00024bf1                _remove
00024bfb                _abort
00024bfc                C$$EXIT
            00020000    __CIOBUF_
            00020120    ___cinit__
            00020120    cinit
0004fe00                _Reset
ffffffff                .bss
ffffffff                .data
ffffffff                .text
ffffffff                ___binit__
ffffffff                ___bss__
ffffffff                ___c_args__
ffffffff                ___data__
ffffffff                ___edata__
ffffffff                ___end__
ffffffff                ___etext__
ffffffff                ___pinit__
ffffffff                ___text__
ffffffff                binit
ffffffff                edata
ffffffff                end
ffffffff                etext
ffffffff                pinit

[172 symbols]
