<?xml version="1.0"?>
<link_info>
   <banner>TMS320C55x Linker PC v4.4.1</banner>
   <copyright>Copyright (c) 1996-2012 Texas Instruments Incorporated</copyright>
   <link_time>0x5bea0fda</link_time>
   <output_file>simulator_template.out</output_file>
   <entry_point>
      <name>_c_int00</name>
      <address>0x24ae3</address>
   </entry_point>
   <input_file_list>
      <input_file id="fl-2">
         <path>.\</path>
         <kind>object</kind>
         <file>aic3204.obj</file>
         <name>aic3204.obj</name>
      </input_file>
      <input_file id="fl-3">
         <path>.\</path>
         <kind>object</kind>
         <file>aic3204_init.obj</file>
         <name>aic3204_init.obj</name>
      </input_file>
      <input_file id="fl-4">
         <path>.\</path>
         <kind>object</kind>
         <file>ezdsp5535_aic3204_dma.obj</file>
         <name>ezdsp5535_aic3204_dma.obj</name>
      </input_file>
      <input_file id="fl-5">
         <path>.\</path>
         <kind>object</kind>
         <file>main.obj</file>
         <name>main.obj</name>
      </input_file>
      <input_file id="fl-10">
         <path>..\lib\</path>
         <kind>archive</kind>
         <file>ezdsp5535bsl.lib</file>
         <name>ezdsp5535.obj</name>
      </input_file>
      <input_file id="fl-11">
         <path>..\c55xx_csl\lib\</path>
         <kind>archive</kind>
         <file>55xdspx_r3.lib</file>
         <name>cbrev.obj</name>
      </input_file>
      <input_file id="fl-12">
         <path>..\c55xx_csl\lib\</path>
         <kind>archive</kind>
         <file>55xdspx_r3.lib</file>
         <name>cfft_scale.obj</name>
      </input_file>
      <input_file id="fl-13">
         <path>..\c55xx_csl\lib\</path>
         <kind>archive</kind>
         <file>55xdspx_r3.lib</file>
         <name>twiddle.obj</name>
      </input_file>
      <input_file id="fl-14">
         <path>..\c55xx_csl\lib\</path>
         <kind>archive</kind>
         <file>55xdspx_r3.lib</file>
         <name>unpack.obj</name>
      </input_file>
      <input_file id="fl-28">
         <path>C:\ti\ccsv6\tools\compiler\c5500_4.4.1\lib\</path>
         <kind>archive</kind>
         <file>rts55x.lib</file>
         <name>boot.obj</name>
      </input_file>
      <input_file id="fl-29">
         <path>C:\ti\ccsv6\tools\compiler\c5500_4.4.1\lib\</path>
         <kind>archive</kind>
         <file>rts55x.lib</file>
         <name>exit.obj</name>
      </input_file>
      <input_file id="fl-2a">
         <path>C:\ti\ccsv6\tools\compiler\c5500_4.4.1\lib\</path>
         <kind>archive</kind>
         <file>rts55x.lib</file>
         <name>fclose.obj</name>
      </input_file>
      <input_file id="fl-2b">
         <path>C:\ti\ccsv6\tools\compiler\c5500_4.4.1\lib\</path>
         <kind>archive</kind>
         <file>rts55x.lib</file>
         <name>fflush.obj</name>
      </input_file>
      <input_file id="fl-2c">
         <path>C:\ti\ccsv6\tools\compiler\c5500_4.4.1\lib\</path>
         <kind>archive</kind>
         <file>rts55x.lib</file>
         <name>fopen.obj</name>
      </input_file>
      <input_file id="fl-2d">
         <path>C:\ti\ccsv6\tools\compiler\c5500_4.4.1\lib\</path>
         <kind>archive</kind>
         <file>rts55x.lib</file>
         <name>fread.obj</name>
      </input_file>
      <input_file id="fl-2e">
         <path>C:\ti\ccsv6\tools\compiler\c5500_4.4.1\lib\</path>
         <kind>archive</kind>
         <file>rts55x.lib</file>
         <name>fwrite.obj</name>
      </input_file>
      <input_file id="fl-2f">
         <path>C:\ti\ccsv6\tools\compiler\c5500_4.4.1\lib\</path>
         <kind>archive</kind>
         <file>rts55x.lib</file>
         <name>lowlev.obj</name>
      </input_file>
      <input_file id="fl-30">
         <path>C:\ti\ccsv6\tools\compiler\c5500_4.4.1\lib\</path>
         <kind>archive</kind>
         <file>rts55x.lib</file>
         <name>memcpy.obj</name>
      </input_file>
      <input_file id="fl-31">
         <path>C:\ti\ccsv6\tools\compiler\c5500_4.4.1\lib\</path>
         <kind>archive</kind>
         <file>rts55x.lib</file>
         <name>memory.obj</name>
      </input_file>
      <input_file id="fl-32">
         <path>C:\ti\ccsv6\tools\compiler\c5500_4.4.1\lib\</path>
         <kind>archive</kind>
         <file>rts55x.lib</file>
         <name>printf.obj</name>
      </input_file>
      <input_file id="fl-33">
         <path>C:\ti\ccsv6\tools\compiler\c5500_4.4.1\lib\</path>
         <kind>archive</kind>
         <file>rts55x.lib</file>
         <name>remove.obj</name>
      </input_file>
      <input_file id="fl-34">
         <path>C:\ti\ccsv6\tools\compiler\c5500_4.4.1\lib\</path>
         <kind>archive</kind>
         <file>rts55x.lib</file>
         <name>trgdrv.obj</name>
      </input_file>
      <input_file id="fl-35">
         <path>C:\ti\ccsv6\tools\compiler\c5500_4.4.1\lib\</path>
         <kind>archive</kind>
         <file>rts55x.lib</file>
         <name>trgmsg.obj</name>
      </input_file>
      <input_file id="fl-36">
         <path>C:\ti\ccsv6\tools\compiler\c5500_4.4.1\lib\</path>
         <kind>archive</kind>
         <file>rts55x.lib</file>
         <name>udiv.obj</name>
      </input_file>
      <input_file id="fl-37">
         <path>C:\ti\ccsv6\tools\compiler\c5500_4.4.1\lib\</path>
         <kind>archive</kind>
         <file>rts55x.lib</file>
         <name>vectors.obj</name>
      </input_file>
      <input_file id="fl-38">
         <path>C:\ti\ccsv6\tools\compiler\c5500_4.4.1\lib\</path>
         <kind>archive</kind>
         <file>rts55x.lib</file>
         <name>_bufread.obj</name>
      </input_file>
      <input_file id="fl-39">
         <path>C:\ti\ccsv6\tools\compiler\c5500_4.4.1\lib\</path>
         <kind>archive</kind>
         <file>rts55x.lib</file>
         <name>_io_perm.obj</name>
      </input_file>
      <input_file id="fl-3a">
         <path>C:\ti\ccsv6\tools\compiler\c5500_4.4.1\lib\</path>
         <kind>archive</kind>
         <file>rts55x.lib</file>
         <name>_lock.obj</name>
      </input_file>
      <input_file id="fl-3b">
         <path>C:\ti\ccsv6\tools\compiler\c5500_4.4.1\lib\</path>
         <kind>archive</kind>
         <file>rts55x.lib</file>
         <name>_printfi.obj</name>
      </input_file>
      <input_file id="fl-3c">
         <path>C:\ti\ccsv6\tools\compiler\c5500_4.4.1\lib\</path>
         <kind>archive</kind>
         <file>rts55x.lib</file>
         <name>args_main.obj</name>
      </input_file>
      <input_file id="fl-3d">
         <path>C:\ti\ccsv6\tools\compiler\c5500_4.4.1\lib\</path>
         <kind>archive</kind>
         <file>rts55x.lib</file>
         <name>atoi.obj</name>
      </input_file>
      <input_file id="fl-3e">
         <path>C:\ti\ccsv6\tools\compiler\c5500_4.4.1\lib\</path>
         <kind>archive</kind>
         <file>rts55x.lib</file>
         <name>autoinit.obj</name>
      </input_file>
      <input_file id="fl-3f">
         <path>C:\ti\ccsv6\tools\compiler\c5500_4.4.1\lib\</path>
         <kind>archive</kind>
         <file>rts55x.lib</file>
         <name>cmpd.obj</name>
      </input_file>
      <input_file id="fl-40">
         <path>C:\ti\ccsv6\tools\compiler\c5500_4.4.1\lib\</path>
         <kind>archive</kind>
         <file>rts55x.lib</file>
         <name>ctype.obj</name>
      </input_file>
      <input_file id="fl-41">
         <path>C:\ti\ccsv6\tools\compiler\c5500_4.4.1\lib\</path>
         <kind>archive</kind>
         <file>rts55x.lib</file>
         <name>defs.obj</name>
      </input_file>
      <input_file id="fl-42">
         <path>C:\ti\ccsv6\tools\compiler\c5500_4.4.1\lib\</path>
         <kind>archive</kind>
         <file>rts55x.lib</file>
         <name>divd.obj</name>
      </input_file>
      <input_file id="fl-43">
         <path>C:\ti\ccsv6\tools\compiler\c5500_4.4.1\lib\</path>
         <kind>archive</kind>
         <file>rts55x.lib</file>
         <name>divul.obj</name>
      </input_file>
      <input_file id="fl-44">
         <path>C:\ti\ccsv6\tools\compiler\c5500_4.4.1\lib\</path>
         <kind>archive</kind>
         <file>rts55x.lib</file>
         <name>fixdi.obj</name>
      </input_file>
      <input_file id="fl-45">
         <path>C:\ti\ccsv6\tools\compiler\c5500_4.4.1\lib\</path>
         <kind>archive</kind>
         <file>rts55x.lib</file>
         <name>fixdli.obj</name>
      </input_file>
      <input_file id="fl-46">
         <path>C:\ti\ccsv6\tools\compiler\c5500_4.4.1\lib\</path>
         <kind>archive</kind>
         <file>rts55x.lib</file>
         <name>fltlid.obj</name>
      </input_file>
      <input_file id="fl-47">
         <path>C:\ti\ccsv6\tools\compiler\c5500_4.4.1\lib\</path>
         <kind>archive</kind>
         <file>rts55x.lib</file>
         <name>fputc.obj</name>
      </input_file>
      <input_file id="fl-48">
         <path>C:\ti\ccsv6\tools\compiler\c5500_4.4.1\lib\</path>
         <kind>archive</kind>
         <file>rts55x.lib</file>
         <name>fputs.obj</name>
      </input_file>
      <input_file id="fl-49">
         <path>C:\ti\ccsv6\tools\compiler\c5500_4.4.1\lib\</path>
         <kind>archive</kind>
         <file>rts55x.lib</file>
         <name>frcmpyd_div.obj</name>
      </input_file>
      <input_file id="fl-4a">
         <path>C:\ti\ccsv6\tools\compiler\c5500_4.4.1\lib\</path>
         <kind>archive</kind>
         <file>rts55x.lib</file>
         <name>fseek.obj</name>
      </input_file>
      <input_file id="fl-4b">
         <path>C:\ti\ccsv6\tools\compiler\c5500_4.4.1\lib\</path>
         <kind>archive</kind>
         <file>rts55x.lib</file>
         <name>isinf.obj</name>
      </input_file>
      <input_file id="fl-4c">
         <path>C:\ti\ccsv6\tools\compiler\c5500_4.4.1\lib\</path>
         <kind>archive</kind>
         <file>rts55x.lib</file>
         <name>llmpy.obj</name>
      </input_file>
      <input_file id="fl-4d">
         <path>C:\ti\ccsv6\tools\compiler\c5500_4.4.1\lib\</path>
         <kind>archive</kind>
         <file>rts55x.lib</file>
         <name>lmpy.obj</name>
      </input_file>
      <input_file id="fl-4e">
         <path>C:\ti\ccsv6\tools\compiler\c5500_4.4.1\lib\</path>
         <kind>archive</kind>
         <file>rts55x.lib</file>
         <name>ltoa.obj</name>
      </input_file>
      <input_file id="fl-4f">
         <path>C:\ti\ccsv6\tools\compiler\c5500_4.4.1\lib\</path>
         <kind>archive</kind>
         <file>rts55x.lib</file>
         <name>memccpy.obj</name>
      </input_file>
      <input_file id="fl-50">
         <path>C:\ti\ccsv6\tools\compiler\c5500_4.4.1\lib\</path>
         <kind>archive</kind>
         <file>rts55x.lib</file>
         <name>mpyd.obj</name>
      </input_file>
      <input_file id="fl-51">
         <path>C:\ti\ccsv6\tools\compiler\c5500_4.4.1\lib\</path>
         <kind>archive</kind>
         <file>rts55x.lib</file>
         <name>negd.obj</name>
      </input_file>
      <input_file id="fl-52">
         <path>C:\ti\ccsv6\tools\compiler\c5500_4.4.1\lib\</path>
         <kind>archive</kind>
         <file>rts55x.lib</file>
         <name>remli.obj</name>
      </input_file>
      <input_file id="fl-53">
         <path>C:\ti\ccsv6\tools\compiler\c5500_4.4.1\lib\</path>
         <kind>archive</kind>
         <file>rts55x.lib</file>
         <name>remul.obj</name>
      </input_file>
      <input_file id="fl-54">
         <path>C:\ti\ccsv6\tools\compiler\c5500_4.4.1\lib\</path>
         <kind>archive</kind>
         <file>rts55x.lib</file>
         <name>setvbuf.obj</name>
      </input_file>
      <input_file id="fl-55">
         <path>C:\ti\ccsv6\tools\compiler\c5500_4.4.1\lib\</path>
         <kind>archive</kind>
         <file>rts55x.lib</file>
         <name>subd.obj</name>
      </input_file>
      <input_file id="fl-56">
         <path>C:\ti\ccsv6\tools\compiler\c5500_4.4.1\lib\</path>
         <kind>archive</kind>
         <file>rts55x.lib</file>
         <name>addd.obj</name>
      </input_file>
      <input_file id="fl-57">
         <path>C:\ti\ccsv6\tools\compiler\c5500_4.4.1\lib\</path>
         <kind>archive</kind>
         <file>rts55x.lib</file>
         <name>divli.obj</name>
      </input_file>
      <input_file id="fl-58">
         <path>C:\ti\ccsv6\tools\compiler\c5500_4.4.1\lib\</path>
         <kind>archive</kind>
         <file>rts55x.lib</file>
         <name>frcmpyd.obj</name>
      </input_file>
   </input_file_list>
   <object_component_list>
      <object_component id="oc-9d">
         <name>.text</name>
         <load_address>0x20000</load_address>
         <run_address>0x20000</run_address>
         <size>0x15a4</size>
         <input_file_ref idref="fl-3b"/>
      </object_component>
      <object_component id="oc-63">
         <name>.text</name>
         <load_address>0x215a4</load_address>
         <run_address>0x215a4</run_address>
         <size>0x543</size>
         <input_file_ref idref="fl-2f"/>
      </object_component>
      <object_component id="oc-7c">
         <name>.text</name>
         <load_address>0x21ae7</load_address>
         <run_address>0x21ae7</run_address>
         <size>0x528</size>
         <input_file_ref idref="fl-34"/>
      </object_component>
      <object_component id="oc-6d">
         <name>.text</name>
         <load_address>0x2200f</load_address>
         <run_address>0x2200f</run_address>
         <size>0x4b5</size>
         <input_file_ref idref="fl-31"/>
      </object_component>
      <object_component id="oc-b9">
         <name>.text</name>
         <load_address>0x224c4</load_address>
         <run_address>0x224c4</run_address>
         <size>0x3cc</size>
         <input_file_ref idref="fl-42"/>
      </object_component>
      <object_component id="oc-55">
         <name>.text</name>
         <load_address>0x22890</load_address>
         <run_address>0x22890</run_address>
         <size>0x27f</size>
         <input_file_ref idref="fl-2c"/>
      </object_component>
      <object_component id="oc-e3">
         <name>.text</name>
         <load_address>0x22b0f</load_address>
         <run_address>0x22b0f</run_address>
         <size>0x25e</size>
         <input_file_ref idref="fl-4c"/>
      </object_component>
      <object_component id="oc-10b">
         <name>.text</name>
         <load_address>0x22d6d</load_address>
         <run_address>0x22d6d</run_address>
         <size>0x25a</size>
         <input_file_ref idref="fl-56"/>
      </object_component>
      <object_component id="oc-5f">
         <name>.text</name>
         <load_address>0x22fc7</load_address>
         <run_address>0x22fc7</run_address>
         <size>0x1ee</size>
         <input_file_ref idref="fl-2e"/>
      </object_component>
      <object_component id="oc-af">
         <name>.text</name>
         <load_address>0x231b5</load_address>
         <run_address>0x231b5</run_address>
         <size>0x1ea</size>
         <input_file_ref idref="fl-3f"/>
      </object_component>
      <object_component id="oc-39">
         <name>.text</name>
         <load_address>0x2339f</load_address>
         <run_address>0x2339f</run_address>
         <size>0x1d3</size>
         <input_file_ref idref="fl-12"/>
      </object_component>
      <object_component id="oc-d2">
         <name>.text</name>
         <load_address>0x23572</load_address>
         <run_address>0x23572</run_address>
         <size>0x163</size>
         <input_file_ref idref="fl-48"/>
      </object_component>
      <object_component id="oc-22">
         <name>.text</name>
         <load_address>0x236d5</load_address>
         <run_address>0x236d5</run_address>
         <size>0x152</size>
         <input_file_ref idref="fl-4"/>
      </object_component>
      <object_component id="oc-f3">
         <name>.text</name>
         <load_address>0x23827</load_address>
         <run_address>0x23827</run_address>
         <size>0x14c</size>
         <input_file_ref idref="fl-50"/>
      </object_component>
      <object_component id="oc-28">
         <name>.text</name>
         <load_address>0x23973</load_address>
         <run_address>0x23973</run_address>
         <size>0x139</size>
         <input_file_ref idref="fl-5"/>
      </object_component>
      <object_component id="oc-5b">
         <name>.text</name>
         <load_address>0x23aac</load_address>
         <run_address>0x23aac</run_address>
         <size>0x10f</size>
         <input_file_ref idref="fl-2d"/>
      </object_component>
      <object_component id="oc-1a">
         <name>.text</name>
         <load_address>0x23bbb</load_address>
         <run_address>0x23bbb</run_address>
         <size>0xf6</size>
         <input_file_ref idref="fl-3"/>
      </object_component>
      <object_component id="oc-13">
         <name>.text</name>
         <load_address>0x23cb1</load_address>
         <run_address>0x23cb1</run_address>
         <size>0xf2</size>
         <input_file_ref idref="fl-2"/>
      </object_component>
      <object_component id="oc-103">
         <name>.text</name>
         <load_address>0x23da3</load_address>
         <run_address>0x23da3</run_address>
         <size>0xe6</size>
         <input_file_ref idref="fl-54"/>
      </object_component>
      <object_component id="oc-93">
         <name>.text</name>
         <load_address>0x23e89</load_address>
         <run_address>0x23e89</run_address>
         <size>0xdd</size>
         <input_file_ref idref="fl-39"/>
      </object_component>
      <object_component id="oc-35">
         <name>.text</name>
         <load_address>0x23f66</load_address>
         <run_address>0x23f66</run_address>
         <size>0xd6</size>
         <input_file_ref idref="fl-11"/>
      </object_component>
      <object_component id="oc-51">
         <name>.text</name>
         <load_address>0x2403c</load_address>
         <run_address>0x2403c</run_address>
         <size>0xc2</size>
         <input_file_ref idref="fl-2b"/>
      </object_component>
      <object_component id="oc-84">
         <name>.text:CIO_breakpoint</name>
         <load_address>0x240fe</load_address>
         <run_address>0x240fe</run_address>
         <size>0xba</size>
         <input_file_ref idref="fl-35"/>
      </object_component>
      <object_component id="oc-8f">
         <name>.text</name>
         <load_address>0x241b8</load_address>
         <run_address>0x241b8</run_address>
         <size>0xae</size>
         <input_file_ref idref="fl-38"/>
      </object_component>
      <object_component id="oc-ce">
         <name>.text</name>
         <load_address>0x24266</load_address>
         <run_address>0x24266</run_address>
         <size>0xa6</size>
         <input_file_ref idref="fl-47"/>
      </object_component>
      <object_component id="oc-bd">
         <name>.text</name>
         <load_address>0x2430c</load_address>
         <run_address>0x2430c</run_address>
         <size>0xa1</size>
         <input_file_ref idref="fl-43"/>
      </object_component>
      <object_component id="oc-3e">
         <name>.text</name>
         <load_address>0x243ad</load_address>
         <run_address>0x243ad</run_address>
         <size>0x8d</size>
         <input_file_ref idref="fl-14"/>
      </object_component>
      <object_component id="oc-eb">
         <name>.text</name>
         <load_address>0x2443a</load_address>
         <run_address>0x2443a</run_address>
         <size>0x7d</size>
         <input_file_ref idref="fl-4e"/>
      </object_component>
      <object_component id="oc-4d">
         <name>.text</name>
         <load_address>0x244b7</load_address>
         <run_address>0x244b7</run_address>
         <size>0x7b</size>
         <input_file_ref idref="fl-2a"/>
      </object_component>
      <object_component id="oc-113">
         <name>.text</name>
         <load_address>0x24532</load_address>
         <run_address>0x24532</run_address>
         <size>0x76</size>
         <input_file_ref idref="fl-58"/>
      </object_component>
      <object_component id="oc-d7">
         <name>.text</name>
         <load_address>0x245a8</load_address>
         <run_address>0x245a8</run_address>
         <size>0x73</size>
         <input_file_ref idref="fl-49"/>
      </object_component>
      <object_component id="oc-ff">
         <name>.text</name>
         <load_address>0x2461b</load_address>
         <run_address>0x2461b</run_address>
         <size>0x72</size>
         <input_file_ref idref="fl-53"/>
      </object_component>
      <object_component id="oc-c5">
         <name>.text</name>
         <load_address>0x2468d</load_address>
         <run_address>0x2468d</run_address>
         <size>0x6f</size>
         <input_file_ref idref="fl-45"/>
      </object_component>
      <object_component id="oc-81">
         <name>.text</name>
         <load_address>0x246fc</load_address>
         <run_address>0x246fc</run_address>
         <size>0x6d</size>
         <input_file_ref idref="fl-35"/>
      </object_component>
      <object_component id="oc-db">
         <name>.text</name>
         <load_address>0x24769</load_address>
         <run_address>0x24769</run_address>
         <size>0x6b</size>
         <input_file_ref idref="fl-4a"/>
      </object_component>
      <object_component id="oc-c9">
         <name>.text</name>
         <load_address>0x247d4</load_address>
         <run_address>0x247d4</run_address>
         <size>0x67</size>
         <input_file_ref idref="fl-46"/>
      </object_component>
      <object_component id="oc-a7">
         <name>.text</name>
         <load_address>0x2483b</load_address>
         <run_address>0x2483b</run_address>
         <size>0x5c</size>
         <input_file_ref idref="fl-3d"/>
      </object_component>
      <object_component id="oc-30">
         <name>.text</name>
         <load_address>0x24897</load_address>
         <run_address>0x24897</run_address>
         <size>0x54</size>
         <input_file_ref idref="fl-10"/>
      </object_component>
      <object_component id="oc-74">
         <name>.text</name>
         <load_address>0x248eb</load_address>
         <run_address>0x248eb</run_address>
         <size>0x50</size>
         <input_file_ref idref="fl-32"/>
      </object_component>
      <object_component id="oc-ab">
         <name>.text</name>
         <load_address>0x2493b</load_address>
         <run_address>0x2493b</run_address>
         <size>0x4d</size>
         <input_file_ref idref="fl-3e"/>
      </object_component>
      <object_component id="oc-a3">
         <name>.text</name>
         <load_address>0x24988</load_address>
         <run_address>0x24988</run_address>
         <size>0x4b</size>
         <input_file_ref idref="fl-3c"/>
      </object_component>
      <object_component id="oc-fb">
         <name>.text</name>
         <load_address>0x249d3</load_address>
         <run_address>0x249d3</run_address>
         <size>0x4b</size>
         <input_file_ref idref="fl-52"/>
      </object_component>
      <object_component id="oc-10f">
         <name>.text</name>
         <load_address>0x24a1e</load_address>
         <run_address>0x24a1e</run_address>
         <size>0x48</size>
         <input_file_ref idref="fl-57"/>
      </object_component>
      <object_component id="oc-69">
         <name>.text</name>
         <load_address>0x24a66</load_address>
         <run_address>0x24a66</run_address>
         <size>0x3f</size>
         <input_file_ref idref="fl-30"/>
      </object_component>
      <object_component id="oc-46">
         <name>.text</name>
         <load_address>0x24aa5</load_address>
         <run_address>0x24aa5</run_address>
         <size>0x3e</size>
         <input_file_ref idref="fl-29"/>
      </object_component>
      <object_component id="oc-11">
         <name>.text</name>
         <load_address>0x24ae3</load_address>
         <run_address>0x24ae3</run_address>
         <size>0x34</size>
         <input_file_ref idref="fl-28"/>
      </object_component>
      <object_component id="oc-c1">
         <name>.text</name>
         <load_address>0x24b17</load_address>
         <run_address>0x24b17</run_address>
         <size>0x2a</size>
         <input_file_ref idref="fl-44"/>
      </object_component>
      <object_component id="oc-87">
         <name>.text</name>
         <load_address>0x24b41</load_address>
         <run_address>0x24b41</run_address>
         <size>0x2a</size>
         <input_file_ref idref="fl-36"/>
      </object_component>
      <object_component id="oc-ef">
         <name>.text</name>
         <load_address>0x24b6b</load_address>
         <run_address>0x24b6b</run_address>
         <size>0x23</size>
         <input_file_ref idref="fl-4f"/>
      </object_component>
      <object_component id="oc-df">
         <name>.text</name>
         <load_address>0x24b8e</load_address>
         <run_address>0x24b8e</run_address>
         <size>0x1a</size>
         <input_file_ref idref="fl-4b"/>
      </object_component>
      <object_component id="oc-107">
         <name>.text</name>
         <load_address>0x24ba8</load_address>
         <run_address>0x24ba8</run_address>
         <size>0x14</size>
         <input_file_ref idref="fl-55"/>
      </object_component>
      <object_component id="oc-e7">
         <name>.text</name>
         <load_address>0x24bbc</load_address>
         <run_address>0x24bbc</run_address>
         <size>0x13</size>
         <input_file_ref idref="fl-4d"/>
      </object_component>
      <object_component id="oc-97">
         <name>.text</name>
         <load_address>0x24bcf</load_address>
         <run_address>0x24bcf</run_address>
         <size>0x12</size>
         <input_file_ref idref="fl-3a"/>
      </object_component>
      <object_component id="oc-f7">
         <name>.text</name>
         <load_address>0x24be1</load_address>
         <run_address>0x24be1</run_address>
         <size>0x10</size>
         <input_file_ref idref="fl-51"/>
      </object_component>
      <object_component id="oc-78">
         <name>.text</name>
         <load_address>0x24bf1</load_address>
         <run_address>0x24bf1</run_address>
         <size>0xa</size>
         <input_file_ref idref="fl-33"/>
      </object_component>
      <object_component id="oc-4a">
         <name>.text:CIO_breakpoint</name>
         <load_address>0x24bfb</load_address>
         <run_address>0x24bfb</run_address>
         <size>0x7</size>
         <input_file_ref idref="fl-29"/>
      </object_component>
      <object_component id="oc-8b">
         <name>.text</name>
         <load_address>0x24c02</load_address>
         <run_address>0x24c02</run_address>
         <size>0x2</size>
         <input_file_ref idref="fl-37"/>
      </object_component>
      <object_component id="oc-42">
         <name>.stack</name>
         <uninitialized>true</uninitialized>
         <run_address>0xc0</run_address>
         <size>0x0</size>
         <input_file_ref idref="fl-28"/>
      </object_component>
      <object_component id="oc-132">
         <name>.stack</name>
         <uninitialized>true</uninitialized>
         <run_address>0xc0</run_address>
         <size>0x0</size>
      </object_component>
      <object_component id="oc-117">
         <name>.sysstack</name>
         <uninitialized>true</uninitialized>
         <run_address>0x20c0</run_address>
         <size>0x0</size>
         <input_file_ref idref="fl-28"/>
      </object_component>
      <object_component id="oc-134">
         <name>.sysstack</name>
         <uninitialized>true</uninitialized>
         <run_address>0x20c0</run_address>
         <size>0x0</size>
      </object_component>
      <object_component id="oc-23">
         <name>.bss</name>
         <uninitialized>true</uninitialized>
         <run_address>0x50c0</run_address>
         <size>0x800</size>
         <input_file_ref idref="fl-4"/>
      </object_component>
      <object_component id="oc-29">
         <name>.bss</name>
         <uninitialized>true</uninitialized>
         <run_address>0x58c0</run_address>
         <size>0x608</size>
         <input_file_ref idref="fl-5"/>
      </object_component>
      <object_component id="oc-b5">
         <name>.bss</name>
         <uninitialized>true</uninitialized>
         <run_address>0x5ec8</run_address>
         <size>0x232</size>
         <input_file_ref idref="fl-41"/>
      </object_component>
      <object_component id="oc-7d">
         <name>.bss</name>
         <uninitialized>true</uninitialized>
         <run_address>0x60fa</run_address>
         <size>0x1a0</size>
         <input_file_ref idref="fl-34"/>
      </object_component>
      <object_component id="oc-56">
         <name>.bss</name>
         <uninitialized>true</uninitialized>
         <run_address>0x629a</run_address>
         <size>0x2</size>
         <input_file_ref idref="fl-2c"/>
      </object_component>
      <object_component id="oc-64">
         <name>.bss</name>
         <uninitialized>true</uninitialized>
         <run_address>0x629c</run_address>
         <size>0xe2</size>
         <input_file_ref idref="fl-2f"/>
      </object_component>
      <object_component id="oc-6e">
         <name>.bss</name>
         <uninitialized>true</uninitialized>
         <run_address>0x6380</run_address>
         <size>0xc</size>
         <input_file_ref idref="fl-31"/>
      </object_component>
      <object_component id="oc-14">
         <name>.bss</name>
         <uninitialized>true</uninitialized>
         <run_address>0x638c</run_address>
         <size>0xa</size>
         <input_file_ref idref="fl-2"/>
      </object_component>
      <object_component id="oc-1b">
         <name>.bss</name>
         <uninitialized>true</uninitialized>
         <run_address>0x6398</run_address>
         <size>0x8</size>
         <input_file_ref idref="fl-3"/>
      </object_component>
      <object_component id="oc-98">
         <name>.bss</name>
         <uninitialized>true</uninitialized>
         <run_address>0x63a0</run_address>
         <size>0x8</size>
         <input_file_ref idref="fl-3a"/>
      </object_component>
      <object_component id="oc-47">
         <name>.bss</name>
         <uninitialized>true</uninitialized>
         <run_address>0x63a8</run_address>
         <size>0x8</size>
         <input_file_ref idref="fl-29"/>
      </object_component>
      <object_component id="oc-3d">
         <name>.const:twiddle</name>
         <load_address>0x6400</load_address>
         <run_address>0x6400</run_address>
         <size>0x800</size>
         <input_file_ref idref="fl-13"/>
      </object_component>
      <object_component id="oc-118">
         <name>.const:__ctypes_</name>
         <load_address>0x6c00</load_address>
         <run_address>0x6c00</run_address>
         <size>0x202</size>
         <input_file_ref idref="fl-40"/>
      </object_component>
      <object_component id="oc-1e">
         <name>.const:.string</name>
         <load_address>0x6e04</load_address>
         <run_address>0x6e04</run_address>
         <size>0x12e</size>
         <input_file_ref idref="fl-3"/>
      </object_component>
      <object_component id="oc-2c">
         <name>.const:.string</name>
         <load_address>0x6f34</load_address>
         <run_address>0x6f34</run_address>
         <size>0xb2</size>
         <input_file_ref idref="fl-5"/>
      </object_component>
      <object_component id="oc-a0">
         <name>.const:.string</name>
         <load_address>0x6fe8</load_address>
         <run_address>0x6fe8</run_address>
         <size>0x48</size>
         <input_file_ref idref="fl-3b"/>
      </object_component>
      <object_component id="oc-9f">
         <name>.const</name>
         <load_address>0x7030</load_address>
         <run_address>0x7030</run_address>
         <size>0x18</size>
         <input_file_ref idref="fl-3b"/>
      </object_component>
      <object_component id="oc-119">
         <name>.const:_initial_approx$1</name>
         <load_address>0x7048</load_address>
         <run_address>0x7048</run_address>
         <size>0x10</size>
         <input_file_ref idref="fl-42"/>
      </object_component>
      <object_component id="oc-d4">
         <name>.const:.string</name>
         <load_address>0x7058</load_address>
         <run_address>0x7058</run_address>
         <size>0x4</size>
         <input_file_ref idref="fl-48"/>
      </object_component>
      <object_component id="oc-cb">
         <name>.const</name>
         <load_address>0x705c</load_address>
         <run_address>0x705c</run_address>
         <size>0x4</size>
         <input_file_ref idref="fl-46"/>
      </object_component>
      <object_component id="oc-71">
         <name>.sysmem</name>
         <uninitialized>true</uninitialized>
         <run_address>0x30c0</run_address>
         <size>0x0</size>
         <input_file_ref idref="fl-31"/>
      </object_component>
      <object_component id="oc-133">
         <name>.sysmem</name>
         <uninitialized>true</uninitialized>
         <run_address>0x30c0</run_address>
         <size>0x0</size>
      </object_component>
      <object_component id="oc-2b">
         <name>.cinit</name>
         <load_address>0x40240</load_address>
         <run_address>0x40240</run_address>
         <size>0x106</size>
         <input_file_ref idref="fl-5"/>
      </object_component>
      <object_component id="oc-66">
         <name>.cinit</name>
         <load_address>0x40346</load_address>
         <run_address>0x40346</run_address>
         <size>0x5a</size>
         <input_file_ref idref="fl-2f"/>
      </object_component>
      <object_component id="oc-b7">
         <name>.cinit</name>
         <load_address>0x403a0</load_address>
         <run_address>0x403a0</run_address>
         <size>0x54</size>
         <input_file_ref idref="fl-41"/>
      </object_component>
      <object_component id="oc-1d">
         <name>.cinit</name>
         <load_address>0x403f4</load_address>
         <run_address>0x403f4</run_address>
         <size>0x14</size>
         <input_file_ref idref="fl-3"/>
      </object_component>
      <object_component id="oc-9a">
         <name>.cinit</name>
         <load_address>0x40408</load_address>
         <run_address>0x40408</run_address>
         <size>0x14</size>
         <input_file_ref idref="fl-3a"/>
      </object_component>
      <object_component id="oc-49">
         <name>.cinit</name>
         <load_address>0x4041c</load_address>
         <run_address>0x4041c</run_address>
         <size>0x14</size>
         <input_file_ref idref="fl-29"/>
      </object_component>
      <object_component id="oc-16">
         <name>.cinit</name>
         <load_address>0x40430</load_address>
         <run_address>0x40430</run_address>
         <size>0x8</size>
         <input_file_ref idref="fl-2"/>
      </object_component>
      <object_component id="oc-58">
         <name>.cinit</name>
         <load_address>0x40438</load_address>
         <run_address>0x40438</run_address>
         <size>0x8</size>
         <input_file_ref idref="fl-2c"/>
      </object_component>
      <object_component id="oc-70">
         <name>.cinit</name>
         <load_address>0x40440</load_address>
         <run_address>0x40440</run_address>
         <size>0x8</size>
         <input_file_ref idref="fl-31"/>
      </object_component>
      <object_component id="oc-83">
         <name>.cio</name>
         <uninitialized>true</uninitialized>
         <run_address>0x40000</run_address>
         <size>0x240</size>
         <input_file_ref idref="fl-35"/>
      </object_component>
      <object_component id="oc-12">
         <name>vectors</name>
         <load_address>0x4fe00</load_address>
         <run_address>0x4fe00</run_address>
         <size>0x100</size>
         <input_file_ref idref="fl-37"/>
      </object_component>
      <object_component id="oc-15">
         <name>.debug_info</name>
         <load_address>0x0</load_address>
         <run_address>0x0</run_address>
         <size>0x92d</size>
         <input_file_ref idref="fl-2"/>
      </object_component>
      <object_component id="oc-1c">
         <name>.debug_info</name>
         <load_address>0x92d</load_address>
         <run_address>0x92d</run_address>
         <size>0x93f</size>
         <input_file_ref idref="fl-3"/>
      </object_component>
      <object_component id="oc-24">
         <name>.debug_info</name>
         <load_address>0x126c</load_address>
         <run_address>0x126c</run_address>
         <size>0x9f1</size>
         <input_file_ref idref="fl-4"/>
      </object_component>
      <object_component id="oc-2a">
         <name>.debug_info</name>
         <load_address>0x1c5d</load_address>
         <run_address>0x1c5d</run_address>
         <size>0xb79</size>
         <input_file_ref idref="fl-5"/>
      </object_component>
      <object_component id="oc-31">
         <name>.debug_info</name>
         <load_address>0x27d6</load_address>
         <run_address>0x27d6</run_address>
         <size>0x5896</size>
         <input_file_ref idref="fl-10"/>
      </object_component>
      <object_component id="oc-36">
         <name>.debug_info</name>
         <load_address>0x806c</load_address>
         <run_address>0x806c</run_address>
         <size>0xcf</size>
         <input_file_ref idref="fl-11"/>
      </object_component>
      <object_component id="oc-3a">
         <name>.debug_info</name>
         <load_address>0x813b</load_address>
         <run_address>0x813b</run_address>
         <size>0xda</size>
         <input_file_ref idref="fl-12"/>
      </object_component>
      <object_component id="oc-3f">
         <name>.debug_info</name>
         <load_address>0x8215</load_address>
         <run_address>0x8215</run_address>
         <size>0xd1</size>
         <input_file_ref idref="fl-14"/>
      </object_component>
      <object_component id="oc-43">
         <name>.debug_info</name>
         <load_address>0x82e6</load_address>
         <run_address>0x82e6</run_address>
         <size>0xe8</size>
         <input_file_ref idref="fl-28"/>
      </object_component>
      <object_component id="oc-48">
         <name>.debug_info</name>
         <load_address>0x83ce</load_address>
         <run_address>0x83ce</run_address>
         <size>0x5fb</size>
         <input_file_ref idref="fl-29"/>
      </object_component>
      <object_component id="oc-4e">
         <name>.debug_info</name>
         <load_address>0x89c9</load_address>
         <run_address>0x89c9</run_address>
         <size>0x64f</size>
         <input_file_ref idref="fl-2a"/>
      </object_component>
      <object_component id="oc-52">
         <name>.debug_info</name>
         <load_address>0x9018</load_address>
         <run_address>0x9018</run_address>
         <size>0x706</size>
         <input_file_ref idref="fl-2b"/>
      </object_component>
      <object_component id="oc-57">
         <name>.debug_info</name>
         <load_address>0x971e</load_address>
         <run_address>0x971e</run_address>
         <size>0xa1c</size>
         <input_file_ref idref="fl-2c"/>
      </object_component>
      <object_component id="oc-5c">
         <name>.debug_info</name>
         <load_address>0xa13a</load_address>
         <run_address>0xa13a</run_address>
         <size>0x762</size>
         <input_file_ref idref="fl-2d"/>
      </object_component>
      <object_component id="oc-60">
         <name>.debug_info</name>
         <load_address>0xa89c</load_address>
         <run_address>0xa89c</run_address>
         <size>0x8f7</size>
         <input_file_ref idref="fl-2e"/>
      </object_component>
      <object_component id="oc-65">
         <name>.debug_info</name>
         <load_address>0xb193</load_address>
         <run_address>0xb193</run_address>
         <size>0x144b</size>
         <input_file_ref idref="fl-2f"/>
      </object_component>
      <object_component id="oc-6a">
         <name>.debug_info</name>
         <load_address>0xc5de</load_address>
         <run_address>0xc5de</run_address>
         <size>0xd1</size>
         <input_file_ref idref="fl-30"/>
      </object_component>
      <object_component id="oc-6f">
         <name>.debug_info</name>
         <load_address>0xc6af</load_address>
         <run_address>0xc6af</run_address>
         <size>0xb97</size>
         <input_file_ref idref="fl-31"/>
      </object_component>
      <object_component id="oc-75">
         <name>.debug_info</name>
         <load_address>0xd246</load_address>
         <run_address>0xd246</run_address>
         <size>0x76c</size>
         <input_file_ref idref="fl-32"/>
      </object_component>
      <object_component id="oc-79">
         <name>.debug_info</name>
         <load_address>0xd9b2</load_address>
         <run_address>0xd9b2</run_address>
         <size>0x510</size>
         <input_file_ref idref="fl-33"/>
      </object_component>
      <object_component id="oc-7e">
         <name>.debug_info</name>
         <load_address>0xdec2</load_address>
         <run_address>0xdec2</run_address>
         <size>0xed4</size>
         <input_file_ref idref="fl-34"/>
      </object_component>
      <object_component id="oc-82">
         <name>.debug_info</name>
         <load_address>0xed96</load_address>
         <run_address>0xed96</run_address>
         <size>0x744</size>
         <input_file_ref idref="fl-35"/>
      </object_component>
      <object_component id="oc-88">
         <name>.debug_info</name>
         <load_address>0xf4da</load_address>
         <run_address>0xf4da</run_address>
         <size>0xef</size>
         <input_file_ref idref="fl-36"/>
      </object_component>
      <object_component id="oc-8c">
         <name>.debug_info</name>
         <load_address>0xf5c9</load_address>
         <run_address>0xf5c9</run_address>
         <size>0xbc</size>
         <input_file_ref idref="fl-37"/>
      </object_component>
      <object_component id="oc-90">
         <name>.debug_info</name>
         <load_address>0xf685</load_address>
         <run_address>0xf685</run_address>
         <size>0x6b8</size>
         <input_file_ref idref="fl-38"/>
      </object_component>
      <object_component id="oc-94">
         <name>.debug_info</name>
         <load_address>0xfd3d</load_address>
         <run_address>0xfd3d</run_address>
         <size>0x662</size>
         <input_file_ref idref="fl-39"/>
      </object_component>
      <object_component id="oc-99">
         <name>.debug_info</name>
         <load_address>0x1039f</load_address>
         <run_address>0x1039f</run_address>
         <size>0x5bc</size>
         <input_file_ref idref="fl-3a"/>
      </object_component>
      <object_component id="oc-9e">
         <name>.debug_info</name>
         <load_address>0x1095b</load_address>
         <run_address>0x1095b</run_address>
         <size>0x27bd</size>
         <input_file_ref idref="fl-3b"/>
      </object_component>
      <object_component id="oc-a4">
         <name>.debug_info</name>
         <load_address>0x13118</load_address>
         <run_address>0x13118</run_address>
         <size>0x586</size>
         <input_file_ref idref="fl-3c"/>
      </object_component>
      <object_component id="oc-a8">
         <name>.debug_info</name>
         <load_address>0x1369e</load_address>
         <run_address>0x1369e</run_address>
         <size>0x5a4</size>
         <input_file_ref idref="fl-3d"/>
      </object_component>
      <object_component id="oc-ac">
         <name>.debug_info</name>
         <load_address>0x13c42</load_address>
         <run_address>0x13c42</run_address>
         <size>0xcd</size>
         <input_file_ref idref="fl-3e"/>
      </object_component>
      <object_component id="oc-b0">
         <name>.debug_info</name>
         <load_address>0x13d0f</load_address>
         <run_address>0x13d0f</run_address>
         <size>0x81f</size>
         <input_file_ref idref="fl-3f"/>
      </object_component>
      <object_component id="oc-b3">
         <name>.debug_info</name>
         <load_address>0x1452e</load_address>
         <run_address>0x1452e</run_address>
         <size>0x498</size>
         <input_file_ref idref="fl-40"/>
      </object_component>
      <object_component id="oc-b6">
         <name>.debug_info</name>
         <load_address>0x149c6</load_address>
         <run_address>0x149c6</run_address>
         <size>0x57e</size>
         <input_file_ref idref="fl-41"/>
      </object_component>
      <object_component id="oc-ba">
         <name>.debug_info</name>
         <load_address>0x14f44</load_address>
         <run_address>0x14f44</run_address>
         <size>0x7e8</size>
         <input_file_ref idref="fl-42"/>
      </object_component>
      <object_component id="oc-be">
         <name>.debug_info</name>
         <load_address>0x1572c</load_address>
         <run_address>0x1572c</run_address>
         <size>0x534</size>
         <input_file_ref idref="fl-43"/>
      </object_component>
      <object_component id="oc-c2">
         <name>.debug_info</name>
         <load_address>0x15c60</load_address>
         <run_address>0x15c60</run_address>
         <size>0x4cf</size>
         <input_file_ref idref="fl-44"/>
      </object_component>
      <object_component id="oc-c6">
         <name>.debug_info</name>
         <load_address>0x1612f</load_address>
         <run_address>0x1612f</run_address>
         <size>0x534</size>
         <input_file_ref idref="fl-45"/>
      </object_component>
      <object_component id="oc-ca">
         <name>.debug_info</name>
         <load_address>0x16663</load_address>
         <run_address>0x16663</run_address>
         <size>0x549</size>
         <input_file_ref idref="fl-46"/>
      </object_component>
      <object_component id="oc-cf">
         <name>.debug_info</name>
         <load_address>0x16bac</load_address>
         <run_address>0x16bac</run_address>
         <size>0x6aa</size>
         <input_file_ref idref="fl-47"/>
      </object_component>
      <object_component id="oc-d3">
         <name>.debug_info</name>
         <load_address>0x17256</load_address>
         <run_address>0x17256</run_address>
         <size>0x942</size>
         <input_file_ref idref="fl-48"/>
      </object_component>
      <object_component id="oc-d8">
         <name>.debug_info</name>
         <load_address>0x17b98</load_address>
         <run_address>0x17b98</run_address>
         <size>0x53e</size>
         <input_file_ref idref="fl-49"/>
      </object_component>
      <object_component id="oc-dc">
         <name>.debug_info</name>
         <load_address>0x180d6</load_address>
         <run_address>0x180d6</run_address>
         <size>0x5f7</size>
         <input_file_ref idref="fl-4a"/>
      </object_component>
      <object_component id="oc-e0">
         <name>.debug_info</name>
         <load_address>0x186cd</load_address>
         <run_address>0x186cd</run_address>
         <size>0x680</size>
         <input_file_ref idref="fl-4b"/>
      </object_component>
      <object_component id="oc-e4">
         <name>.debug_info</name>
         <load_address>0x18d4d</load_address>
         <run_address>0x18d4d</run_address>
         <size>0x7d4</size>
         <input_file_ref idref="fl-4c"/>
      </object_component>
      <object_component id="oc-e8">
         <name>.debug_info</name>
         <load_address>0x19521</load_address>
         <run_address>0x19521</run_address>
         <size>0xbd</size>
         <input_file_ref idref="fl-4d"/>
      </object_component>
      <object_component id="oc-ec">
         <name>.debug_info</name>
         <load_address>0x195de</load_address>
         <run_address>0x195de</run_address>
         <size>0x5ad</size>
         <input_file_ref idref="fl-4e"/>
      </object_component>
      <object_component id="oc-f0">
         <name>.debug_info</name>
         <load_address>0x19b8b</load_address>
         <run_address>0x19b8b</run_address>
         <size>0x574</size>
         <input_file_ref idref="fl-4f"/>
      </object_component>
      <object_component id="oc-f4">
         <name>.debug_info</name>
         <load_address>0x1a0ff</load_address>
         <run_address>0x1a0ff</run_address>
         <size>0x55b</size>
         <input_file_ref idref="fl-50"/>
      </object_component>
      <object_component id="oc-f8">
         <name>.debug_info</name>
         <load_address>0x1a65a</load_address>
         <run_address>0x1a65a</run_address>
         <size>0x4b7</size>
         <input_file_ref idref="fl-51"/>
      </object_component>
      <object_component id="oc-fc">
         <name>.debug_info</name>
         <load_address>0x1ab11</load_address>
         <run_address>0x1ab11</run_address>
         <size>0x4f2</size>
         <input_file_ref idref="fl-52"/>
      </object_component>
      <object_component id="oc-100">
         <name>.debug_info</name>
         <load_address>0x1b003</load_address>
         <run_address>0x1b003</run_address>
         <size>0x534</size>
         <input_file_ref idref="fl-53"/>
      </object_component>
      <object_component id="oc-104">
         <name>.debug_info</name>
         <load_address>0x1b537</load_address>
         <run_address>0x1b537</run_address>
         <size>0x64a</size>
         <input_file_ref idref="fl-54"/>
      </object_component>
      <object_component id="oc-108">
         <name>.debug_info</name>
         <load_address>0x1bb81</load_address>
         <run_address>0x1bb81</run_address>
         <size>0x4de</size>
         <input_file_ref idref="fl-55"/>
      </object_component>
      <object_component id="oc-10c">
         <name>.debug_info</name>
         <load_address>0x1c05f</load_address>
         <run_address>0x1c05f</run_address>
         <size>0x5ab</size>
         <input_file_ref idref="fl-56"/>
      </object_component>
      <object_component id="oc-110">
         <name>.debug_info</name>
         <load_address>0x1c60a</load_address>
         <run_address>0x1c60a</run_address>
         <size>0x4f2</size>
         <input_file_ref idref="fl-57"/>
      </object_component>
      <object_component id="oc-114">
         <name>.debug_info</name>
         <load_address>0x1cafc</load_address>
         <run_address>0x1cafc</run_address>
         <size>0x4d2</size>
         <input_file_ref idref="fl-58"/>
      </object_component>
      <object_component id="oc-13e">
         <name>.debug_info</name>
         <load_address>0x1cfce</load_address>
         <run_address>0x1cfce</run_address>
         <size>0x6e</size>
      </object_component>
      <object_component id="oc-17">
         <name>.debug_frame</name>
         <load_address>0x0</load_address>
         <run_address>0x0</run_address>
         <size>0x132</size>
         <input_file_ref idref="fl-2"/>
      </object_component>
      <object_component id="oc-1f">
         <name>.debug_frame</name>
         <load_address>0x132</load_address>
         <run_address>0x132</run_address>
         <size>0x139</size>
         <input_file_ref idref="fl-3"/>
      </object_component>
      <object_component id="oc-25">
         <name>.debug_frame</name>
         <load_address>0x26b</load_address>
         <run_address>0x26b</run_address>
         <size>0x118</size>
         <input_file_ref idref="fl-4"/>
      </object_component>
      <object_component id="oc-2d">
         <name>.debug_frame</name>
         <load_address>0x383</load_address>
         <run_address>0x383</run_address>
         <size>0xec</size>
         <input_file_ref idref="fl-5"/>
      </object_component>
      <object_component id="oc-32">
         <name>.debug_frame</name>
         <load_address>0x46f</load_address>
         <run_address>0x46f</run_address>
         <size>0x116</size>
         <input_file_ref idref="fl-10"/>
      </object_component>
      <object_component id="oc-18">
         <name>.debug_line</name>
         <load_address>0x0</load_address>
         <run_address>0x0</run_address>
         <size>0xac</size>
         <input_file_ref idref="fl-2"/>
      </object_component>
      <object_component id="oc-20">
         <name>.debug_line</name>
         <load_address>0xac</load_address>
         <run_address>0xac</run_address>
         <size>0xb8</size>
         <input_file_ref idref="fl-3"/>
      </object_component>
      <object_component id="oc-26">
         <name>.debug_line</name>
         <load_address>0x164</load_address>
         <run_address>0x164</run_address>
         <size>0xbe</size>
         <input_file_ref idref="fl-4"/>
      </object_component>
      <object_component id="oc-2e">
         <name>.debug_line</name>
         <load_address>0x222</load_address>
         <run_address>0x222</run_address>
         <size>0x8f</size>
         <input_file_ref idref="fl-5"/>
      </object_component>
      <object_component id="oc-33">
         <name>.debug_line</name>
         <load_address>0x2b1</load_address>
         <run_address>0x2b1</run_address>
         <size>0x59c</size>
         <input_file_ref idref="fl-10"/>
      </object_component>
      <object_component id="oc-37">
         <name>.debug_line</name>
         <load_address>0x84d</load_address>
         <run_address>0x84d</run_address>
         <size>0x83</size>
         <input_file_ref idref="fl-11"/>
      </object_component>
      <object_component id="oc-3b">
         <name>.debug_line</name>
         <load_address>0x8d0</load_address>
         <run_address>0x8d0</run_address>
         <size>0xfe</size>
         <input_file_ref idref="fl-12"/>
      </object_component>
      <object_component id="oc-40">
         <name>.debug_line</name>
         <load_address>0x9ce</load_address>
         <run_address>0x9ce</run_address>
         <size>0x65</size>
         <input_file_ref idref="fl-14"/>
      </object_component>
      <object_component id="oc-44">
         <name>.debug_line</name>
         <load_address>0xa33</load_address>
         <run_address>0xa33</run_address>
         <size>0x54</size>
         <input_file_ref idref="fl-28"/>
      </object_component>
      <object_component id="oc-4b">
         <name>.debug_line</name>
         <load_address>0xa87</load_address>
         <run_address>0xa87</run_address>
         <size>0x51</size>
         <input_file_ref idref="fl-29"/>
      </object_component>
      <object_component id="oc-4f">
         <name>.debug_line</name>
         <load_address>0xad8</load_address>
         <run_address>0xad8</run_address>
         <size>0x3d</size>
         <input_file_ref idref="fl-2a"/>
      </object_component>
      <object_component id="oc-53">
         <name>.debug_line</name>
         <load_address>0xb15</load_address>
         <run_address>0xb15</run_address>
         <size>0x5b</size>
         <input_file_ref idref="fl-2b"/>
      </object_component>
      <object_component id="oc-59">
         <name>.debug_line</name>
         <load_address>0xb70</load_address>
         <run_address>0xb70</run_address>
         <size>0xd7</size>
         <input_file_ref idref="fl-2c"/>
      </object_component>
      <object_component id="oc-5d">
         <name>.debug_line</name>
         <load_address>0xc47</load_address>
         <run_address>0xc47</run_address>
         <size>0x4d</size>
         <input_file_ref idref="fl-2d"/>
      </object_component>
      <object_component id="oc-61">
         <name>.debug_line</name>
         <load_address>0xc94</load_address>
         <run_address>0xc94</run_address>
         <size>0x97</size>
         <input_file_ref idref="fl-2e"/>
      </object_component>
      <object_component id="oc-67">
         <name>.debug_line</name>
         <load_address>0xd2b</load_address>
         <run_address>0xd2b</run_address>
         <size>0x1b0</size>
         <input_file_ref idref="fl-2f"/>
      </object_component>
      <object_component id="oc-6b">
         <name>.debug_line</name>
         <load_address>0xedb</load_address>
         <run_address>0xedb</run_address>
         <size>0x4d</size>
         <input_file_ref idref="fl-30"/>
      </object_component>
      <object_component id="oc-72">
         <name>.debug_line</name>
         <load_address>0xf28</load_address>
         <run_address>0xf28</run_address>
         <size>0x112</size>
         <input_file_ref idref="fl-31"/>
      </object_component>
      <object_component id="oc-76">
         <name>.debug_line</name>
         <load_address>0x103a</load_address>
         <run_address>0x103a</run_address>
         <size>0x69</size>
         <input_file_ref idref="fl-32"/>
      </object_component>
      <object_component id="oc-7a">
         <name>.debug_line</name>
         <load_address>0x10a3</load_address>
         <run_address>0x10a3</run_address>
         <size>0x39</size>
         <input_file_ref idref="fl-33"/>
      </object_component>
      <object_component id="oc-7f">
         <name>.debug_line</name>
         <load_address>0x10dc</load_address>
         <run_address>0x10dc</run_address>
         <size>0x15d</size>
         <input_file_ref idref="fl-34"/>
      </object_component>
      <object_component id="oc-85">
         <name>.debug_line</name>
         <load_address>0x1239</load_address>
         <run_address>0x1239</run_address>
         <size>0x6a</size>
         <input_file_ref idref="fl-35"/>
      </object_component>
      <object_component id="oc-89">
         <name>.debug_line</name>
         <load_address>0x12a3</load_address>
         <run_address>0x12a3</run_address>
         <size>0x58</size>
         <input_file_ref idref="fl-36"/>
      </object_component>
      <object_component id="oc-8d">
         <name>.debug_line</name>
         <load_address>0x12fb</load_address>
         <run_address>0x12fb</run_address>
         <size>0x37</size>
         <input_file_ref idref="fl-37"/>
      </object_component>
      <object_component id="oc-91">
         <name>.debug_line</name>
         <load_address>0x1332</load_address>
         <run_address>0x1332</run_address>
         <size>0x4c</size>
         <input_file_ref idref="fl-38"/>
      </object_component>
      <object_component id="oc-95">
         <name>.debug_line</name>
         <load_address>0x137e</load_address>
         <run_address>0x137e</run_address>
         <size>0x57</size>
         <input_file_ref idref="fl-39"/>
      </object_component>
      <object_component id="oc-9b">
         <name>.debug_line</name>
         <load_address>0x13d5</load_address>
         <run_address>0x13d5</run_address>
         <size>0x57</size>
         <input_file_ref idref="fl-3a"/>
      </object_component>
      <object_component id="oc-a1">
         <name>.debug_line</name>
         <load_address>0x142c</load_address>
         <run_address>0x142c</run_address>
         <size>0x328</size>
         <input_file_ref idref="fl-3b"/>
      </object_component>
      <object_component id="oc-a5">
         <name>.debug_line</name>
         <load_address>0x1754</load_address>
         <run_address>0x1754</run_address>
         <size>0x41</size>
         <input_file_ref idref="fl-3c"/>
      </object_component>
      <object_component id="oc-a9">
         <name>.debug_line</name>
         <load_address>0x1795</load_address>
         <run_address>0x1795</run_address>
         <size>0x46</size>
         <input_file_ref idref="fl-3d"/>
      </object_component>
      <object_component id="oc-ad">
         <name>.debug_line</name>
         <load_address>0x17db</load_address>
         <run_address>0x17db</run_address>
         <size>0x55</size>
         <input_file_ref idref="fl-3e"/>
      </object_component>
      <object_component id="oc-b1">
         <name>.debug_line</name>
         <load_address>0x1830</load_address>
         <run_address>0x1830</run_address>
         <size>0xad</size>
         <input_file_ref idref="fl-3f"/>
      </object_component>
      <object_component id="oc-bb">
         <name>.debug_line</name>
         <load_address>0x18dd</load_address>
         <run_address>0x18dd</run_address>
         <size>0x5b</size>
         <input_file_ref idref="fl-42"/>
      </object_component>
      <object_component id="oc-bf">
         <name>.debug_line</name>
         <load_address>0x1938</load_address>
         <run_address>0x1938</run_address>
         <size>0x44</size>
         <input_file_ref idref="fl-43"/>
      </object_component>
      <object_component id="oc-c3">
         <name>.debug_line</name>
         <load_address>0x197c</load_address>
         <run_address>0x197c</run_address>
         <size>0x3d</size>
         <input_file_ref idref="fl-44"/>
      </object_component>
      <object_component id="oc-c7">
         <name>.debug_line</name>
         <load_address>0x19b9</load_address>
         <run_address>0x19b9</run_address>
         <size>0x3d</size>
         <input_file_ref idref="fl-45"/>
      </object_component>
      <object_component id="oc-cc">
         <name>.debug_line</name>
         <load_address>0x19f6</load_address>
         <run_address>0x19f6</run_address>
         <size>0x44</size>
         <input_file_ref idref="fl-46"/>
      </object_component>
      <object_component id="oc-d0">
         <name>.debug_line</name>
         <load_address>0x1a3a</load_address>
         <run_address>0x1a3a</run_address>
         <size>0x56</size>
         <input_file_ref idref="fl-47"/>
      </object_component>
      <object_component id="oc-d5">
         <name>.debug_line</name>
         <load_address>0x1a90</load_address>
         <run_address>0x1a90</run_address>
         <size>0xa8</size>
         <input_file_ref idref="fl-48"/>
      </object_component>
      <object_component id="oc-d9">
         <name>.debug_line</name>
         <load_address>0x1b38</load_address>
         <run_address>0x1b38</run_address>
         <size>0x40</size>
         <input_file_ref idref="fl-49"/>
      </object_component>
      <object_component id="oc-dd">
         <name>.debug_line</name>
         <load_address>0x1b78</load_address>
         <run_address>0x1b78</run_address>
         <size>0x3c</size>
         <input_file_ref idref="fl-4a"/>
      </object_component>
      <object_component id="oc-e1">
         <name>.debug_line</name>
         <load_address>0x1bb4</load_address>
         <run_address>0x1bb4</run_address>
         <size>0x38</size>
         <input_file_ref idref="fl-4b"/>
      </object_component>
      <object_component id="oc-e5">
         <name>.debug_line</name>
         <load_address>0x1bec</load_address>
         <run_address>0x1bec</run_address>
         <size>0xa8</size>
         <input_file_ref idref="fl-4c"/>
      </object_component>
      <object_component id="oc-e9">
         <name>.debug_line</name>
         <load_address>0x1c94</load_address>
         <run_address>0x1c94</run_address>
         <size>0x3c</size>
         <input_file_ref idref="fl-4d"/>
      </object_component>
      <object_component id="oc-ed">
         <name>.debug_line</name>
         <load_address>0x1cd0</load_address>
         <run_address>0x1cd0</run_address>
         <size>0x40</size>
         <input_file_ref idref="fl-4e"/>
      </object_component>
      <object_component id="oc-f1">
         <name>.debug_line</name>
         <load_address>0x1d10</load_address>
         <run_address>0x1d10</run_address>
         <size>0x3c</size>
         <input_file_ref idref="fl-4f"/>
      </object_component>
      <object_component id="oc-f5">
         <name>.debug_line</name>
         <load_address>0x1d4c</load_address>
         <run_address>0x1d4c</run_address>
         <size>0x3c</size>
         <input_file_ref idref="fl-50"/>
      </object_component>
      <object_component id="oc-f9">
         <name>.debug_line</name>
         <load_address>0x1d88</load_address>
         <run_address>0x1d88</run_address>
         <size>0x37</size>
         <input_file_ref idref="fl-51"/>
      </object_component>
      <object_component id="oc-fd">
         <name>.debug_line</name>
         <load_address>0x1dbf</load_address>
         <run_address>0x1dbf</run_address>
         <size>0x3c</size>
         <input_file_ref idref="fl-52"/>
      </object_component>
      <object_component id="oc-101">
         <name>.debug_line</name>
         <load_address>0x1dfb</load_address>
         <run_address>0x1dfb</run_address>
         <size>0x44</size>
         <input_file_ref idref="fl-53"/>
      </object_component>
      <object_component id="oc-105">
         <name>.debug_line</name>
         <load_address>0x1e3f</load_address>
         <run_address>0x1e3f</run_address>
         <size>0x3f</size>
         <input_file_ref idref="fl-54"/>
      </object_component>
      <object_component id="oc-109">
         <name>.debug_line</name>
         <load_address>0x1e7e</load_address>
         <run_address>0x1e7e</run_address>
         <size>0x37</size>
         <input_file_ref idref="fl-55"/>
      </object_component>
      <object_component id="oc-10d">
         <name>.debug_line</name>
         <load_address>0x1eb5</load_address>
         <run_address>0x1eb5</run_address>
         <size>0x5c</size>
         <input_file_ref idref="fl-56"/>
      </object_component>
      <object_component id="oc-111">
         <name>.debug_line</name>
         <load_address>0x1f11</load_address>
         <run_address>0x1f11</run_address>
         <size>0x3c</size>
         <input_file_ref idref="fl-57"/>
      </object_component>
      <object_component id="oc-115">
         <name>.debug_line</name>
         <load_address>0x1f4d</load_address>
         <run_address>0x1f4d</run_address>
         <size>0x3a</size>
         <input_file_ref idref="fl-58"/>
      </object_component>
      <object_component id="oc-19">
         <name>.debug_abbrev</name>
         <load_address>0x0</load_address>
         <run_address>0x0</run_address>
         <size>0x10c</size>
         <input_file_ref idref="fl-2"/>
      </object_component>
      <object_component id="oc-21">
         <name>.debug_abbrev</name>
         <load_address>0x10c</load_address>
         <run_address>0x10c</run_address>
         <size>0x121</size>
         <input_file_ref idref="fl-3"/>
      </object_component>
      <object_component id="oc-27">
         <name>.debug_abbrev</name>
         <load_address>0x22d</load_address>
         <run_address>0x22d</run_address>
         <size>0x139</size>
         <input_file_ref idref="fl-4"/>
      </object_component>
      <object_component id="oc-2f">
         <name>.debug_abbrev</name>
         <load_address>0x366</load_address>
         <run_address>0x366</run_address>
         <size>0x124</size>
         <input_file_ref idref="fl-5"/>
      </object_component>
      <object_component id="oc-34">
         <name>.debug_abbrev</name>
         <load_address>0x48a</load_address>
         <run_address>0x48a</run_address>
         <size>0x198</size>
         <input_file_ref idref="fl-10"/>
      </object_component>
      <object_component id="oc-38">
         <name>.debug_abbrev</name>
         <load_address>0x622</load_address>
         <run_address>0x622</run_address>
         <size>0x2c</size>
         <input_file_ref idref="fl-11"/>
      </object_component>
      <object_component id="oc-3c">
         <name>.debug_abbrev</name>
         <load_address>0x64e</load_address>
         <run_address>0x64e</run_address>
         <size>0x2c</size>
         <input_file_ref idref="fl-12"/>
      </object_component>
      <object_component id="oc-41">
         <name>.debug_abbrev</name>
         <load_address>0x67a</load_address>
         <run_address>0x67a</run_address>
         <size>0x2c</size>
         <input_file_ref idref="fl-14"/>
      </object_component>
      <object_component id="oc-45">
         <name>.debug_abbrev</name>
         <load_address>0x6a6</load_address>
         <run_address>0x6a6</run_address>
         <size>0x3a</size>
         <input_file_ref idref="fl-28"/>
      </object_component>
      <object_component id="oc-4c">
         <name>.debug_abbrev</name>
         <load_address>0x6e0</load_address>
         <run_address>0x6e0</run_address>
         <size>0xf7</size>
         <input_file_ref idref="fl-29"/>
      </object_component>
      <object_component id="oc-50">
         <name>.debug_abbrev</name>
         <load_address>0x7d7</load_address>
         <run_address>0x7d7</run_address>
         <size>0x118</size>
         <input_file_ref idref="fl-2a"/>
      </object_component>
      <object_component id="oc-54">
         <name>.debug_abbrev</name>
         <load_address>0x8ef</load_address>
         <run_address>0x8ef</run_address>
         <size>0x136</size>
         <input_file_ref idref="fl-2b"/>
      </object_component>
      <object_component id="oc-5a">
         <name>.debug_abbrev</name>
         <load_address>0xa25</load_address>
         <run_address>0xa25</run_address>
         <size>0x1a2</size>
         <input_file_ref idref="fl-2c"/>
      </object_component>
      <object_component id="oc-5e">
         <name>.debug_abbrev</name>
         <load_address>0xbc7</load_address>
         <run_address>0xbc7</run_address>
         <size>0x111</size>
         <input_file_ref idref="fl-2d"/>
      </object_component>
      <object_component id="oc-62">
         <name>.debug_abbrev</name>
         <load_address>0xcd8</load_address>
         <run_address>0xcd8</run_address>
         <size>0x11e</size>
         <input_file_ref idref="fl-2e"/>
      </object_component>
      <object_component id="oc-68">
         <name>.debug_abbrev</name>
         <load_address>0xdf6</load_address>
         <run_address>0xdf6</run_address>
         <size>0x225</size>
         <input_file_ref idref="fl-2f"/>
      </object_component>
      <object_component id="oc-6c">
         <name>.debug_abbrev</name>
         <load_address>0x101b</load_address>
         <run_address>0x101b</run_address>
         <size>0x38</size>
         <input_file_ref idref="fl-30"/>
      </object_component>
      <object_component id="oc-73">
         <name>.debug_abbrev</name>
         <load_address>0x1053</load_address>
         <run_address>0x1053</run_address>
         <size>0x1de</size>
         <input_file_ref idref="fl-31"/>
      </object_component>
      <object_component id="oc-77">
         <name>.debug_abbrev</name>
         <load_address>0x1231</load_address>
         <run_address>0x1231</run_address>
         <size>0x145</size>
         <input_file_ref idref="fl-32"/>
      </object_component>
      <object_component id="oc-7b">
         <name>.debug_abbrev</name>
         <load_address>0x1376</load_address>
         <run_address>0x1376</run_address>
         <size>0xbf</size>
         <input_file_ref idref="fl-33"/>
      </object_component>
      <object_component id="oc-80">
         <name>.debug_abbrev</name>
         <load_address>0x1435</load_address>
         <run_address>0x1435</run_address>
         <size>0x15a</size>
         <input_file_ref idref="fl-34"/>
      </object_component>
      <object_component id="oc-86">
         <name>.debug_abbrev</name>
         <load_address>0x158f</load_address>
         <run_address>0x158f</run_address>
         <size>0xde</size>
         <input_file_ref idref="fl-35"/>
      </object_component>
      <object_component id="oc-8a">
         <name>.debug_abbrev</name>
         <load_address>0x166d</load_address>
         <run_address>0x166d</run_address>
         <size>0x38</size>
         <input_file_ref idref="fl-36"/>
      </object_component>
      <object_component id="oc-8e">
         <name>.debug_abbrev</name>
         <load_address>0x16a5</load_address>
         <run_address>0x16a5</run_address>
         <size>0x26</size>
         <input_file_ref idref="fl-37"/>
      </object_component>
      <object_component id="oc-92">
         <name>.debug_abbrev</name>
         <load_address>0x16cb</load_address>
         <run_address>0x16cb</run_address>
         <size>0x124</size>
         <input_file_ref idref="fl-38"/>
      </object_component>
      <object_component id="oc-96">
         <name>.debug_abbrev</name>
         <load_address>0x17ef</load_address>
         <run_address>0x17ef</run_address>
         <size>0xd1</size>
         <input_file_ref idref="fl-39"/>
      </object_component>
      <object_component id="oc-9c">
         <name>.debug_abbrev</name>
         <load_address>0x18c0</load_address>
         <run_address>0x18c0</run_address>
         <size>0x9f</size>
         <input_file_ref idref="fl-3a"/>
      </object_component>
      <object_component id="oc-a2">
         <name>.debug_abbrev</name>
         <load_address>0x195f</load_address>
         <run_address>0x195f</run_address>
         <size>0x1f8</size>
         <input_file_ref idref="fl-3b"/>
      </object_component>
      <object_component id="oc-a6">
         <name>.debug_abbrev</name>
         <load_address>0x1b57</load_address>
         <run_address>0x1b57</run_address>
         <size>0xec</size>
         <input_file_ref idref="fl-3c"/>
      </object_component>
      <object_component id="oc-aa">
         <name>.debug_abbrev</name>
         <load_address>0x1c43</load_address>
         <run_address>0x1c43</run_address>
         <size>0xd5</size>
         <input_file_ref idref="fl-3d"/>
      </object_component>
      <object_component id="oc-ae">
         <name>.debug_abbrev</name>
         <load_address>0x1d18</load_address>
         <run_address>0x1d18</run_address>
         <size>0x44</size>
         <input_file_ref idref="fl-3e"/>
      </object_component>
      <object_component id="oc-b2">
         <name>.debug_abbrev</name>
         <load_address>0x1d5c</load_address>
         <run_address>0x1d5c</run_address>
         <size>0xb7</size>
         <input_file_ref idref="fl-3f"/>
      </object_component>
      <object_component id="oc-b4">
         <name>.debug_abbrev</name>
         <load_address>0x1e13</load_address>
         <run_address>0x1e13</run_address>
         <size>0x68</size>
         <input_file_ref idref="fl-40"/>
      </object_component>
      <object_component id="oc-b8">
         <name>.debug_abbrev</name>
         <load_address>0x1e7b</load_address>
         <run_address>0x1e7b</run_address>
         <size>0x83</size>
         <input_file_ref idref="fl-41"/>
      </object_component>
      <object_component id="oc-bc">
         <name>.debug_abbrev</name>
         <load_address>0x1efe</load_address>
         <run_address>0x1efe</run_address>
         <size>0x112</size>
         <input_file_ref idref="fl-42"/>
      </object_component>
      <object_component id="oc-c0">
         <name>.debug_abbrev</name>
         <load_address>0x2010</load_address>
         <run_address>0x2010</run_address>
         <size>0xb5</size>
         <input_file_ref idref="fl-43"/>
      </object_component>
      <object_component id="oc-c4">
         <name>.debug_abbrev</name>
         <load_address>0x20c5</load_address>
         <run_address>0x20c5</run_address>
         <size>0x8f</size>
         <input_file_ref idref="fl-44"/>
      </object_component>
      <object_component id="oc-c8">
         <name>.debug_abbrev</name>
         <load_address>0x2154</load_address>
         <run_address>0x2154</run_address>
         <size>0xb7</size>
         <input_file_ref idref="fl-45"/>
      </object_component>
      <object_component id="oc-cd">
         <name>.debug_abbrev</name>
         <load_address>0x220b</load_address>
         <run_address>0x220b</run_address>
         <size>0xc2</size>
         <input_file_ref idref="fl-46"/>
      </object_component>
      <object_component id="oc-d1">
         <name>.debug_abbrev</name>
         <load_address>0x22cd</load_address>
         <run_address>0x22cd</run_address>
         <size>0x103</size>
         <input_file_ref idref="fl-47"/>
      </object_component>
      <object_component id="oc-d6">
         <name>.debug_abbrev</name>
         <load_address>0x23d0</load_address>
         <run_address>0x23d0</run_address>
         <size>0x140</size>
         <input_file_ref idref="fl-48"/>
      </object_component>
      <object_component id="oc-da">
         <name>.debug_abbrev</name>
         <load_address>0x2510</load_address>
         <run_address>0x2510</run_address>
         <size>0x9a</size>
         <input_file_ref idref="fl-49"/>
      </object_component>
      <object_component id="oc-de">
         <name>.debug_abbrev</name>
         <load_address>0x25aa</load_address>
         <run_address>0x25aa</run_address>
         <size>0xd1</size>
         <input_file_ref idref="fl-4a"/>
      </object_component>
      <object_component id="oc-e2">
         <name>.debug_abbrev</name>
         <load_address>0x267b</load_address>
         <run_address>0x267b</run_address>
         <size>0xd0</size>
         <input_file_ref idref="fl-4b"/>
      </object_component>
      <object_component id="oc-e6">
         <name>.debug_abbrev</name>
         <load_address>0x274b</load_address>
         <run_address>0x274b</run_address>
         <size>0xb7</size>
         <input_file_ref idref="fl-4c"/>
      </object_component>
      <object_component id="oc-ea">
         <name>.debug_abbrev</name>
         <load_address>0x2802</load_address>
         <run_address>0x2802</run_address>
         <size>0x38</size>
         <input_file_ref idref="fl-4d"/>
      </object_component>
      <object_component id="oc-ee">
         <name>.debug_abbrev</name>
         <load_address>0x283a</load_address>
         <run_address>0x283a</run_address>
         <size>0xec</size>
         <input_file_ref idref="fl-4e"/>
      </object_component>
      <object_component id="oc-f2">
         <name>.debug_abbrev</name>
         <load_address>0x2926</load_address>
         <run_address>0x2926</run_address>
         <size>0xb7</size>
         <input_file_ref idref="fl-4f"/>
      </object_component>
      <object_component id="oc-f6">
         <name>.debug_abbrev</name>
         <load_address>0x29dd</load_address>
         <run_address>0x29dd</run_address>
         <size>0xdc</size>
         <input_file_ref idref="fl-50"/>
      </object_component>
      <object_component id="oc-fa">
         <name>.debug_abbrev</name>
         <load_address>0x2ab9</load_address>
         <run_address>0x2ab9</run_address>
         <size>0x81</size>
         <input_file_ref idref="fl-51"/>
      </object_component>
      <object_component id="oc-fe">
         <name>.debug_abbrev</name>
         <load_address>0x2b3a</load_address>
         <run_address>0x2b3a</run_address>
         <size>0xa6</size>
         <input_file_ref idref="fl-52"/>
      </object_component>
      <object_component id="oc-102">
         <name>.debug_abbrev</name>
         <load_address>0x2be0</load_address>
         <run_address>0x2be0</run_address>
         <size>0xb5</size>
         <input_file_ref idref="fl-53"/>
      </object_component>
      <object_component id="oc-106">
         <name>.debug_abbrev</name>
         <load_address>0x2c95</load_address>
         <run_address>0x2c95</run_address>
         <size>0x10b</size>
         <input_file_ref idref="fl-54"/>
      </object_component>
      <object_component id="oc-10a">
         <name>.debug_abbrev</name>
         <load_address>0x2da0</load_address>
         <run_address>0x2da0</run_address>
         <size>0x8f</size>
         <input_file_ref idref="fl-55"/>
      </object_component>
      <object_component id="oc-10e">
         <name>.debug_abbrev</name>
         <load_address>0x2e2f</load_address>
         <run_address>0x2e2f</run_address>
         <size>0xd4</size>
         <input_file_ref idref="fl-56"/>
      </object_component>
      <object_component id="oc-112">
         <name>.debug_abbrev</name>
         <load_address>0x2f03</load_address>
         <run_address>0x2f03</run_address>
         <size>0xa6</size>
         <input_file_ref idref="fl-57"/>
      </object_component>
      <object_component id="oc-116">
         <name>.debug_abbrev</name>
         <load_address>0x2fa9</load_address>
         <run_address>0x2fa9</run_address>
         <size>0x81</size>
         <input_file_ref idref="fl-58"/>
      </object_component>
      <object_component id="oc-13f">
[...]
         <object_component_ref idref="oc-23"/>
      </symbol>
      <symbol id="sm-c5">
         <name>_main</name>
         <value>0x23973</value>
         <object_component_ref idref="oc-28"/>
      </symbol>
      <symbol id="sm-c6">
         <name>_magnitude_response</name>
         <value>0x5cc8</value>
         <object_component_ref idref="oc-29"/>
      </symbol>
      <symbol id="sm-c7">
         <name>_right_input</name>
         <value>0x58c2</value>
         <object_component_ref idref="oc-29"/>
      </symbol>
      <symbol id="sm-c8">
         <name>_window</name>
         <value>0x5dc8</value>
         <object_component_ref idref="oc-29"/>
      </symbol>
      <symbol id="sm-c9">
         <name>_OutputBufferL</name>
         <value>0x5ac8</value>
         <object_component_ref idref="oc-29"/>
      </symbol>
      <symbol id="sm-ca">
         <name>_OutputBufferR</name>
         <value>0x5bc8</value>
         <object_component_ref idref="oc-29"/>
      </symbol>
      <symbol id="sm-cb">
         <name>_InputBufferL</name>
         <value>0x58c8</value>
         <object_component_ref idref="oc-29"/>
      </symbol>
      <symbol id="sm-cc">
         <name>_InputBufferR</name>
         <value>0x59c8</value>
         <object_component_ref idref="oc-29"/>
      </symbol>
      <symbol id="sm-cd">
         <name>_left_input</name>
         <value>0x58c0</value>
         <object_component_ref idref="oc-29"/>
      </symbol>
      <symbol id="sm-ce">
         <name>_right_output</name>
         <value>0x58c6</value>
         <object_component_ref idref="oc-29"/>
      </symbol>
      <symbol id="sm-cf">
         <name>_left_output</name>
         <value>0x58c4</value>
         <object_component_ref idref="oc-29"/>
      </symbol>
      <symbol id="sm-dd">
         <name>_EZDSP5535_waitusec</name>
         <value>0x248cb</value>
         <object_component_ref idref="oc-30"/>
      </symbol>
      <symbol id="sm-de">
         <name>_EZDSP5535_init</name>
         <value>0x248dd</value>
         <object_component_ref idref="oc-30"/>
      </symbol>
      <symbol id="sm-df">
         <name>_EZDSP5535_wait</name>
         <value>0x24897</value>
         <object_component_ref idref="oc-30"/>
      </symbol>
      <symbol id="sm-fa">
         <name>_cbrev</name>
         <value>0x23f66</value>
         <object_component_ref idref="oc-35"/>
      </symbol>
      <symbol id="sm-117">
         <name>_cfft_SCALE</name>
         <value>0x2339f</value>
         <object_component_ref idref="oc-39"/>
      </symbol>
      <symbol id="sm-11b">
         <name>twiddle</name>
         <value>0x6400</value>
         <object_component_ref idref="oc-3d"/>
      </symbol>
      <symbol id="sm-126">
         <name>_unpack</name>
         <value>0x243ad</value>
         <object_component_ref idref="oc-3e"/>
      </symbol>
      <symbol id="sm-132">
         <name>__sysstack</name>
         <value>0x20c0</value>
         <object_component_ref idref="oc-117"/>
      </symbol>
      <symbol id="sm-133">
         <name>_c_int00</name>
         <value>0x24ae3</value>
         <object_component_ref idref="oc-11"/>
      </symbol>
      <symbol id="sm-134">
         <name>__stack</name>
         <value>0xc0</value>
         <object_component_ref idref="oc-42"/>
      </symbol>
      <symbol id="sm-144">
         <name>C$$EXIT</name>
         <value>0x24bfc</value>
         <object_component_ref idref="oc-4a"/>
      </symbol>
      <symbol id="sm-145">
         <name>_exit</name>
         <value>0x24aa5</value>
         <object_component_ref idref="oc-46"/>
      </symbol>
      <symbol id="sm-146">
         <name>_abort</name>
         <value>0x24bfb</value>
         <object_component_ref idref="oc-4a"/>
      </symbol>
      <symbol id="sm-147">
         <name>__cleanup_ptr</name>
         <value>0x63a8</value>
         <object_component_ref idref="oc-47"/>
      </symbol>
      <symbol id="sm-148">
         <name>__dtors_ptr</name>
         <value>0x63ac</value>
         <object_component_ref idref="oc-47"/>
      </symbol>
      <symbol id="sm-152">
         <name>_fclose</name>
         <value>0x244b7</value>
         <object_component_ref idref="oc-4d"/>
      </symbol>
      <symbol id="sm-15c">
         <name>__doflush</name>
         <value>0x2403c</value>
         <object_component_ref idref="oc-51"/>
      </symbol>
      <symbol id="sm-15d">
         <name>_fflush</name>
         <value>0x240a5</value>
         <object_component_ref idref="oc-51"/>
      </symbol>
      <symbol id="sm-16c">
         <name>__cleanup</name>
         <value>0x229b1</value>
         <object_component_ref idref="oc-55"/>
      </symbol>
      <symbol id="sm-16d">
         <name>_fopen</name>
         <value>0x22ad4</value>
         <object_component_ref idref="oc-55"/>
      </symbol>
      <symbol id="sm-16e">
         <name>_freopen</name>
         <value>0x22a0b</value>
         <object_component_ref idref="oc-55"/>
      </symbol>
      <symbol id="sm-178">
         <name>_fread</name>
         <value>0x23aac</value>
         <object_component_ref idref="oc-5b"/>
      </symbol>
      <symbol id="sm-184">
         <name>_fwrite</name>
         <value>0x22fc7</value>
         <object_component_ref idref="oc-5f"/>
      </symbol>
      <symbol id="sm-196">
         <name>_add_device</name>
         <value>0x219f7</value>
         <object_component_ref idref="oc-63"/>
      </symbol>
      <symbol id="sm-197">
         <name>_rename</name>
         <value>0x21719</value>
         <object_component_ref idref="oc-63"/>
      </symbol>
      <symbol id="sm-198">
         <name>_read</name>
         <value>0x217a8</value>
         <object_component_ref idref="oc-63"/>
      </symbol>
      <symbol id="sm-199">
         <name>_unlink</name>
         <value>0x216e6</value>
         <object_component_ref idref="oc-63"/>
      </symbol>
      <symbol id="sm-19a">
         <name>_remove_device</name>
         <value>0x21772</value>
         <object_component_ref idref="oc-63"/>
      </symbol>
      <symbol id="sm-19b">
         <name>_open</name>
         <value>0x21856</value>
         <object_component_ref idref="oc-63"/>
      </symbol>
      <symbol id="sm-19c">
         <name>_find_registered_device</name>
         <value>0x2197b</value>
         <object_component_ref idref="oc-63"/>
      </symbol>
      <symbol id="sm-19d">
         <name>_lseek</name>
         <value>0x21915</value>
         <object_component_ref idref="oc-63"/>
      </symbol>
      <symbol id="sm-19e">
         <name>_close</name>
         <value>0x21984</value>
         <object_component_ref idref="oc-63"/>
      </symbol>
      <symbol id="sm-19f">
         <name>_write</name>
         <value>0x215a4</value>
         <object_component_ref idref="oc-63"/>
      </symbol>
      <symbol id="sm-1a7">
         <name>_memcpy</name>
         <value>0x24a66</value>
         <object_component_ref idref="oc-69"/>
      </symbol>
      <symbol id="sm-1b7">
         <name>__sys_memory</name>
         <value>0x30c0</value>
         <object_component_ref idref="oc-71"/>
      </symbol>
      <symbol id="sm-1b8">
         <name>_chkheap</name>
         <value>0x22496</value>
         <object_component_ref idref="oc-6d"/>
      </symbol>
      <symbol id="sm-1b9">
         <name>_realloc</name>
         <value>0x22235</value>
         <object_component_ref idref="oc-6d"/>
      </symbol>
      <symbol id="sm-1ba">
         <name>_free_memory</name>
         <value>0x22440</value>
         <object_component_ref idref="oc-6d"/>
      </symbol>
      <symbol id="sm-1bb">
         <name>_max_free</name>
         <value>0x223e6</value>
         <object_component_ref idref="oc-6d"/>
      </symbol>
      <symbol id="sm-1bc">
         <name>_free</name>
         <value>0x2200f</value>
         <object_component_ref idref="oc-6d"/>
      </symbol>
      <symbol id="sm-1bd">
         <name>_calloc</name>
         <value>0x2249e</value>
         <object_component_ref idref="oc-6d"/>
      </symbol>
      <symbol id="sm-1be">
         <name>_malloc</name>
         <value>0x22140</value>
         <object_component_ref idref="oc-6d"/>
      </symbol>
      <symbol id="sm-1bf">
         <name>_minit</name>
         <value>0x220db</value>
         <object_component_ref idref="oc-6d"/>
      </symbol>
      <symbol id="sm-1c9">
         <name>_printf</name>
         <value>0x248eb</value>
         <object_component_ref idref="oc-74"/>
      </symbol>
      <symbol id="sm-1d3">
         <name>_remove</name>
         <value>0x24bf1</value>
         <object_component_ref idref="oc-78"/>
      </symbol>
      <symbol id="sm-1df">
         <name>_HOSTopen</name>
         <value>0x21df2</value>
         <object_component_ref idref="oc-7c"/>
      </symbol>
      <symbol id="sm-1e0">
         <name>_HOSTread</name>
         <value>0x21d65</value>
         <object_component_ref idref="oc-7c"/>
      </symbol>
      <symbol id="sm-1e1">
         <name>_HOSTtime</name>
         <value>0x21c59</value>
         <object_component_ref idref="oc-7c"/>
      </symbol>
      <symbol id="sm-1e2">
         <name>_getenv</name>
         <value>0x21ae7</value>
         <object_component_ref idref="oc-7c"/>
      </symbol>
      <symbol id="sm-1e3">
         <name>_HOSTrename</name>
         <value>0x21cb7</value>
         <object_component_ref idref="oc-7c"/>
      </symbol>
      <symbol id="sm-1e4">
         <name>_HOSTclock</name>
         <value>0x21fb1</value>
         <object_component_ref idref="oc-7c"/>
      </symbol>
      <symbol id="sm-1e5">
         <name>_HOSTwrite</name>
         <value>0x21b62</value>
         <object_component_ref idref="oc-7c"/>
      </symbol>
      <symbol id="sm-1e6">
         <name>_HOSTlseek</name>
         <value>0x21e91</value>
         <object_component_ref idref="oc-7c"/>
      </symbol>
      <symbol id="sm-1e7">
         <name>_HOSTunlink</name>
         <value>0x21bef</value>
         <object_component_ref idref="oc-7c"/>
      </symbol>
      <symbol id="sm-1e8">
         <name>_HOSTclose</name>
         <value>0x21f46</value>
         <object_component_ref idref="oc-7c"/>
      </symbol>
      <symbol id="sm-1fa">
         <name>C$$IO$$</name>
         <value>0x241b3</value>
         <object_component_ref idref="oc-84"/>
      </symbol>
      <symbol id="sm-1fb">
         <name>__CIOBUF_</name>
         <value>0x40000</value>
         <object_component_ref idref="oc-83"/>
      </symbol>
      <symbol id="sm-1fc">
         <name>_readmsg</name>
         <value>0x246fc</value>
         <object_component_ref idref="oc-81"/>
      </symbol>
      <symbol id="sm-1fd">
         <name>_writemsg</name>
         <value>0x240fe</value>
         <object_component_ref idref="oc-84"/>
      </symbol>
      <symbol id="sm-205">
         <name>__remu</name>
         <value>0x24b56</value>
         <object_component_ref idref="oc-87"/>
      </symbol>
      <symbol id="sm-206">
         <name>__divu</name>
         <value>0x24b41</value>
         <object_component_ref idref="oc-87"/>
      </symbol>
      <symbol id="sm-207">
         <name>I$$UMOD</name>
         <value>0x24b56</value>
         <object_component_ref idref="oc-87"/>
      </symbol>
      <symbol id="sm-208">
         <name>I$$UDIV</name>
         <value>0x24b41</value>
         <object_component_ref idref="oc-87"/>
      </symbol>
      <symbol id="sm-212">
         <name>_Reset</name>
         <value>0x4fe00</value>
         <object_component_ref idref="oc-12"/>
      </symbol>
      <symbol id="sm-21c">
         <name>__buff_read</name>
         <value>0x241b8</value>
         <object_component_ref idref="oc-8f"/>
      </symbol>
      <symbol id="sm-226">
         <name>__rd_ok</name>
         <value>0x23f09</value>
         <object_component_ref idref="oc-93"/>
      </symbol>
      <symbol id="sm-227">
         <name>__wrt_ok</name>
         <value>0x23e89</value>
         <object_component_ref idref="oc-93"/>
      </symbol>
      <symbol id="sm-235">
         <name>__unlock</name>
         <value>0x63a4</value>
         <object_component_ref idref="oc-98"/>
      </symbol>
      <symbol id="sm-236">
         <name>__lock</name>
         <value>0x63a0</value>
         <object_component_ref idref="oc-98"/>
      </symbol>
      <symbol id="sm-237">
         <name>__register_lock</name>
         <value>0x24bd7</value>
         <object_component_ref idref="oc-97"/>
      </symbol>
      <symbol id="sm-238">
         <name>__nop</name>
         <value>0x24bdf</value>
         <object_component_ref idref="oc-97"/>
      </symbol>
      <symbol id="sm-239">
         <name>__register_unlock</name>
         <value>0x24bcf</value>
         <object_component_ref idref="oc-97"/>
      </symbol>
      <symbol id="sm-24b">
         <name>__printfi</name>
         <value>0x21362</value>
         <object_component_ref idref="oc-9d"/>
      </symbol>
      <symbol id="sm-255">
         <name>__args_main</name>
         <value>0x24988</value>
         <object_component_ref idref="oc-a3"/>
      </symbol>
      <symbol id="sm-256">
         <name>__TI_args_main</name>
         <value>0x1</value>
      </symbol>
      <symbol id="sm-260">
         <name>_atoi</name>
         <value>0x2483b</value>
         <object_component_ref idref="oc-a7"/>
      </symbol>
      <symbol id="sm-268">
         <name>_auto_init</name>
         <value>0x2493b</value>
         <object_component_ref idref="oc-ab"/>
      </symbol>
      <symbol id="sm-272">
         <name>__eqld</name>
         <value>0x23313</value>
         <object_component_ref idref="oc-af"/>
      </symbol>
      <symbol id="sm-273">
         <name>__cmpd</name>
         <value>0x23347</value>
         <object_component_ref idref="oc-af"/>
      </symbol>
      <symbol id="sm-274">
         <name>__neqd</name>
         <value>0x231b5</value>
         <object_component_ref idref="oc-af"/>
      </symbol>
      <symbol id="sm-275">
         <name>__gtrd</name>
         <value>0x2327e</value>
         <object_component_ref idref="oc-af"/>
      </symbol>
      <symbol id="sm-276">
         <name>__geqd</name>
         <value>0x232c9</value>
         <object_component_ref idref="oc-af"/>
      </symbol>
      <symbol id="sm-277">
         <name>__leqd</name>
         <value>0x23231</value>
         <object_component_ref idref="oc-af"/>
      </symbol>
      <symbol id="sm-278">
         <name>__lssd</name>
         <value>0x231e9</value>
         <object_component_ref idref="oc-af"/>
      </symbol>
      <symbol id="sm-280">
         <name>__ctypes_</name>
         <value>0x6c00</value>
         <object_component_ref idref="oc-118"/>
      </symbol>
      <symbol id="sm-28a">
         <name>__tmpnams</name>
         <value>0x5fb8</value>
         <object_component_ref idref="oc-b5"/>
      </symbol>
      <symbol id="sm-28b">
         <name>__ft_end</name>
         <value>0x60f8</value>
         <object_component_ref idref="oc-b5"/>
      </symbol>
      <symbol id="sm-28c">
         <name>__ftable</name>
         <value>0x5ec8</value>
         <object_component_ref idref="oc-b5"/>
      </symbol>
      <symbol id="sm-298">
         <name>__divd</name>
         <value>0x224c4</value>
         <object_component_ref idref="oc-b9"/>
      </symbol>
      <symbol id="sm-2a3">
         <name>__divul</name>
         <value>0x2430c</value>
         <object_component_ref idref="oc-bd"/>
      </symbol>
      <symbol id="sm-2ad">
         <name>__fixdi</name>
         <value>0x24b17</value>
         <object_component_ref idref="oc-c1"/>
      </symbol>
      <symbol id="sm-2b7">
         <name>__fixdli</name>
         <value>0x2468d</value>
         <object_component_ref idref="oc-c5"/>
      </symbol>
      <symbol id="sm-2c3">
         <name>__fltlid</name>
         <value>0x247d4</value>
         <object_component_ref idref="oc-c9"/>
      </symbol>
      <symbol id="sm-2cd">
         <name>_putchar</name>
         <value>0x242fd</value>
         <object_component_ref idref="oc-ce"/>
      </symbol>
      <symbol id="sm-2ce">
         <name>_putc</name>
         <value>0x24266</value>
         <object_component_ref idref="oc-ce"/>
      </symbol>
      <symbol id="sm-2cf">
         <name>_fputc</name>
         <value>0x24266</value>
         <object_component_ref idref="oc-ce"/>
      </symbol>
      <symbol id="sm-2dd">
         <name>_puts</name>
         <value>0x236a7</value>
         <object_component_ref idref="oc-d2"/>
      </symbol>
      <symbol id="sm-2de">
         <name>_fputs</name>
         <value>0x23572</value>
         <object_component_ref idref="oc-d2"/>
      </symbol>
      <symbol id="sm-2e8">
         <name>__frcmpyd_div</name>
         <value>0x245a8</value>
         <object_component_ref idref="oc-d7"/>
      </symbol>
      <symbol id="sm-2f2">
         <name>_fseek</name>
         <value>0x24769</value>
         <object_component_ref idref="oc-db"/>
      </symbol>
      <symbol id="sm-2fc">
         <name>___isinf</name>
         <value>0x24b8e</value>
         <object_component_ref idref="oc-df"/>
      </symbol>
      <symbol id="sm-306">
         <name>__divull</name>
         <value>0x22c44</value>
         <object_component_ref idref="oc-e3"/>
      </symbol>
      <symbol id="sm-307">
         <name>__mpylli</name>
         <value>0x22b8c</value>
         <object_component_ref idref="oc-e3"/>
      </symbol>
      <symbol id="sm-308">
         <name>__remlli</name>
         <value>0x22b5d</value>
         <object_component_ref idref="oc-e3"/>
      </symbol>
      <symbol id="sm-309">
         <name>__divlli</name>
         <value>0x22d38</value>
         <object_component_ref idref="oc-e3"/>
      </symbol>
      <symbol id="sm-30a">
         <name>__remull</name>
         <value>0x22b0f</value>
         <object_component_ref idref="oc-e3"/>
      </symbol>
      <symbol id="sm-312">
         <name>__mpyli</name>
         <value>0x24bbc</value>
         <object_component_ref idref="oc-e7"/>
      </symbol>
      <symbol id="sm-313">
         <name>I$$LMPY</name>
         <value>0x24bbc</value>
         <object_component_ref idref="oc-e7"/>
      </symbol>
      <symbol id="sm-31d">
         <name>_ltoa</name>
         <value>0x2443a</value>
         <object_component_ref idref="oc-eb"/>
      </symbol>
      <symbol id="sm-328">
         <name>_memccpy</name>
         <value>0x24b6b</value>
         <object_component_ref idref="oc-ef"/>
      </symbol>
      <symbol id="sm-332">
         <name>__mpyd</name>
         <value>0x23827</value>
         <object_component_ref idref="oc-f3"/>
      </symbol>
      <symbol id="sm-33c">
         <name>__negd</name>
         <value>0x24be1</value>
         <object_component_ref idref="oc-f7"/>
      </symbol>
      <symbol id="sm-346">
         <name>__remli</name>
         <value>0x249d3</value>
         <object_component_ref idref="oc-fb"/>
      </symbol>
      <symbol id="sm-351">
         <name>__remul</name>
         <value>0x2461b</value>
         <object_component_ref idref="oc-ff"/>
      </symbol>
      <symbol id="sm-35b">
         <name>_setvbuf</name>
         <value>0x23da3</value>
         <object_component_ref idref="oc-103"/>
      </symbol>
      <symbol id="sm-365">
         <name>__subd</name>
         <value>0x24ba8</value>
         <object_component_ref idref="oc-107"/>
      </symbol>
      <symbol id="sm-36f">
         <name>__addd</name>
         <value>0x22d6d</value>
         <object_component_ref idref="oc-10b"/>
      </symbol>
      <symbol id="sm-379">
         <name>__divli</name>
         <value>0x24a1e</value>
         <object_component_ref idref="oc-10f"/>
      </symbol>
      <symbol id="sm-383">
         <name>__frcmpyd</name>
         <value>0x24532</value>
         <object_component_ref idref="oc-113"/>
      </symbol>
   </symbol_table>
</link_info>
