<?xml version="1.0"?>
<link_info>
   <banner>TMS320C55x Linker PC v4.4.1</banner>
   <copyright>Copyright (c) 1996-2012 Texas Instruments Incorporated</copyright>
   <link_time>0x5c10251f</link_time>
   <output_file>Vezba8_sim.out</output_file>
   <entry_point>
      <name>_c_int00</name>
      <address>0x24f40</address>
   </entry_point>
   <input_file_list>
      <input_file id="fl-2">
         <path>.\</path>
         <kind>object</kind>
         <file>aic3204.obj</file>
         <name>aic3204.obj</name>
      </input_file>
      <input_file id="fl-3">
         <path>.\</path>
         <kind>object</kind>
         <file>aic3204_init.obj</file>
         <name>aic3204_init.obj</name>
      </input_file>
      <input_file id="fl-4">
         <path>.\</path>
         <kind>object</kind>
         <file>direct_form_iir.obj</file>
         <name>direct_form_iir.obj</name>
      </input_file>
      <input_file id="fl-5">
         <path>.\</path>
         <kind>object</kind>
         <file>ezdsp5535_aic3204_dma.obj</file>
         <name>ezdsp5535_aic3204_dma.obj</name>
      </input_file>
      <input_file id="fl-6">
         <path>.\</path>
         <kind>object</kind>
         <file>iir.obj</file>
         <name>iir.obj</name>
      </input_file>
      <input_file id="fl-7">
         <path>.\</path>
         <kind>object</kind>
         <file>main.obj</file>
         <name>main.obj</name>
      </input_file>
      <input_file id="fl-11">
         <path>..\lib\</path>
         <kind>archive</kind>
         <file>ezdsp5535bsl.lib</file>
         <name>ezdsp5535.obj</name>
      </input_file>
      <input_file id="fl-25">
         <path>C:\ti\ccsv6\tools\compiler\c5500_4.4.1\lib\</path>
         <kind>archive</kind>
         <file>rts55x.lib</file>
         <name>addd.obj</name>
      </input_file>
      <input_file id="fl-26">
         <path>C:\ti\ccsv6\tools\compiler\c5500_4.4.1\lib\</path>
         <kind>archive</kind>
         <file>rts55x.lib</file>
         <name>boot.obj</name>
      </input_file>
      <input_file id="fl-27">
         <path>C:\ti\ccsv6\tools\compiler\c5500_4.4.1\lib\</path>
         <kind>archive</kind>
         <file>rts55x.lib</file>
         <name>exit.obj</name>
      </input_file>
      <input_file id="fl-28">
         <path>C:\ti\ccsv6\tools\compiler\c5500_4.4.1\lib\</path>
         <kind>archive</kind>
         <file>rts55x.lib</file>
         <name>fclose.obj</name>
      </input_file>
      <input_file id="fl-29">
         <path>C:\ti\ccsv6\tools\compiler\c5500_4.4.1\lib\</path>
         <kind>archive</kind>
         <file>rts55x.lib</file>
         <name>fflush.obj</name>
      </input_file>
      <input_file id="fl-2a">
         <path>C:\ti\ccsv6\tools\compiler\c5500_4.4.1\lib\</path>
         <kind>archive</kind>
         <file>rts55x.lib</file>
         <name>fopen.obj</name>
      </input_file>
      <input_file id="fl-2b">
         <path>C:\ti\ccsv6\tools\compiler\c5500_4.4.1\lib\</path>
         <kind>archive</kind>
         <file>rts55x.lib</file>
         <name>fread.obj</name>
      </input_file>
      <input_file id="fl-2c">
         <path>C:\ti\ccsv6\tools\compiler\c5500_4.4.1\lib\</path>
         <kind>archive</kind>
         <file>rts55x.lib</file>
         <name>fwrite.obj</name>
      </input_file>
      <input_file id="fl-2d">
         <path>C:\ti\ccsv6\tools\compiler\c5500_4.4.1\lib\</path>
         <kind>archive</kind>
         <file>rts55x.lib</file>
         <name>lmpy.obj</name>
      </input_file>
      <input_file id="fl-2e">
         <path>C:\ti\ccsv6\tools\compiler\c5500_4.4.1\lib\</path>
         <kind>archive</kind>
         <file>rts55x.lib</file>
         <name>lowlev.obj</name>
      </input_file>
      <input_file id="fl-2f">
         <path>C:\ti\ccsv6\tools\compiler\c5500_4.4.1\lib\</path>
         <kind>archive</kind>
         <file>rts55x.lib</file>
         <name>memcpy.obj</name>
      </input_file>
      <input_file id="fl-30">
         <path>C:\ti\ccsv6\tools\compiler\c5500_4.4.1\lib\</path>
         <kind>archive</kind>
         <file>rts55x.lib</file>
         <name>memory.obj</name>
      </input_file>
      <input_file id="fl-31">
         <path>C:\ti\ccsv6\tools\compiler\c5500_4.4.1\lib\</path>
         <kind>archive</kind>
         <file>rts55x.lib</file>
         <name>mpyd.obj</name>
      </input_file>
      <input_file id="fl-32">
         <path>C:\ti\ccsv6\tools\compiler\c5500_4.4.1\lib\</path>
         <kind>archive</kind>
         <file>rts55x.lib</file>
         <name>printf.obj</name>
      </input_file>
      <input_file id="fl-33">
         <path>C:\ti\ccsv6\tools\compiler\c5500_4.4.1\lib\</path>
         <kind>archive</kind>
         <file>rts55x.lib</file>
         <name>remove.obj</name>
      </input_file>
      <input_file id="fl-34">
         <path>C:\ti\ccsv6\tools\compiler\c5500_4.4.1\lib\</path>
         <kind>archive</kind>
         <file>rts55x.lib</file>
         <name>subd.obj</name>
      </input_file>
      <input_file id="fl-35">
         <path>C:\ti\ccsv6\tools\compiler\c5500_4.4.1\lib\</path>
         <kind>archive</kind>
         <file>rts55x.lib</file>
         <name>trgdrv.obj</name>
      </input_file>
      <input_file id="fl-36">
         <path>C:\ti\ccsv6\tools\compiler\c5500_4.4.1\lib\</path>
         <kind>archive</kind>
         <file>rts55x.lib</file>
         <name>trgmsg.obj</name>
      </input_file>
      <input_file id="fl-37">
         <path>C:\ti\ccsv6\tools\compiler\c5500_4.4.1\lib\</path>
         <kind>archive</kind>
         <file>rts55x.lib</file>
         <name>udiv.obj</name>
      </input_file>
      <input_file id="fl-38">
         <path>C:\ti\ccsv6\tools\compiler\c5500_4.4.1\lib\</path>
         <kind>archive</kind>
         <file>rts55x.lib</file>
         <name>vectors.obj</name>
      </input_file>
      <input_file id="fl-39">
         <path>C:\ti\ccsv6\tools\compiler\c5500_4.4.1\lib\</path>
         <kind>archive</kind>
         <file>rts55x.lib</file>
         <name>_bufread.obj</name>
      </input_file>
      <input_file id="fl-3a">
         <path>C:\ti\ccsv6\tools\compiler\c5500_4.4.1\lib\</path>
         <kind>archive</kind>
         <file>rts55x.lib</file>
         <name>_io_perm.obj</name>
      </input_file>
      <input_file id="fl-3b">
         <path>C:\ti\ccsv6\tools\compiler\c5500_4.4.1\lib\</path>
         <kind>archive</kind>
         <file>rts55x.lib</file>
         <name>_lock.obj</name>
      </input_file>
      <input_file id="fl-3c">
         <path>C:\ti\ccsv6\tools\compiler\c5500_4.4.1\lib\</path>
         <kind>archive</kind>
         <file>rts55x.lib</file>
         <name>_printfi.obj</name>
      </input_file>
      <input_file id="fl-3d">
         <path>C:\ti\ccsv6\tools\compiler\c5500_4.4.1\lib\</path>
         <kind>archive</kind>
         <file>rts55x.lib</file>
         <name>args_main.obj</name>
      </input_file>
      <input_file id="fl-3e">
         <path>C:\ti\ccsv6\tools\compiler\c5500_4.4.1\lib\</path>
         <kind>archive</kind>
         <file>rts55x.lib</file>
         <name>atoi.obj</name>
      </input_file>
      <input_file id="fl-3f">
         <path>C:\ti\ccsv6\tools\compiler\c5500_4.4.1\lib\</path>
         <kind>archive</kind>
         <file>rts55x.lib</file>
         <name>autoinit.obj</name>
      </input_file>
      <input_file id="fl-40">
         <path>C:\ti\ccsv6\tools\compiler\c5500_4.4.1\lib\</path>
         <kind>archive</kind>
         <file>rts55x.lib</file>
         <name>cmpd.obj</name>
      </input_file>
      <input_file id="fl-41">
         <path>C:\ti\ccsv6\tools\compiler\c5500_4.4.1\lib\</path>
         <kind>archive</kind>
         <file>rts55x.lib</file>
         <name>ctype.obj</name>
      </input_file>
      <input_file id="fl-42">
         <path>C:\ti\ccsv6\tools\compiler\c5500_4.4.1\lib\</path>
         <kind>archive</kind>
         <file>rts55x.lib</file>
         <name>defs.obj</name>
      </input_file>
      <input_file id="fl-43">
         <path>C:\ti\ccsv6\tools\compiler\c5500_4.4.1\lib\</path>
         <kind>archive</kind>
         <file>rts55x.lib</file>
         <name>divd.obj</name>
      </input_file>
      <input_file id="fl-44">
         <path>C:\ti\ccsv6\tools\compiler\c5500_4.4.1\lib\</path>
         <kind>archive</kind>
         <file>rts55x.lib</file>
         <name>divul.obj</name>
      </input_file>
      <input_file id="fl-45">
         <path>C:\ti\ccsv6\tools\compiler\c5500_4.4.1\lib\</path>
         <kind>archive</kind>
         <file>rts55x.lib</file>
         <name>fixdi.obj</name>
      </input_file>
      <input_file id="fl-46">
         <path>C:\ti\ccsv6\tools\compiler\c5500_4.4.1\lib\</path>
         <kind>archive</kind>
         <file>rts55x.lib</file>
         <name>fixdli.obj</name>
      </input_file>
      <input_file id="fl-47">
         <path>C:\ti\ccsv6\tools\compiler\c5500_4.4.1\lib\</path>
         <kind>archive</kind>
         <file>rts55x.lib</file>
         <name>fltlid.obj</name>
      </input_file>
      <input_file id="fl-48">
         <path>C:\ti\ccsv6\tools\compiler\c5500_4.4.1\lib\</path>
         <kind>archive</kind>
         <file>rts55x.lib</file>
         <name>fputc.obj</name>
      </input_file>
      <input_file id="fl-49">
         <path>C:\ti\ccsv6\tools\compiler\c5500_4.4.1\lib\</path>
         <kind>archive</kind>
         <file>rts55x.lib</file>
         <name>fputs.obj</name>
      </input_file>
      <input_file id="fl-4a">
         <path>C:\ti\ccsv6\tools\compiler\c5500_4.4.1\lib\</path>
         <kind>archive</kind>
         <file>rts55x.lib</file>
         <name>frcmpyd.obj</name>
      </input_file>
      <input_file id="fl-4b">
         <path>C:\ti\ccsv6\tools\compiler\c5500_4.4.1\lib\</path>
         <kind>archive</kind>
         <file>rts55x.lib</file>
         <name>frcmpyd_div.obj</name>
      </input_file>
      <input_file id="fl-4c">
         <path>C:\ti\ccsv6\tools\compiler\c5500_4.4.1\lib\</path>
         <kind>archive</kind>
         <file>rts55x.lib</file>
         <name>fseek.obj</name>
      </input_file>
      <input_file id="fl-4d">
         <path>C:\ti\ccsv6\tools\compiler\c5500_4.4.1\lib\</path>
         <kind>archive</kind>
         <file>rts55x.lib</file>
         <name>isinf.obj</name>
      </input_file>
      <input_file id="fl-4e">
         <path>C:\ti\ccsv6\tools\compiler\c5500_4.4.1\lib\</path>
         <kind>archive</kind>
         <file>rts55x.lib</file>
         <name>llmpy.obj</name>
      </input_file>
      <input_file id="fl-4f">
         <path>C:\ti\ccsv6\tools\compiler\c5500_4.4.1\lib\</path>
         <kind>archive</kind>
         <file>rts55x.lib</file>
         <name>ltoa.obj</name>
      </input_file>
      <input_file id="fl-50">
         <path>C:\ti\ccsv6\tools\compiler\c5500_4.4.1\lib\</path>
         <kind>archive</kind>
         <file>rts55x.lib</file>
         <name>memccpy.obj</name>
      </input_file>
      <input_file id="fl-51">
         <path>C:\ti\ccsv6\tools\compiler\c5500_4.4.1\lib\</path>
         <kind>archive</kind>
         <file>rts55x.lib</file>
         <name>negd.obj</name>
      </input_file>
      <input_file id="fl-52">
         <path>C:\ti\ccsv6\tools\compiler\c5500_4.4.1\lib\</path>
         <kind>archive</kind>
         <file>rts55x.lib</file>
         <name>remli.obj</name>
      </input_file>
      <input_file id="fl-53">
         <path>C:\ti\ccsv6\tools\compiler\c5500_4.4.1\lib\</path>
         <kind>archive</kind>
         <file>rts55x.lib</file>
         <name>remul.obj</name>
      </input_file>
      <input_file id="fl-54">
         <path>C:\ti\ccsv6\tools\compiler\c5500_4.4.1\lib\</path>
         <kind>archive</kind>
         <file>rts55x.lib</file>
         <name>setvbuf.obj</name>
      </input_file>
      <input_file id="fl-55">
         <path>C:\ti\ccsv6\tools\compiler\c5500_4.4.1\lib\</path>
         <kind>archive</kind>
         <file>rts55x.lib</file>
         <name>divli.obj</name>
      </input_file>
   </input_file_list>
   <object_component_list>
      <object_component id="oc-ad">
         <name>.text</name>
         <load_address>0x20000</load_address>
         <run_address>0x20000</run_address>
         <size>0x15a4</size>
         <input_file_ref idref="fl-3c"/>
      </object_component>
      <object_component id="oc-2d">
         <name>.text</name>
         <load_address>0x215a4</load_address>
         <run_address>0x215a4</run_address>
         <size>0x589</size>
         <input_file_ref idref="fl-6"/>
      </object_component>
      <object_component id="oc-6b">
         <name>.text</name>
         <load_address>0x21b2d</load_address>
         <run_address>0x21b2d</run_address>
         <size>0x543</size>
         <input_file_ref idref="fl-2e"/>
      </object_component>
      <object_component id="oc-8c">
         <name>.text</name>
         <load_address>0x22070</load_address>
         <run_address>0x22070</run_address>
         <size>0x528</size>
         <input_file_ref idref="fl-35"/>
      </object_component>
      <object_component id="oc-75">
         <name>.text</name>
         <load_address>0x22598</load_address>
         <run_address>0x22598</run_address>
         <size>0x4b5</size>
         <input_file_ref idref="fl-30"/>
      </object_component>
      <object_component id="oc-c9">
         <name>.text</name>
         <load_address>0x22a4d</load_address>
         <run_address>0x22a4d</run_address>
         <size>0x3cc</size>
         <input_file_ref idref="fl-43"/>
      </object_component>
      <object_component id="oc-59">
         <name>.text</name>
         <load_address>0x22e19</load_address>
         <run_address>0x22e19</run_address>
         <size>0x27f</size>
         <input_file_ref idref="fl-2a"/>
      </object_component>
      <object_component id="oc-f7">
         <name>.text</name>
         <load_address>0x23098</load_address>
         <run_address>0x23098</run_address>
         <size>0x25e</size>
         <input_file_ref idref="fl-4e"/>
      </object_component>
      <object_component id="oc-42">
         <name>.text</name>
         <load_address>0x232f6</load_address>
         <run_address>0x232f6</run_address>
         <size>0x25a</size>
         <input_file_ref idref="fl-25"/>
      </object_component>
      <object_component id="oc-22">
         <name>.text</name>
         <load_address>0x23550</load_address>
         <run_address>0x23550</run_address>
         <size>0x20f</size>
         <input_file_ref idref="fl-4"/>
      </object_component>
      <object_component id="oc-63">
         <name>.text</name>
         <load_address>0x2375f</load_address>
         <run_address>0x2375f</run_address>
         <size>0x1ee</size>
         <input_file_ref idref="fl-2c"/>
      </object_component>
      <object_component id="oc-bf">
         <name>.text</name>
         <load_address>0x2394d</load_address>
         <run_address>0x2394d</run_address>
         <size>0x1ea</size>
         <input_file_ref idref="fl-40"/>
      </object_component>
      <object_component id="oc-e2">
         <name>.text</name>
         <load_address>0x23b37</load_address>
         <run_address>0x23b37</run_address>
         <size>0x163</size>
         <input_file_ref idref="fl-49"/>
      </object_component>
      <object_component id="oc-27">
         <name>.text</name>
         <load_address>0x23c9a</load_address>
         <run_address>0x23c9a</run_address>
         <size>0x152</size>
         <input_file_ref idref="fl-5"/>
      </object_component>
      <object_component id="oc-7c">
         <name>.text</name>
         <load_address>0x23dec</load_address>
         <run_address>0x23dec</run_address>
         <size>0x14c</size>
         <input_file_ref idref="fl-31"/>
      </object_component>
      <object_component id="oc-35">
         <name>.text</name>
         <load_address>0x23f38</load_address>
         <run_address>0x23f38</run_address>
         <size>0x134</size>
         <input_file_ref idref="fl-7"/>
      </object_component>
      <object_component id="oc-5f">
         <name>.text</name>
         <load_address>0x2406c</load_address>
         <run_address>0x2406c</run_address>
         <size>0x10f</size>
         <input_file_ref idref="fl-2b"/>
      </object_component>
      <object_component id="oc-1a">
         <name>.text</name>
         <load_address>0x2417b</load_address>
         <run_address>0x2417b</run_address>
         <size>0xf6</size>
         <input_file_ref idref="fl-3"/>
      </object_component>
      <object_component id="oc-13">
         <name>.text</name>
         <load_address>0x24271</load_address>
         <run_address>0x24271</run_address>
         <size>0xf2</size>
         <input_file_ref idref="fl-2"/>
      </object_component>
      <object_component id="oc-10f">
         <name>.text</name>
         <load_address>0x24363</load_address>
         <run_address>0x24363</run_address>
         <size>0xe6</size>
         <input_file_ref idref="fl-54"/>
      </object_component>
      <object_component id="oc-a3">
         <name>.text</name>
         <load_address>0x24449</load_address>
         <run_address>0x24449</run_address>
         <size>0xdd</size>
         <input_file_ref idref="fl-3a"/>
      </object_component>
      <object_component id="oc-55">
         <name>.text</name>
         <load_address>0x24526</load_address>
         <run_address>0x24526</run_address>
         <size>0xc2</size>
         <input_file_ref idref="fl-29"/>
      </object_component>
      <object_component id="oc-94">
         <name>.text:CIO_breakpoint</name>
         <load_address>0x245e8</load_address>
         <run_address>0x245e8</run_address>
         <size>0xba</size>
         <input_file_ref idref="fl-36"/>
      </object_component>
      <object_component id="oc-9f">
         <name>.text</name>
         <load_address>0x246a2</load_address>
         <run_address>0x246a2</run_address>
         <size>0xae</size>
         <input_file_ref idref="fl-39"/>
      </object_component>
      <object_component id="oc-de">
         <name>.text</name>
         <load_address>0x24750</load_address>
         <run_address>0x24750</run_address>
         <size>0xa6</size>
         <input_file_ref idref="fl-48"/>
      </object_component>
      <object_component id="oc-cd">
         <name>.text</name>
         <load_address>0x247f6</load_address>
         <run_address>0x247f6</run_address>
         <size>0xa1</size>
         <input_file_ref idref="fl-44"/>
      </object_component>
      <object_component id="oc-fb">
         <name>.text</name>
         <load_address>0x24897</load_address>
         <run_address>0x24897</run_address>
         <size>0x7d</size>
         <input_file_ref idref="fl-4f"/>
      </object_component>
      <object_component id="oc-51">
         <name>.text</name>
         <load_address>0x24914</load_address>
         <run_address>0x24914</run_address>
         <size>0x7b</size>
         <input_file_ref idref="fl-28"/>
      </object_component>
      <object_component id="oc-e7">
         <name>.text</name>
         <load_address>0x2498f</load_address>
         <run_address>0x2498f</run_address>
         <size>0x76</size>
         <input_file_ref idref="fl-4a"/>
      </object_component>
      <object_component id="oc-eb">
         <name>.text</name>
         <load_address>0x24a05</load_address>
         <run_address>0x24a05</run_address>
         <size>0x73</size>
         <input_file_ref idref="fl-4b"/>
      </object_component>
      <object_component id="oc-10b">
         <name>.text</name>
         <load_address>0x24a78</load_address>
         <run_address>0x24a78</run_address>
         <size>0x72</size>
         <input_file_ref idref="fl-53"/>
      </object_component>
      <object_component id="oc-d5">
         <name>.text</name>
         <load_address>0x24aea</load_address>
         <run_address>0x24aea</run_address>
         <size>0x6f</size>
         <input_file_ref idref="fl-46"/>
      </object_component>
      <object_component id="oc-91">
         <name>.text</name>
         <load_address>0x24b59</load_address>
         <run_address>0x24b59</run_address>
         <size>0x6d</size>
         <input_file_ref idref="fl-36"/>
      </object_component>
      <object_component id="oc-ef">
         <name>.text</name>
         <load_address>0x24bc6</load_address>
         <run_address>0x24bc6</run_address>
         <size>0x6b</size>
         <input_file_ref idref="fl-4c"/>
      </object_component>
      <object_component id="oc-d9">
         <name>.text</name>
         <load_address>0x24c31</load_address>
         <run_address>0x24c31</run_address>
         <size>0x67</size>
         <input_file_ref idref="fl-47"/>
      </object_component>
      <object_component id="oc-b7">
         <name>.text</name>
         <load_address>0x24c98</load_address>
         <run_address>0x24c98</run_address>
         <size>0x5c</size>
         <input_file_ref idref="fl-3e"/>
      </object_component>
      <object_component id="oc-3d">
         <name>.text</name>
         <load_address>0x24cf4</load_address>
         <run_address>0x24cf4</run_address>
         <size>0x54</size>
         <input_file_ref idref="fl-11"/>
      </object_component>
      <object_component id="oc-80">
         <name>.text</name>
         <load_address>0x24d48</load_address>
         <run_address>0x24d48</run_address>
         <size>0x50</size>
         <input_file_ref idref="fl-32"/>
      </object_component>
      <object_component id="oc-bb">
         <name>.text</name>
         <load_address>0x24d98</load_address>
         <run_address>0x24d98</run_address>
         <size>0x4d</size>
         <input_file_ref idref="fl-3f"/>
      </object_component>
      <object_component id="oc-b3">
         <name>.text</name>
         <load_address>0x24de5</load_address>
         <run_address>0x24de5</run_address>
         <size>0x4b</size>
         <input_file_ref idref="fl-3d"/>
      </object_component>
      <object_component id="oc-107">
         <name>.text</name>
         <load_address>0x24e30</load_address>
         <run_address>0x24e30</run_address>
         <size>0x4b</size>
         <input_file_ref idref="fl-52"/>
      </object_component>
      <object_component id="oc-113">
         <name>.text</name>
         <load_address>0x24e7b</load_address>
         <run_address>0x24e7b</run_address>
         <size>0x48</size>
         <input_file_ref idref="fl-55"/>
      </object_component>
      <object_component id="oc-71">
         <name>.text</name>
         <load_address>0x24ec3</load_address>
         <run_address>0x24ec3</run_address>
         <size>0x3f</size>
         <input_file_ref idref="fl-2f"/>
      </object_component>
      <object_component id="oc-4a">
         <name>.text</name>
         <load_address>0x24f02</load_address>
         <run_address>0x24f02</run_address>
         <size>0x3e</size>
         <input_file_ref idref="fl-27"/>
      </object_component>
      <object_component id="oc-11">
         <name>.text</name>
         <load_address>0x24f40</load_address>
         <run_address>0x24f40</run_address>
         <size>0x34</size>
         <input_file_ref idref="fl-26"/>
      </object_component>
      <object_component id="oc-d1">
         <name>.text</name>
         <load_address>0x24f74</load_address>
         <run_address>0x24f74</run_address>
         <size>0x2a</size>
         <input_file_ref idref="fl-45"/>
      </object_component>
      <object_component id="oc-97">
         <name>.text</name>
         <load_address>0x24f9e</load_address>
         <run_address>0x24f9e</run_address>
         <size>0x2a</size>
         <input_file_ref idref="fl-37"/>
      </object_component>
      <object_component id="oc-ff">
         <name>.text</name>
         <load_address>0x24fc8</load_address>
         <run_address>0x24fc8</run_address>
         <size>0x23</size>
         <input_file_ref idref="fl-50"/>
      </object_component>
      <object_component id="oc-f3">
         <name>.text</name>
         <load_address>0x24feb</load_address>
         <run_address>0x24feb</run_address>
         <size>0x1a</size>
         <input_file_ref idref="fl-4d"/>
      </object_component>
      <object_component id="oc-88">
         <name>.text</name>
         <load_address>0x25005</load_address>
         <run_address>0x25005</run_address>
         <size>0x14</size>
         <input_file_ref idref="fl-34"/>
      </object_component>
      <object_component id="oc-67">
         <name>.text</name>
         <load_address>0x25019</load_address>
         <run_address>0x25019</run_address>
         <size>0x13</size>
         <input_file_ref idref="fl-2d"/>
      </object_component>
      <object_component id="oc-a7">
         <name>.text</name>
         <load_address>0x2502c</load_address>
         <run_address>0x2502c</run_address>
         <size>0x12</size>
         <input_file_ref idref="fl-3b"/>
      </object_component>
      <object_component id="oc-103">
         <name>.text</name>
         <load_address>0x2503e</load_address>
         <run_address>0x2503e</run_address>
         <size>0x10</size>
         <input_file_ref idref="fl-51"/>
      </object_component>
      <object_component id="oc-84">
         <name>.text</name>
         <load_address>0x2504e</load_address>
         <run_address>0x2504e</run_address>
         <size>0xa</size>
         <input_file_ref idref="fl-33"/>
      </object_component>
      <object_component id="oc-4e">
         <name>.text:CIO_breakpoint</name>
         <load_address>0x25058</load_address>
         <run_address>0x25058</run_address>
         <size>0x7</size>
         <input_file_ref idref="fl-27"/>
      </object_component>
      <object_component id="oc-9b">
         <name>.text</name>
         <load_address>0x2505f</load_address>
         <run_address>0x2505f</run_address>
         <size>0x2</size>
         <input_file_ref idref="fl-38"/>
      </object_component>
      <object_component id="oc-46">
         <name>.stack</name>
         <uninitialized>true</uninitialized>
         <run_address>0xc0</run_address>
         <size>0x0</size>
         <input_file_ref idref="fl-26"/>
      </object_component>
      <object_component id="oc-132">
         <name>.stack</name>
         <uninitialized>true</uninitialized>
         <run_address>0xc0</run_address>
         <size>0x0</size>
      </object_component>
      <object_component id="oc-117">
         <name>.sysstack</name>
         <uninitialized>true</uninitialized>
         <run_address>0x20c0</run_address>
         <size>0x0</size>
         <input_file_ref idref="fl-26"/>
      </object_component>
      <object_component id="oc-134">
         <name>.sysstack</name>
         <uninitialized>true</uninitialized>
         <run_address>0x20c0</run_address>
         <size>0x0</size>
      </object_component>
      <object_component id="oc-28">
         <name>.bss</name>
         <uninitialized>true</uninitialized>
         <run_address>0x50c0</run_address>
         <size>0x800</size>
         <input_file_ref idref="fl-5"/>
      </object_component>
      <object_component id="oc-36">
         <name>.bss</name>
         <uninitialized>true</uninitialized>
         <run_address>0x58c0</run_address>
         <size>0x6c8</size>
         <input_file_ref idref="fl-7"/>
      </object_component>
      <object_component id="oc-c5">
         <name>.bss</name>
         <uninitialized>true</uninitialized>
         <run_address>0x5f88</run_address>
         <size>0x232</size>
         <input_file_ref idref="fl-42"/>
      </object_component>
      <object_component id="oc-8d">
         <name>.bss</name>
         <uninitialized>true</uninitialized>
         <run_address>0x61ba</run_address>
         <size>0x1a0</size>
         <input_file_ref idref="fl-35"/>
      </object_component>
      <object_component id="oc-5a">
         <name>.bss</name>
         <uninitialized>true</uninitialized>
         <run_address>0x635a</run_address>
         <size>0x2</size>
         <input_file_ref idref="fl-2a"/>
      </object_component>
      <object_component id="oc-6c">
         <name>.bss</name>
         <uninitialized>true</uninitialized>
         <run_address>0x635c</run_address>
         <size>0xe2</size>
         <input_file_ref idref="fl-2e"/>
      </object_component>
      <object_component id="oc-2e">
         <name>.bss</name>
         <uninitialized>true</uninitialized>
         <run_address>0x643e</run_address>
         <size>0xc</size>
         <input_file_ref idref="fl-6"/>
      </object_component>
      <object_component id="oc-76">
         <name>.bss</name>
         <uninitialized>true</uninitialized>
         <run_address>0x644c</run_address>
         <size>0xc</size>
         <input_file_ref idref="fl-30"/>
      </object_component>
      <object_component id="oc-14">
         <name>.bss</name>
         <uninitialized>true</uninitialized>
         <run_address>0x6458</run_address>
         <size>0xa</size>
         <input_file_ref idref="fl-2"/>
      </object_component>
      <object_component id="oc-1b">
         <name>.bss</name>
         <uninitialized>true</uninitialized>
         <run_address>0x6464</run_address>
         <size>0x8</size>
         <input_file_ref idref="fl-3"/>
      </object_component>
      <object_component id="oc-a8">
         <name>.bss</name>
         <uninitialized>true</uninitialized>
         <run_address>0x646c</run_address>
         <size>0x8</size>
         <input_file_ref idref="fl-3b"/>
      </object_component>
      <object_component id="oc-4b">
         <name>.bss</name>
         <uninitialized>true</uninitialized>
         <run_address>0x6474</run_address>
         <size>0x8</size>
         <input_file_ref idref="fl-27"/>
      </object_component>
      <object_component id="oc-118">
         <name>.const:__ctypes_</name>
         <load_address>0x647c</load_address>
         <run_address>0x647c</run_address>
         <size>0x202</size>
         <input_file_ref idref="fl-41"/>
      </object_component>
      <object_component id="oc-1e">
         <name>.const:.string</name>
         <load_address>0x6680</load_address>
         <run_address>0x6680</run_address>
         <size>0x12e</size>
         <input_file_ref idref="fl-3"/>
      </object_component>
      <object_component id="oc-39">
         <name>.const:.string</name>
         <load_address>0x67b0</load_address>
         <run_address>0x67b0</run_address>
         <size>0xae</size>
         <input_file_ref idref="fl-7"/>
      </object_component>
      <object_component id="oc-b0">
         <name>.const:.string</name>
         <load_address>0x6860</load_address>
         <run_address>0x6860</run_address>
         <size>0x48</size>
         <input_file_ref idref="fl-3c"/>
      </object_component>
      <object_component id="oc-af">
         <name>.const</name>
         <load_address>0x68a8</load_address>
         <run_address>0x68a8</run_address>
         <size>0x18</size>
         <input_file_ref idref="fl-3c"/>
      </object_component>
      <object_component id="oc-119">
         <name>.const:_initial_approx$1</name>
         <load_address>0x68c0</load_address>
         <run_address>0x68c0</run_address>
         <size>0x10</size>
         <input_file_ref idref="fl-43"/>
      </object_component>
      <object_component id="oc-e4">
         <name>.const:.string</name>
         <load_address>0x68d0</load_address>
         <run_address>0x68d0</run_address>
         <size>0x4</size>
         <input_file_ref idref="fl-49"/>
      </object_component>
      <object_component id="oc-31">
         <name>.const</name>
         <load_address>0x68d4</load_address>
         <run_address>0x68d4</run_address>
         <size>0x4</size>
         <input_file_ref idref="fl-6"/>
      </object_component>
      <object_component id="oc-db">
         <name>.const</name>
         <load_address>0x68d8</load_address>
         <run_address>0x68d8</run_address>
         <size>0x4</size>
         <input_file_ref idref="fl-47"/>
      </object_component>
      <object_component id="oc-79">
         <name>.sysmem</name>
         <uninitialized>true</uninitialized>
         <run_address>0x30c0</run_address>
         <size>0x0</size>
         <input_file_ref idref="fl-30"/>
      </object_component>
      <object_component id="oc-133">
         <name>.sysmem</name>
         <uninitialized>true</uninitialized>
         <run_address>0x30c0</run_address>
         <size>0x0</size>
      </object_component>
      <object_component id="oc-38">
         <name>.cinit</name>
         <load_address>0x40240</load_address>
         <run_address>0x40240</run_address>
         <size>0xea</size>
         <input_file_ref idref="fl-7"/>
      </object_component>
      <object_component id="oc-6e">
         <name>.cinit</name>
         <load_address>0x4032a</load_address>
         <run_address>0x4032a</run_address>
         <size>0x5a</size>
         <input_file_ref idref="fl-2e"/>
      </object_component>
      <object_component id="oc-c7">
         <name>.cinit</name>
         <load_address>0x40384</load_address>
         <run_address>0x40384</run_address>
         <size>0x54</size>
         <input_file_ref idref="fl-42"/>
      </object_component>
      <object_component id="oc-1d">
         <name>.cinit</name>
         <load_address>0x403d8</load_address>
         <run_address>0x403d8</run_address>
         <size>0x14</size>
         <input_file_ref idref="fl-3"/>
      </object_component>
      <object_component id="oc-aa">
         <name>.cinit</name>
         <load_address>0x403ec</load_address>
         <run_address>0x403ec</run_address>
         <size>0x14</size>
         <input_file_ref idref="fl-3b"/>
      </object_component>
      <object_component id="oc-4d">
         <name>.cinit</name>
         <load_address>0x40400</load_address>
         <run_address>0x40400</run_address>
         <size>0x14</size>
         <input_file_ref idref="fl-27"/>
      </object_component>
      <object_component id="oc-30">
         <name>.cinit</name>
         <load_address>0x40414</load_address>
         <run_address>0x40414</run_address>
         <size>0x12</size>
         <input_file_ref idref="fl-6"/>
      </object_component>
      <object_component id="oc-16">
         <name>.cinit</name>
         <load_address>0x40426</load_address>
         <run_address>0x40426</run_address>
         <size>0x8</size>
         <input_file_ref idref="fl-2"/>
      </object_component>
      <object_component id="oc-5c">
         <name>.cinit</name>
         <load_address>0x4042e</load_address>
         <run_address>0x4042e</run_address>
         <size>0x8</size>
         <input_file_ref idref="fl-2a"/>
      </object_component>
      <object_component id="oc-78">
         <name>.cinit</name>
         <load_address>0x40436</load_address>
         <run_address>0x40436</run_address>
         <size>0x8</size>
         <input_file_ref idref="fl-30"/>
      </object_component>
      <object_component id="oc-93">
         <name>.cio</name>
         <uninitialized>true</uninitialized>
         <run_address>0x40000</run_address>
         <size>0x240</size>
         <input_file_ref idref="fl-36"/>
      </object_component>
      <object_component id="oc-12">
         <name>vectors</name>
         <load_address>0x4fe00</load_address>
         <run_address>0x4fe00</run_address>
         <size>0x100</size>
         <input_file_ref idref="fl-38"/>
      </object_component>
      <object_component id="oc-15">
         <name>.debug_info</name>
         <load_address>0x0</load_address>
         <run_address>0x0</run_address>
         <size>0x925</size>
         <input_file_ref idref="fl-2"/>
      </object_component>
      <object_component id="oc-1c">
         <name>.debug_info</name>
         <load_address>0x925</load_address>
         <run_address>0x925</run_address>
         <size>0x937</size>
         <input_file_ref idref="fl-3"/>
      </object_component>
      <object_component id="oc-23">
         <name>.debug_info</name>
         <load_address>0x125c</load_address>
         <run_address>0x125c</run_address>
         <size>0xc12</size>
         <input_file_ref idref="fl-4"/>
      </object_component>
      <object_component id="oc-29">
         <name>.debug_info</name>
         <load_address>0x1e6e</load_address>
         <run_address>0x1e6e</run_address>
         <size>0x9e9</size>
         <input_file_ref idref="fl-5"/>
      </object_component>
      <object_component id="oc-2f">
         <name>.debug_info</name>
         <load_address>0x2857</load_address>
         <run_address>0x2857</run_address>
         <size>0xe59</size>
         <input_file_ref idref="fl-6"/>
      </object_component>
      <object_component id="oc-37">
         <name>.debug_info</name>
         <load_address>0x36b0</load_address>
         <run_address>0x36b0</run_address>
         <size>0xd8e</size>
         <input_file_ref idref="fl-7"/>
      </object_component>
      <object_component id="oc-3e">
         <name>.debug_info</name>
         <load_address>0x443e</load_address>
         <run_address>0x443e</run_address>
         <size>0x5896</size>
         <input_file_ref idref="fl-11"/>
      </object_component>
      <object_component id="oc-43">
         <name>.debug_info</name>
         <load_address>0x9cd4</load_address>
         <run_address>0x9cd4</run_address>
         <size>0x5ab</size>
         <input_file_ref idref="fl-25"/>
      </object_component>
      <object_component id="oc-47">
         <name>.debug_info</name>
         <load_address>0xa27f</load_address>
         <run_address>0xa27f</run_address>
         <size>0xe8</size>
         <input_file_ref idref="fl-26"/>
      </object_component>
      <object_component id="oc-4c">
         <name>.debug_info</name>
         <load_address>0xa367</load_address>
         <run_address>0xa367</run_address>
         <size>0x5fb</size>
         <input_file_ref idref="fl-27"/>
      </object_component>
      <object_component id="oc-52">
         <name>.debug_info</name>
         <load_address>0xa962</load_address>
         <run_address>0xa962</run_address>
         <size>0x64f</size>
         <input_file_ref idref="fl-28"/>
      </object_component>
      <object_component id="oc-56">
         <name>.debug_info</name>
         <load_address>0xafb1</load_address>
         <run_address>0xafb1</run_address>
         <size>0x706</size>
         <input_file_ref idref="fl-29"/>
      </object_component>
      <object_component id="oc-5b">
         <name>.debug_info</name>
         <load_address>0xb6b7</load_address>
         <run_address>0xb6b7</run_address>
         <size>0xa1c</size>
         <input_file_ref idref="fl-2a"/>
      </object_component>
      <object_component id="oc-60">
         <name>.debug_info</name>
         <load_address>0xc0d3</load_address>
         <run_address>0xc0d3</run_address>
         <size>0x762</size>
         <input_file_ref idref="fl-2b"/>
      </object_component>
      <object_component id="oc-64">
         <name>.debug_info</name>
         <load_address>0xc835</load_address>
         <run_address>0xc835</run_address>
         <size>0x8f7</size>
         <input_file_ref idref="fl-2c"/>
      </object_component>
      <object_component id="oc-68">
         <name>.debug_info</name>
         <load_address>0xd12c</load_address>
         <run_address>0xd12c</run_address>
         <size>0xbd</size>
         <input_file_ref idref="fl-2d"/>
      </object_component>
      <object_component id="oc-6d">
         <name>.debug_info</name>
         <load_address>0xd1e9</load_address>
         <run_address>0xd1e9</run_address>
         <size>0x144b</size>
         <input_file_ref idref="fl-2e"/>
      </object_component>
      <object_component id="oc-72">
         <name>.debug_info</name>
         <load_address>0xe634</load_address>
         <run_address>0xe634</run_address>
         <size>0xd1</size>
         <input_file_ref idref="fl-2f"/>
      </object_component>
      <object_component id="oc-77">
         <name>.debug_info</name>
         <load_address>0xe705</load_address>
         <run_address>0xe705</run_address>
         <size>0xb97</size>
         <input_file_ref idref="fl-30"/>
      </object_component>
      <object_component id="oc-7d">
         <name>.debug_info</name>
         <load_address>0xf29c</load_address>
         <run_address>0xf29c</run_address>
         <size>0x55b</size>
         <input_file_ref idref="fl-31"/>
      </object_component>
      <object_component id="oc-81">
         <name>.debug_info</name>
         <load_address>0xf7f7</load_address>
         <run_address>0xf7f7</run_address>
         <size>0x76c</size>
         <input_file_ref idref="fl-32"/>
      </object_component>
      <object_component id="oc-85">
         <name>.debug_info</name>
         <load_address>0xff63</load_address>
         <run_address>0xff63</run_address>
         <size>0x510</size>
         <input_file_ref idref="fl-33"/>
      </object_component>
      <object_component id="oc-89">
         <name>.debug_info</name>
         <load_address>0x10473</load_address>
         <run_address>0x10473</run_address>
         <size>0x4de</size>
         <input_file_ref idref="fl-34"/>
      </object_component>
      <object_component id="oc-8e">
         <name>.debug_info</name>
         <load_address>0x10951</load_address>
         <run_address>0x10951</run_address>
         <size>0xed4</size>
         <input_file_ref idref="fl-35"/>
      </object_component>
      <object_component id="oc-92">
         <name>.debug_info</name>
         <load_address>0x11825</load_address>
         <run_address>0x11825</run_address>
         <size>0x744</size>
         <input_file_ref idref="fl-36"/>
      </object_component>
      <object_component id="oc-98">
         <name>.debug_info</name>
         <load_address>0x11f69</load_address>
         <run_address>0x11f69</run_address>
         <size>0xef</size>
         <input_file_ref idref="fl-37"/>
      </object_component>
      <object_component id="oc-9c">
         <name>.debug_info</name>
         <load_address>0x12058</load_address>
         <run_address>0x12058</run_address>
         <size>0xbc</size>
         <input_file_ref idref="fl-38"/>
      </object_component>
      <object_component id="oc-a0">
         <name>.debug_info</name>
         <load_address>0x12114</load_address>
         <run_address>0x12114</run_address>
         <size>0x6b8</size>
         <input_file_ref idref="fl-39"/>
      </object_component>
      <object_component id="oc-a4">
         <name>.debug_info</name>
         <load_address>0x127cc</load_address>
         <run_address>0x127cc</run_address>
         <size>0x662</size>
         <input_file_ref idref="fl-3a"/>
      </object_component>
      <object_component id="oc-a9">
         <name>.debug_info</name>
         <load_address>0x12e2e</load_address>
         <run_address>0x12e2e</run_address>
         <size>0x5bc</size>
         <input_file_ref idref="fl-3b"/>
      </object_component>
      <object_component id="oc-ae">
         <name>.debug_info</name>
         <load_address>0x133ea</load_address>
         <run_address>0x133ea</run_address>
         <size>0x27bd</size>
         <input_file_ref idref="fl-3c"/>
      </object_component>
      <object_component id="oc-b4">
         <name>.debug_info</name>
         <load_address>0x15ba7</load_address>
         <run_address>0x15ba7</run_address>
         <size>0x586</size>
         <input_file_ref idref="fl-3d"/>
      </object_component>
      <object_component id="oc-b8">
         <name>.debug_info</name>
         <load_address>0x1612d</load_address>
         <run_address>0x1612d</run_address>
         <size>0x5a4</size>
         <input_file_ref idref="fl-3e"/>
      </object_component>
      <object_component id="oc-bc">
         <name>.debug_info</name>
         <load_address>0x166d1</load_address>
         <run_address>0x166d1</run_address>
         <size>0xcd</size>
         <input_file_ref idref="fl-3f"/>
      </object_component>
      <object_component id="oc-c0">
         <name>.debug_info</name>
         <load_address>0x1679e</load_address>
         <run_address>0x1679e</run_address>
         <size>0x81f</size>
         <input_file_ref idref="fl-40"/>
      </object_component>
      <object_component id="oc-c3">
         <name>.debug_info</name>
         <load_address>0x16fbd</load_address>
         <run_address>0x16fbd</run_address>
         <size>0x498</size>
         <input_file_ref idref="fl-41"/>
      </object_component>
      <object_component id="oc-c6">
         <name>.debug_info</name>
         <load_address>0x17455</load_address>
         <run_address>0x17455</run_address>
         <size>0x57e</size>
         <input_file_ref idref="fl-42"/>
      </object_component>
      <object_component id="oc-ca">
         <name>.debug_info</name>
         <load_address>0x179d3</load_address>
         <run_address>0x179d3</run_address>
         <size>0x7e8</size>
         <input_file_ref idref="fl-43"/>
      </object_component>
      <object_component id="oc-ce">
         <name>.debug_info</name>
         <load_address>0x181bb</load_address>
         <run_address>0x181bb</run_address>
         <size>0x534</size>
         <input_file_ref idref="fl-44"/>
      </object_component>
      <object_component id="oc-d2">
         <name>.debug_info</name>
         <load_address>0x186ef</load_address>
         <run_address>0x186ef</run_address>
         <size>0x4cf</size>
         <input_file_ref idref="fl-45"/>
      </object_component>
      <object_component id="oc-d6">
         <name>.debug_info</name>
         <load_address>0x18bbe</load_address>
         <run_address>0x18bbe</run_address>
         <size>0x534</size>
         <input_file_ref idref="fl-46"/>
      </object_component>
      <object_component id="oc-da">
         <name>.debug_info</name>
         <load_address>0x190f2</load_address>
         <run_address>0x190f2</run_address>
         <size>0x549</size>
         <input_file_ref idref="fl-47"/>
      </object_component>
      <object_component id="oc-df">
         <name>.debug_info</name>
         <load_address>0x1963b</load_address>
         <run_address>0x1963b</run_address>
         <size>0x6aa</size>
         <input_file_ref idref="fl-48"/>
      </object_component>
      <object_component id="oc-e3">
         <name>.debug_info</name>
         <load_address>0x19ce5</load_address>
         <run_address>0x19ce5</run_address>
         <size>0x942</size>
         <input_file_ref idref="fl-49"/>
      </object_component>
      <object_component id="oc-e8">
         <name>.debug_info</name>
         <load_address>0x1a627</load_address>
         <run_address>0x1a627</run_address>
         <size>0x4d2</size>
         <input_file_ref idref="fl-4a"/>
      </object_component>
      <object_component id="oc-ec">
         <name>.debug_info</name>
         <load_address>0x1aaf9</load_address>
         <run_address>0x1aaf9</run_address>
         <size>0x53e</size>
         <input_file_ref idref="fl-4b"/>
      </object_component>
      <object_component id="oc-f0">
         <name>.debug_info</name>
         <load_address>0x1b037</load_address>
         <run_address>0x1b037</run_address>
         <size>0x5f7</size>
         <input_file_ref idref="fl-4c"/>
      </object_component>
      <object_component id="oc-f4">
         <name>.debug_info</name>
         <load_address>0x1b62e</load_address>
         <run_address>0x1b62e</run_address>
         <size>0x680</size>
         <input_file_ref idref="fl-4d"/>
      </object_component>
      <object_component id="oc-f8">
         <name>.debug_info</name>
         <load_address>0x1bcae</load_address>
         <run_address>0x1bcae</run_address>
         <size>0x7d4</size>
         <input_file_ref idref="fl-4e"/>
      </object_component>
      <object_component id="oc-fc">
         <name>.debug_info</name>
         <load_address>0x1c482</load_address>
         <run_address>0x1c482</run_address>
         <size>0x5ad</size>
         <input_file_ref idref="fl-4f"/>
      </object_component>
      <object_component id="oc-100">
         <name>.debug_info</name>
         <load_address>0x1ca2f</load_address>
         <run_address>0x1ca2f</run_address>
         <size>0x574</size>
         <input_file_ref idref="fl-50"/>
      </object_component>
      <object_component id="oc-104">
         <name>.debug_info</name>
         <load_address>0x1cfa3</load_address>
         <run_address>0x1cfa3</run_address>
         <size>0x4b7</size>
         <input_file_ref idref="fl-51"/>
      </object_component>
      <object_component id="oc-108">
         <name>.debug_info</name>
         <load_address>0x1d45a</load_address>
         <run_address>0x1d45a</run_address>
         <size>0x4f2</size>
         <input_file_ref idref="fl-52"/>
      </object_component>
      <object_component id="oc-10c">
         <name>.debug_info</name>
         <load_address>0x1d94c</load_address>
         <run_address>0x1d94c</run_address>
         <size>0x534</size>
         <input_file_ref idref="fl-53"/>
      </object_component>
      <object_component id="oc-110">
         <name>.debug_info</name>
         <load_address>0x1de80</load_address>
         <run_address>0x1de80</run_address>
         <size>0x64a</size>
         <input_file_ref idref="fl-54"/>
      </object_component>
      <object_component id="oc-114">
         <name>.debug_info</name>
         <load_address>0x1e4ca</load_address>
         <run_address>0x1e4ca</run_address>
         <size>0x4f2</size>
         <input_file_ref idref="fl-55"/>
      </object_component>
      <object_component id="oc-13e">
         <name>.debug_info</name>
         <load_address>0x1e9bc</load_address>
         <run_address>0x1e9bc</run_address>
         <size>0x6e</size>
      </object_component>
      <object_component id="oc-17">
         <name>.debug_frame</name>
         <load_address>0x0</load_address>
         <run_address>0x0</run_address>
         <size>0x132</size>
         <input_file_ref idref="fl-2"/>
      </object_component>
      <object_component id="oc-1f">
         <name>.debug_frame</name>
         <load_address>0x132</load_address>
         <run_address>0x132</run_address>
         <size>0x139</size>
         <input_file_ref idref="fl-3"/>
      </object_component>
      <object_component id="oc-24">
         <name>.debug_frame</name>
         <load_address>0x26b</load_address>
         <run_address>0x26b</run_address>
         <size>0x103</size>
         <input_file_ref idref="fl-4"/>
      </object_component>
      <object_component id="oc-2a">
         <name>.debug_frame</name>
         <load_address>0x36e</load_address>
         <run_address>0x36e</run_address>
         <size>0x118</size>
         <input_file_ref idref="fl-5"/>
      </object_component>
      <object_component id="oc-32">
         <name>.debug_frame</name>
         <load_address>0x486</load_address>
         <run_address>0x486</run_address>
         <size>0x177</size>
         <input_file_ref idref="fl-6"/>
      </object_component>
      <object_component id="oc-3a">
         <name>.debug_frame</name>
         <load_address>0x5fd</load_address>
         <run_address>0x5fd</run_address>
         <size>0xe2</size>
         <input_file_ref idref="fl-7"/>
      </object_component>
      <object_component id="oc-3f">
         <name>.debug_frame</name>
         <load_address>0x6df</load_address>
         <run_address>0x6df</run_address>
         <size>0x116</size>
         <input_file_ref idref="fl-11"/>
      </object_component>
      <object_component id="oc-18">
         <name>.debug_line</name>
         <load_address>0x0</load_address>
         <run_address>0x0</run_address>
         <size>0xac</size>
         <input_file_ref idref="fl-2"/>
      </object_component>
      <object_component id="oc-20">
         <name>.debug_line</name>
         <load_address>0xac</load_address>
         <run_address>0xac</run_address>
         <size>0xb8</size>
         <input_file_ref idref="fl-3"/>
      </object_component>
      <object_component id="oc-25">
         <name>.debug_line</name>
         <load_address>0x164</load_address>
         <run_address>0x164</run_address>
         <size>0x106</size>
         <input_file_ref idref="fl-4"/>
      </object_component>
      <object_component id="oc-2b">
         <name>.debug_line</name>
         <load_address>0x26a</load_address>
         <run_address>0x26a</run_address>
         <size>0xbe</size>
         <input_file_ref idref="fl-5"/>
      </object_component>
      <object_component id="oc-33">
         <name>.debug_line</name>
         <load_address>0x328</load_address>
         <run_address>0x328</run_address>
         <size>0x1d8</size>
         <input_file_ref idref="fl-6"/>
      </object_component>
      <object_component id="oc-3b">
         <name>.debug_line</name>
         <load_address>0x500</load_address>
         <run_address>0x500</run_address>
         <size>0xc1</size>
         <input_file_ref idref="fl-7"/>
      </object_component>
      <object_component id="oc-40">
         <name>.debug_line</name>
         <load_address>0x5c1</load_address>
         <run_address>0x5c1</run_address>
         <size>0x59c</size>
         <input_file_ref idref="fl-11"/>
      </object_component>
      <object_component id="oc-44">
         <name>.debug_line</name>
         <load_address>0xb5d</load_address>
         <run_address>0xb5d</run_address>
         <size>0x5c</size>
         <input_file_ref idref="fl-25"/>
      </object_component>
      <object_component id="oc-48">
         <name>.debug_line</name>
         <load_address>0xbb9</load_address>
         <run_address>0xbb9</run_address>
         <size>0x54</size>
         <input_file_ref idref="fl-26"/>
      </object_component>
      <object_component id="oc-4f">
         <name>.debug_line</name>
         <load_address>0xc0d</load_address>
         <run_address>0xc0d</run_address>
         <size>0x51</size>
         <input_file_ref idref="fl-27"/>
      </object_component>
      <object_component id="oc-53">
         <name>.debug_line</name>
         <load_address>0xc5e</load_address>
         <run_address>0xc5e</run_address>
         <size>0x3d</size>
         <input_file_ref idref="fl-28"/>
      </object_component>
      <object_component id="oc-57">
         <name>.debug_line</name>
         <load_address>0xc9b</load_address>
         <run_address>0xc9b</run_address>
         <size>0x5b</size>
         <input_file_ref idref="fl-29"/>
      </object_component>
      <object_component id="oc-5d">
         <name>.debug_line</name>
         <load_address>0xcf6</load_address>
         <run_address>0xcf6</run_address>
         <size>0xd7</size>
         <input_file_ref idref="fl-2a"/>
      </object_component>
      <object_component id="oc-61">
         <name>.debug_line</name>
         <load_address>0xdcd</load_address>
         <run_address>0xdcd</run_address>
         <size>0x4d</size>
         <input_file_ref idref="fl-2b"/>
      </object_component>
      <object_component id="oc-65">
         <name>.debug_line</name>
         <load_address>0xe1a</load_address>
         <run_address>0xe1a</run_address>
         <size>0x97</size>
         <input_file_ref idref="fl-2c"/>
      </object_component>
      <object_component id="oc-69">
         <name>.debug_line</name>
         <load_address>0xeb1</load_address>
         <run_address>0xeb1</run_address>
         <size>0x3c</size>
         <input_file_ref idref="fl-2d"/>
      </object_component>
      <object_component id="oc-6f">
         <name>.debug_line</name>
         <load_address>0xeed</load_address>
         <run_address>0xeed</run_address>
         <size>0x1b0</size>
         <input_file_ref idref="fl-2e"/>
      </object_component>
      <object_component id="oc-73">
         <name>.debug_line</name>
         <load_address>0x109d</load_address>
         <run_address>0x109d</run_address>
         <size>0x4d</size>
         <input_file_ref idref="fl-2f"/>
      </object_component>
      <object_component id="oc-7a">
         <name>.debug_line</name>
         <load_address>0x10ea</load_address>
         <run_address>0x10ea</run_address>
         <size>0x112</size>
         <input_file_ref idref="fl-30"/>
      </object_component>
      <object_component id="oc-7e">
         <name>.debug_line</name>
         <load_address>0x11fc</load_address>
         <run_address>0x11fc</run_address>
         <size>0x3c</size>
         <input_file_ref idref="fl-31"/>
      </object_component>
      <object_component id="oc-82">
         <name>.debug_line</name>
         <load_address>0x1238</load_address>
         <run_address>0x1238</run_address>
         <size>0x69</size>
         <input_file_ref idref="fl-32"/>
      </object_component>
      <object_component id="oc-86">
         <name>.debug_line</name>
         <load_address>0x12a1</load_address>
         <run_address>0x12a1</run_address>
         <size>0x39</size>
         <input_file_ref idref="fl-33"/>
      </object_component>
      <object_component id="oc-8a">
         <name>.debug_line</name>
         <load_address>0x12da</load_address>
         <run_address>0x12da</run_address>
         <size>0x37</size>
         <input_file_ref idref="fl-34"/>
      </object_component>
      <object_component id="oc-8f">
         <name>.debug_line</name>
         <load_address>0x1311</load_address>
         <run_address>0x1311</run_address>
         <size>0x15d</size>
         <input_file_ref idref="fl-35"/>
      </object_component>
      <object_component id="oc-95">
         <name>.debug_line</name>
         <load_address>0x146e</load_address>
         <run_address>0x146e</run_address>
         <size>0x6a</size>
         <input_file_ref idref="fl-36"/>
      </object_component>
      <object_component id="oc-99">
         <name>.debug_line</name>
         <load_address>0x14d8</load_address>
         <run_address>0x14d8</run_address>
         <size>0x58</size>
         <input_file_ref idref="fl-37"/>
      </object_component>
      <object_component id="oc-9d">
         <name>.debug_line</name>
         <load_address>0x1530</load_address>
         <run_address>0x1530</run_address>
         <size>0x37</size>
         <input_file_ref idref="fl-38"/>
      </object_component>
      <object_component id="oc-a1">
         <name>.debug_line</name>
         <load_address>0x1567</load_address>
         <run_address>0x1567</run_address>
         <size>0x4c</size>
         <input_file_ref idref="fl-39"/>
      </object_component>
      <object_component id="oc-a5">
         <name>.debug_line</name>
         <load_address>0x15b3</load_address>
         <run_address>0x15b3</run_address>
         <size>0x57</size>
         <input_file_ref idref="fl-3a"/>
      </object_component>
      <object_component id="oc-ab">
         <name>.debug_line</name>
         <load_address>0x160a</load_address>
         <run_address>0x160a</run_address>
         <size>0x57</size>
         <input_file_ref idref="fl-3b"/>
      </object_component>
      <object_component id="oc-b1">
         <name>.debug_line</name>
         <load_address>0x1661</load_address>
         <run_address>0x1661</run_address>
         <size>0x328</size>
         <input_file_ref idref="fl-3c"/>
      </object_component>
      <object_component id="oc-b5">
         <name>.debug_line</name>
         <load_address>0x1989</load_address>
         <run_address>0x1989</run_address>
         <size>0x41</size>
         <input_file_ref idref="fl-3d"/>
      </object_component>
      <object_component id="oc-b9">
         <name>.debug_line</name>
         <load_address>0x19ca</load_address>
         <run_address>0x19ca</run_address>
         <size>0x46</size>
         <input_file_ref idref="fl-3e"/>
      </object_component>
      <object_component id="oc-bd">
         <name>.debug_line</name>
         <load_address>0x1a10</load_address>
         <run_address>0x1a10</run_address>
         <size>0x55</size>
         <input_file_ref idref="fl-3f"/>
      </object_component>
      <object_component id="oc-c1">
         <name>.debug_line</name>
         <load_address>0x1a65</load_address>
         <run_address>0x1a65</run_address>
         <size>0xad</size>
         <input_file_ref idref="fl-40"/>
      </object_component>
      <object_component id="oc-cb">
         <name>.debug_line</name>
         <load_address>0x1b12</load_address>
         <run_address>0x1b12</run_address>
         <size>0x5b</size>
         <input_file_ref idref="fl-43"/>
      </object_component>
      <object_component id="oc-cf">
         <name>.debug_line</name>
         <load_address>0x1b6d</load_address>
         <run_address>0x1b6d</run_address>
         <size>0x44</size>
         <input_file_ref idref="fl-44"/>
      </object_component>
      <object_component id="oc-d3">
         <name>.debug_line</name>
         <load_address>0x1bb1</load_address>
         <run_address>0x1bb1</run_address>
         <size>0x3d</size>
         <input_file_ref idref="fl-45"/>
      </object_component>
      <object_component id="oc-d7">
         <name>.debug_line</name>
         <load_address>0x1bee</load_address>
         <run_address>0x1bee</run_address>
         <size>0x3d</size>
         <input_file_ref idref="fl-46"/>
      </object_component>
      <object_component id="oc-dc">
         <name>.debug_line</name>
         <load_address>0x1c2b</load_address>
         <run_address>0x1c2b</run_address>
         <size>0x44</size>
         <input_file_ref idref="fl-47"/>
      </object_component>
      <object_component id="oc-e0">
         <name>.debug_line</name>
         <load_address>0x1c6f</load_address>
         <run_address>0x1c6f</run_address>
         <size>0x56</size>
         <input_file_ref idref="fl-48"/>
      </object_component>
      <object_component id="oc-e5">
         <name>.debug_line</name>
         <load_address>0x1cc5</load_address>
         <run_address>0x1cc5</run_address>
         <size>0xa8</size>
         <input_file_ref idref="fl-49"/>
      </object_component>
      <object_component id="oc-e9">
         <name>.debug_line</name>
         <load_address>0x1d6d</load_address>
         <run_address>0x1d6d</run_address>
         <size>0x3a</size>
         <input_file_ref idref="fl-4a"/>
      </object_component>
      <object_component id="oc-ed">
         <name>.debug_line</name>
         <load_address>0x1da7</load_address>
         <run_address>0x1da7</run_address>
         <size>0x40</size>
         <input_file_ref idref="fl-4b"/>
      </object_component>
      <object_component id="oc-f1">
         <name>.debug_line</name>
         <load_address>0x1de7</load_address>
         <run_address>0x1de7</run_address>
         <size>0x3c</size>
         <input_file_ref idref="fl-4c"/>
      </object_component>
      <object_component id="oc-f5">
         <name>.debug_line</name>
         <load_address>0x1e23</load_address>
         <run_address>0x1e23</run_address>
         <size>0x38</size>
         <input_file_ref idref="fl-4d"/>
      </object_component>
      <object_component id="oc-f9">
         <name>.debug_line</name>
         <load_address>0x1e5b</load_address>
         <run_address>0x1e5b</run_address>
         <size>0xa8</size>
         <input_file_ref idref="fl-4e"/>
      </object_component>
      <object_component id="oc-fd">
         <name>.debug_line</name>
         <load_address>0x1f03</load_address>
         <run_address>0x1f03</run_address>
         <size>0x40</size>
         <input_file_ref idref="fl-4f"/>
      </object_component>
      <object_component id="oc-101">
         <name>.debug_line</name>
         <load_address>0x1f43</load_address>
         <run_address>0x1f43</run_address>
         <size>0x3c</size>
         <input_file_ref idref="fl-50"/>
      </object_component>
      <object_component id="oc-105">
         <name>.debug_line</name>
         <load_address>0x1f7f</load_address>
         <run_address>0x1f7f</run_address>
         <size>0x37</size>
         <input_file_ref idref="fl-51"/>
      </object_component>
      <object_component id="oc-109">
         <name>.debug_line</name>
         <load_address>0x1fb6</load_address>
         <run_address>0x1fb6</run_address>
         <size>0x3c</size>
         <input_file_ref idref="fl-52"/>
      </object_component>
      <object_component id="oc-10d">
         <name>.debug_line</name>
         <load_address>0x1ff2</load_address>
         <run_address>0x1ff2</run_address>
         <size>0x44</size>
         <input_file_ref idref="fl-53"/>
      </object_component>
      <object_component id="oc-111">
         <name>.debug_line</name>
         <load_address>0x2036</load_address>
         <run_address>0x2036</run_address>
         <size>0x3f</size>
         <input_file_ref idref="fl-54"/>
      </object_component>
      <object_component id="oc-115">
         <name>.debug_line</name>
         <load_address>0x2075</load_address>
         <run_address>0x2075</run_address>
         <size>0x3c</size>
         <input_file_ref idref="fl-55"/>
      </object_component>
      <object_component id="oc-19">
         <name>.debug_abbrev</name>
         <load_address>0x0</load_address>
         <run_address>0x0</run_address>
         <size>0x10c</size>
         <input_file_ref idref="fl-2"/>
      </object_component>
      <object_component id="oc-21">
         <name>.debug_abbrev</name>
         <load_address>0x10c</load_address>
         <run_address>0x10c</run_address>
         <size>0x121</size>
         <input_file_ref idref="fl-3"/>
      </object_component>
      <object_component id="oc-26">
         <name>.debug_abbrev</name>
         <load_address>0x22d</load_address>
         <run_address>0x22d</run_address>
         <size>0xdd</size>
         <input_file_ref idref="fl-4"/>
      </object_component>
      <object_component id="oc-2c">
         <name>.debug_abbrev</name>
         <load_address>0x30a</load_address>
         <run_address>0x30a</run_address>
         <size>0x139</size>
         <input_file_ref idref="fl-5"/>
      </object_component>
      <object_component id="oc-34">
         <name>.debug_abbrev</name>
         <load_address>0x443</load_address>
         <run_address>0x443</run_address>
         <size>0xff</size>
         <input_file_ref idref="fl-6"/>
      </object_component>
      <object_component id="oc-3c">
         <name>.debug_abbrev</name>
         <load_address>0x542</load_address>
         <run_address>0x542</run_address>
         <size>0x124</size>
         <input_file_ref idref="fl-7"/>
      </object_component>
      <object_component id="oc-41">
         <name>.debug_abbrev</name>
         <load_address>0x666</load_address>
         <run_address>0x666</run_address>
         <size>0x198</size>
         <input_file_ref idref="fl-11"/>
      </object_component>
      <object_component id="oc-45">
         <name>.debug_abbrev</name>
         <load_address>0x7fe</load_address>
         <run_address>0x7fe</run_address>
         <size>0xd4</size>
         <input_file_ref idref="fl-25"/>
      </object_component>
      <object_component id="oc-49">
         <name>.debug_abbrev</name>
         <load_address>0x8d2</load_address>
         <run_address>0x8d2</run_address>
         <size>0x3a</size>
         <input_file_ref idref="fl-26"/>
      </object_component>
      <object_component id="oc-50">
         <name>.debug_abbrev</name>
         <load_address>0x90c</load_address>
         <run_address>0x90c</run_address>
         <size>0xf7</size>
         <input_file_ref idref="fl-27"/>
      </object_component>
      <object_component id="oc-54">
         <name>.debug_abbrev</name>
         <load_address>0xa03</load_address>
         <run_address>0xa03</run_address>
         <size>0x118</size>
         <input_file_ref idref="fl-28"/>
      </object_component>
      <object_component id="oc-58">
         <name>.debug_abbrev</name>
         <load_address>0xb1b</load_address>
         <run_address>0xb1b</run_address>
         <size>0x136</size>
         <input_file_ref idref="fl-29"/>
      </object_component>
      <object_component id="oc-5e">
         <name>.debug_abbrev</name>
         <load_address>0xc51</load_address>
         <run_address>0xc51</run_address>
         <size>0x1a2</size>
         <input_file_ref idref="fl-2a"/>
      </object_component>
      <object_component id="oc-62">
         <name>.debug_abbrev</name>
         <load_address>0xdf3</load_address>
         <run_address>0xdf3</run_address>
         <size>0x111</size>
         <input_file_ref idref="fl-2b"/>
      </object_component>
      <object_component id="oc-66">
         <name>.debug_abbrev</name>
         <load_address>0xf04</load_address>
         <run_address>0xf04</run_address>
         <size>0x11e</size>
         <input_file_ref idref="fl-2c"/>
      </object_component>
      <object_component id="oc-6a">
         <name>.debug_abbrev</name>
         <load_address>0x1022</load_address>
         <run_address>0x1022</run_address>
         <size>0x38</size>
         <input_file_ref idref="fl-2d"/>
      </object_component>
      <object_component id="oc-70">
         <name>.debug_abbrev</name>
         <load_address>0x105a</load_address>
         <run_address>0x105a</run_address>
         <size>0x225</size>
         <input_file_ref idref="fl-2e"/>
      </object_component>
      <object_component id="oc-74">
         <name>.debug_abbrev</name>
         <load_address>0x127f</load_address>
         <run_address>0x127f</run_address>
         <size>0x38</size>
         <input_file_ref idref="fl-2f"/>
      </object_component>
      <object_component id="oc-7b">
         <name>.debug_abbrev</name>
         <load_address>0x12b7</load_address>
         <run_address>0x12b7</run_address>
         <size>0x1de</size>
         <input_file_ref idref="fl-30"/>
      </object_component>
      <object_component id="oc-7f">
         <name>.debug_abbrev</name>
         <load_address>0x1495</load_address>
         <run_address>0x1495</run_address>
         <size>0xdc</size>
         <input_file_ref idref="fl-31"/>
      </object_component>
      <object_component id="oc-83">
         <name>.debug_abbrev</name>
         <load_address>0x1571</load_address>
         <run_address>0x1571</run_address>
         <size>0x145</size>
         <input_file_ref idref="fl-32"/>
      </object_component>
      <object_component id="oc-87">
         <name>.debug_abbrev</name>
         <load_address>0x16b6</load_address>
         <run_address>0x16b6</run_address>
         <size>0xbf</size>
         <input_file_ref idref="fl-33"/>
      </object_component>
      <object_component id="oc-8b">
         <name>.debug_abbrev</name>
         <load_address>0x1775</load_address>
         <run_address>0x1775</run_address>
         <size>0x8f</size>
         <input_file_ref idref="fl-34"/>
      </object_component>
      <object_component id="oc-90">
         <name>.debug_abbrev</name>
         <load_address>0x1804</load_address>
         <run_address>0x1804</run_address>
         <size>0x15a</size>
         <input_file_ref idref="fl-35"/>
      </object_component>
      <object_component id="oc-96">
         <name>.debug_abbrev</name>
         <load_address>0x195e</load_address>
         <run_address>0x195e</run_address>
         <size>0xde</size>
         <input_file_ref idref="fl-36"/>
      </object_component>
      <object_component id="oc-9a">
         <name>.debug_abbrev</name>
         <load_address>0x1a3c</load_address>
         <run_address>0x1a3c</run_address>
         <size>0x38</size>
         <input_file_ref idref="fl-37"/>
      </object_component>
      <object_component id="oc-9e">
         <name>.debug_abbrev</name>
         <load_address>0x1a74</load_address>
         <run_address>0x1a74</run_address>
         <size>0x26</size>
         <input_file_ref idref="fl-38"/>
      </object_component>
      <object_component id="oc-a2">
         <name>.debug_abbrev</name>
         <load_address>0x1a9a</load_address>
         <run_address>0x1a9a</run_address>
         <size>0x124</size>
         <input_file_ref idref="fl-39"/>
      </object_component>
      <object_component id="oc-a6">
         <name>.debug_abbrev</name>
         <load_address>0x1bbe</load_address>
         <run_address>0x1bbe</run_address>
         <size>0xd1</size>
         <input_file_ref idref="fl-3a"/>
      </object_component>
      <object_component id="oc-ac">
         <name>.debug_abbrev</name>
         <load_address>0x1c8f</load_address>
         <run_address>0x1c8f</run_address>
         <size>0x9f</size>
         <input_file_ref idref="fl-3b"/>
      </object_component>
      <object_component id="oc-b2">
         <name>.debug_abbrev</name>
         <load_address>0x1d2e</load_address>
         <run_address>0x1d2e</run_address>
         <size>0x1f8</size>
         <input_file_ref idref="fl-3c"/>
      </object_component>
      <object_component id="oc-b6">
         <name>.debug_abbrev</name>
         <load_address>0x1f26</load_address>
         <run_address>0x1f26</run_address>
         <size>0xec</size>
         <input_file_ref idref="fl-3d"/>
      </object_component>
      <object_component id="oc-ba">
         <name>.debug_abbrev</name>
         <load_address>0x2012</load_address>
         <run_address>0x2012</run_address>
         <size>0xd5</size>
         <input_file_ref idref="fl-3e"/>
      </object_component>
      <object_component id="oc-be">
         <name>.debug_abbrev</name>
         <load_address>0x20e7</load_address>
         <run_address>0x20e7</run_address>
         <size>0x44</size>
         <input_file_ref idref="fl-3f"/>
      </object_component>
      <object_component id="oc-c2">
         <name>.debug_abbrev</name>
         <load_address>0x212b</load_address>
         <run_address>0x212b</run_address>
         <size>0xb7</size>
         <input_file_ref idref="fl-40"/>
      </object_component>
      <object_component id="oc-c4">
         <name>.debug_abbrev</name>
         <load_address>0x21e2</load_address>
         <run_address>0x21e2</run_address>
         <size>0x68</size>
         <input_file_ref idref="fl-41"/>
      </object_component>
      <object_component id="oc-c8">
         <name>.debug_abbrev</name>
         <load_address>0x224a</load_address>
         <run_address>0x224a</run_address>
         <size>0x83</size>
         <input_file_ref idref="fl-42"/>
      </object_component>
      <object_component id="oc-cc">
         <name>.debug_abbrev</name>
         <load_address>0x22cd</load_address>
         <run_address>0x22cd</run_address>
         <size>0x112</size>
         <input_file_ref idref="fl-43"/>
      </object_component>
      <object_component id="oc-d0">
         <name>.debug_abbrev</name>
         <load_address>0x23df</load_address>
         <run_address>0x23df</run_address>
         <size>0xb5</size>
         <input_file_ref idref="fl-44"/>
      </object_component>
      <object_component id="oc-d4">
         <name>.debug_abbrev</name>
         <load_address>0x2494</load_address>
         <run_address>0x2494</run_address>
         <size>0x8f</size>
         <input_file_ref idref="fl-45"/>
      </object_component>
      <object_component id="oc-d8">
         <name>.debug_abbrev</name>
         <load_address>0x2523</load_address>
         <run_address>0x2523</run_address>
         <size>0xb7</size>
         <input_file_ref idref="fl-46"/>
      </object_component>
      <object_component id="oc-dd">
         <name>.debug_abbrev</name>
         <load_address>0x25da</load_address>
         <run_address>0x25da</run_address>
         <size>0xc2</size>
         <input_file_ref idref="fl-47"/>
      </object_component>
      <object_component id="oc-e1">
         <name>.debug_abbrev</name>
         <load_address>0x269c</load_address>
         <run_address>0x269c</run_address>
         <size>0x103</size>
         <input_file_ref idref="fl-48"/>
      </object_component>
      <object_component id="oc-e6">
         <name>.debug_abbrev</name>
         <load_address>0x279f</load_address>
         <run_address>0x279f</run_address>
         <size>0x140</size>
         <input_file_ref idref="fl-49"/>
      </object_component>
      <object_component id="oc-ea">
         <name>.debug_abbrev</name>
         <load_address>0x28df</load_address>
         <run_address>0x28df</run_address>
         <size>0x81</size>
         <input_file_ref idref="fl-4a"/>
      </object_component>
      <object_component id="oc-ee">
         <name>.debug_abbrev</name>
         <load_address>0x2960</load_address>
         <run_address>0x2960</run_address>
         <size>0x9a</size>
         <input_file_ref idref="fl-4b"/>
      </object_component>
      <object_component id="oc-f2">
         <name>.debug_abbrev</name>
         <load_address>0x29fa</load_address>
         <run_address>0x29fa</run_address>
         <size>0xd1</size>
         <input_file_ref idref="fl-4c"/>
      </object_component>
      <object_component id="oc-f6">
         <name>.debug_abbrev</name>
         <load_address>0x2acb</load_address>
         <run_address>0x2acb</run_address>
         <size>0xd0</size>
         <input_file_ref idref="fl-4d"/>
      </object_component>
      <object_component id="oc-fa">
         <name>.debug_abbrev</name>
         <load_address>0x2b9b</load_address>
         <run_address>0x2b9b</run_address>
         <size>0xb7</size>
         <input_file_ref idref="fl-4e"/>
      </object_component>
      <object_component id="oc-fe">
         <name>.debug_abbrev</name>
         <load_address>0x2c52</load_address>
         <run_address>0x2c52</run_address>
         <size>0xec</size>
         <input_file_ref idref="fl-4f"/>
      </object_component>
      <object_component id="oc-102">
         <name>.debug_abbrev</name>
         <load_address>0x2d3e</load_address>
         <run_address>0x2d3e</run_address>
         <size>0xb7</size>
         <input_file_ref idref="fl-50"/>
      </object_component>
      <object_component id="oc-106">
         <name>.debug_abbrev</name>
         <load_address>0x2df5</load_address>
         <run_address>0x2df5</run_address>
         <size>0x81</size>
         <input_file_ref idref="fl-51"/>
      </object_component>
      <object_component id="oc-10a">
         <name>.debug_abbrev</name>
         <load_address>0x2e76</load_address>
         <run_address>0x2e76</run_address>
         <size>0xa6</size>
         <input_file_ref idref="fl-52"/>
      </object_component>
      <object_component id="oc-10e">
         <name>.debug_abbrev</name>
         <load_address>0x2f1c</load_address>
         <run_address>0x2f1c</run_address>
         <size>0xb5</size>
         <input_file_ref idref="fl-53"/>
      </object_component>
      <object_component id="oc-112">
         <name>.debug_abbrev</name>
         <load_address>0x2fd1</load_address>
         <run_address>0x2fd1</run_address>
         <size>0x10b</size>
         <input_file_ref idref="fl-54"/>
      </object_component>
      <object_component id="oc-116">
         <name>.debug_abbrev</name>
         <load_address>0x30dc</load_address>
         <run_address>0x30dc</run_address>
         <size>0xa6</size>
         <input_file_ref idref="fl-55"/>
      </object_component>
      <object_component id="oc-13f">
         <name>.debug_abbrev</name>
         <load_address>0x3182</load_address>
         <run_address>0x3182</run_address>
         <size>0xd</size>
      </object_component>
   </object_component_list>
   <logical_group_list>
      <logical_group id="lg-136">
         <name>.text</name>
         <load_address>0x20000</load_address>
         <run_address>0x20000</run_address>
         <size>0x5062</size>
         <contents>
[...]
         <value>0x5920</value>
         <object_component_ref idref="oc-36"/>
      </symbol>
      <symbol id="sm-12c">
         <name>_xhist_imp</name>
         <value>0x5f80</value>
         <object_component_ref idref="oc-36"/>
      </symbol>
      <symbol id="sm-12d">
         <name>_IIR_low_pass_5000Hz_2nd_order</name>
         <value>0x58c0</value>
         <object_component_ref idref="oc-36"/>
      </symbol>
      <symbol id="sm-12e">
         <name>_Impulse</name>
         <value>0x5e80</value>
         <object_component_ref idref="oc-36"/>
      </symbol>
      <symbol id="sm-12f">
         <name>_IIR_low_pass_5000Hz_6th_order</name>
         <value>0x58e4</value>
         <object_component_ref idref="oc-36"/>
      </symbol>
      <symbol id="sm-130">
         <name>_IIR_band_pass_5kHz_12kHz_6th_order</name>
         <value>0x595c</value>
         <object_component_ref idref="oc-36"/>
      </symbol>
      <symbol id="sm-131">
         <name>_IIR_low_pass_5000Hz_4th_order</name>
         <value>0x58cc</value>
         <object_component_ref idref="oc-36"/>
      </symbol>
      <symbol id="sm-132">
         <name>_OutputBufferL</name>
         <value>0x5b80</value>
         <object_component_ref idref="oc-36"/>
      </symbol>
      <symbol id="sm-133">
         <name>_OutputBufferR</name>
         <value>0x5c80</value>
         <object_component_ref idref="oc-36"/>
      </symbol>
      <symbol id="sm-134">
         <name>_InputBufferL</name>
         <value>0x5980</value>
         <object_component_ref idref="oc-36"/>
      </symbol>
      <symbol id="sm-135">
         <name>_InputBufferR</name>
         <value>0x5a80</value>
         <object_component_ref idref="oc-36"/>
      </symbol>
      <symbol id="sm-136">
         <name>_IIR_band_pass_5kHz_12kHz_4th_order</name>
         <value>0x5944</value>
         <object_component_ref idref="oc-36"/>
      </symbol>
      <symbol id="sm-137">
         <name>_ImpulseBuffer</name>
         <value>0x5d80</value>
         <object_component_ref idref="oc-36"/>
      </symbol>
      <symbol id="sm-138">
         <name>_yhist_imp</name>
         <value>0x5f84</value>
         <object_component_ref idref="oc-36"/>
      </symbol>
      <symbol id="sm-139">
         <name>_IIR_high_pass_12000Hz_4th_order</name>
         <value>0x5908</value>
         <object_component_ref idref="oc-36"/>
      </symbol>
      <symbol id="sm-147">
         <name>_EZDSP5535_waitusec</name>
         <value>0x24d28</value>
         <object_component_ref idref="oc-3d"/>
      </symbol>
      <symbol id="sm-148">
         <name>_EZDSP5535_init</name>
         <value>0x24d3a</value>
         <object_component_ref idref="oc-3d"/>
      </symbol>
      <symbol id="sm-149">
         <name>_EZDSP5535_wait</name>
         <value>0x24cf4</value>
         <object_component_ref idref="oc-3d"/>
      </symbol>
      <symbol id="sm-153">
         <name>__addd</name>
         <value>0x232f6</value>
         <object_component_ref idref="oc-42"/>
      </symbol>
      <symbol id="sm-15f">
         <name>__sysstack</name>
         <value>0x20c0</value>
         <object_component_ref idref="oc-117"/>
      </symbol>
      <symbol id="sm-160">
         <name>_c_int00</name>
         <value>0x24f40</value>
         <object_component_ref idref="oc-11"/>
      </symbol>
      <symbol id="sm-161">
         <name>__stack</name>
         <value>0xc0</value>
         <object_component_ref idref="oc-46"/>
      </symbol>
      <symbol id="sm-171">
         <name>C$$EXIT</name>
         <value>0x25059</value>
         <object_component_ref idref="oc-4e"/>
      </symbol>
      <symbol id="sm-172">
         <name>_exit</name>
         <value>0x24f02</value>
         <object_component_ref idref="oc-4a"/>
      </symbol>
      <symbol id="sm-173">
         <name>_abort</name>
         <value>0x25058</value>
         <object_component_ref idref="oc-4e"/>
      </symbol>
      <symbol id="sm-174">
         <name>__cleanup_ptr</name>
         <value>0x6474</value>
         <object_component_ref idref="oc-4b"/>
      </symbol>
      <symbol id="sm-175">
         <name>__dtors_ptr</name>
         <value>0x6478</value>
         <object_component_ref idref="oc-4b"/>
      </symbol>
      <symbol id="sm-17f">
         <name>_fclose</name>
         <value>0x24914</value>
         <object_component_ref idref="oc-51"/>
      </symbol>
      <symbol id="sm-189">
         <name>__doflush</name>
         <value>0x24526</value>
         <object_component_ref idref="oc-55"/>
      </symbol>
      <symbol id="sm-18a">
         <name>_fflush</name>
         <value>0x2458f</value>
         <object_component_ref idref="oc-55"/>
      </symbol>
      <symbol id="sm-199">
         <name>__cleanup</name>
         <value>0x22f3a</value>
         <object_component_ref idref="oc-59"/>
      </symbol>
      <symbol id="sm-19a">
         <name>_fopen</name>
         <value>0x2305d</value>
         <object_component_ref idref="oc-59"/>
      </symbol>
      <symbol id="sm-19b">
         <name>_freopen</name>
         <value>0x22f94</value>
         <object_component_ref idref="oc-59"/>
      </symbol>
      <symbol id="sm-1a5">
         <name>_fread</name>
         <value>0x2406c</value>
         <object_component_ref idref="oc-5f"/>
      </symbol>
      <symbol id="sm-1b1">
         <name>_fwrite</name>
         <value>0x2375f</value>
         <object_component_ref idref="oc-63"/>
      </symbol>
      <symbol id="sm-1b9">
         <name>__mpyli</name>
         <value>0x25019</value>
         <object_component_ref idref="oc-67"/>
      </symbol>
      <symbol id="sm-1ba">
         <name>I$$LMPY</name>
         <value>0x25019</value>
         <object_component_ref idref="oc-67"/>
      </symbol>
      <symbol id="sm-1cc">
         <name>_add_device</name>
         <value>0x21f80</value>
         <object_component_ref idref="oc-6b"/>
      </symbol>
      <symbol id="sm-1cd">
         <name>_rename</name>
         <value>0x21ca2</value>
         <object_component_ref idref="oc-6b"/>
      </symbol>
      <symbol id="sm-1ce">
         <name>_read</name>
         <value>0x21d31</value>
         <object_component_ref idref="oc-6b"/>
      </symbol>
      <symbol id="sm-1cf">
         <name>_unlink</name>
         <value>0x21c6f</value>
         <object_component_ref idref="oc-6b"/>
      </symbol>
      <symbol id="sm-1d0">
         <name>_remove_device</name>
         <value>0x21cfb</value>
         <object_component_ref idref="oc-6b"/>
      </symbol>
      <symbol id="sm-1d1">
         <name>_open</name>
         <value>0x21ddf</value>
         <object_component_ref idref="oc-6b"/>
      </symbol>
      <symbol id="sm-1d2">
         <name>_find_registered_device</name>
         <value>0x21f04</value>
         <object_component_ref idref="oc-6b"/>
      </symbol>
      <symbol id="sm-1d3">
         <name>_lseek</name>
         <value>0x21e9e</value>
         <object_component_ref idref="oc-6b"/>
      </symbol>
      <symbol id="sm-1d4">
         <name>_close</name>
         <value>0x21f0d</value>
         <object_component_ref idref="oc-6b"/>
      </symbol>
      <symbol id="sm-1d5">
         <name>_write</name>
         <value>0x21b2d</value>
         <object_component_ref idref="oc-6b"/>
      </symbol>
      <symbol id="sm-1dd">
         <name>_memcpy</name>
         <value>0x24ec3</value>
         <object_component_ref idref="oc-71"/>
      </symbol>
      <symbol id="sm-1ed">
         <name>__sys_memory</name>
         <value>0x30c0</value>
         <object_component_ref idref="oc-79"/>
      </symbol>
      <symbol id="sm-1ee">
         <name>_chkheap</name>
         <value>0x22a1f</value>
         <object_component_ref idref="oc-75"/>
      </symbol>
      <symbol id="sm-1ef">
         <name>_realloc</name>
         <value>0x227be</value>
         <object_component_ref idref="oc-75"/>
      </symbol>
      <symbol id="sm-1f0">
         <name>_free_memory</name>
         <value>0x229c9</value>
         <object_component_ref idref="oc-75"/>
      </symbol>
      <symbol id="sm-1f1">
         <name>_max_free</name>
         <value>0x2296f</value>
         <object_component_ref idref="oc-75"/>
      </symbol>
      <symbol id="sm-1f2">
         <name>_free</name>
         <value>0x22598</value>
         <object_component_ref idref="oc-75"/>
      </symbol>
      <symbol id="sm-1f3">
         <name>_calloc</name>
         <value>0x22a27</value>
         <object_component_ref idref="oc-75"/>
      </symbol>
      <symbol id="sm-1f4">
         <name>_malloc</name>
         <value>0x226c9</value>
         <object_component_ref idref="oc-75"/>
      </symbol>
      <symbol id="sm-1f5">
         <name>_minit</name>
         <value>0x22664</value>
         <object_component_ref idref="oc-75"/>
      </symbol>
      <symbol id="sm-1ff">
         <name>__mpyd</name>
         <value>0x23dec</value>
         <object_component_ref idref="oc-7c"/>
      </symbol>
      <symbol id="sm-209">
         <name>_printf</name>
         <value>0x24d48</value>
         <object_component_ref idref="oc-80"/>
      </symbol>
      <symbol id="sm-213">
         <name>_remove</name>
         <value>0x2504e</value>
         <object_component_ref idref="oc-84"/>
      </symbol>
      <symbol id="sm-21d">
         <name>__subd</name>
         <value>0x25005</value>
         <object_component_ref idref="oc-88"/>
      </symbol>
      <symbol id="sm-229">
         <name>_HOSTopen</name>
         <value>0x2237b</value>
         <object_component_ref idref="oc-8c"/>
      </symbol>
      <symbol id="sm-22a">
         <name>_HOSTread</name>
         <value>0x222ee</value>
         <object_component_ref idref="oc-8c"/>
      </symbol>
      <symbol id="sm-22b">
         <name>_HOSTtime</name>
         <value>0x221e2</value>
         <object_component_ref idref="oc-8c"/>
      </symbol>
      <symbol id="sm-22c">
         <name>_getenv</name>
         <value>0x22070</value>
         <object_component_ref idref="oc-8c"/>
      </symbol>
      <symbol id="sm-22d">
         <name>_HOSTrename</name>
         <value>0x22240</value>
         <object_component_ref idref="oc-8c"/>
      </symbol>
      <symbol id="sm-22e">
         <name>_HOSTclock</name>
         <value>0x2253a</value>
         <object_component_ref idref="oc-8c"/>
      </symbol>
      <symbol id="sm-22f">
         <name>_HOSTwrite</name>
         <value>0x220eb</value>
         <object_component_ref idref="oc-8c"/>
      </symbol>
      <symbol id="sm-230">
         <name>_HOSTlseek</name>
         <value>0x2241a</value>
         <object_component_ref idref="oc-8c"/>
      </symbol>
      <symbol id="sm-231">
         <name>_HOSTunlink</name>
         <value>0x22178</value>
         <object_component_ref idref="oc-8c"/>
      </symbol>
      <symbol id="sm-232">
         <name>_HOSTclose</name>
         <value>0x224cf</value>
         <object_component_ref idref="oc-8c"/>
      </symbol>
      <symbol id="sm-244">
         <name>C$$IO$$</name>
         <value>0x2469d</value>
         <object_component_ref idref="oc-94"/>
      </symbol>
      <symbol id="sm-245">
         <name>__CIOBUF_</name>
         <value>0x40000</value>
         <object_component_ref idref="oc-93"/>
      </symbol>
      <symbol id="sm-246">
         <name>_readmsg</name>
         <value>0x24b59</value>
         <object_component_ref idref="oc-91"/>
      </symbol>
      <symbol id="sm-247">
         <name>_writemsg</name>
         <value>0x245e8</value>
         <object_component_ref idref="oc-94"/>
      </symbol>
      <symbol id="sm-24f">
         <name>__remu</name>
         <value>0x24fb3</value>
         <object_component_ref idref="oc-97"/>
      </symbol>
      <symbol id="sm-250">
         <name>__divu</name>
         <value>0x24f9e</value>
         <object_component_ref idref="oc-97"/>
      </symbol>
      <symbol id="sm-251">
         <name>I$$UMOD</name>
         <value>0x24fb3</value>
         <object_component_ref idref="oc-97"/>
      </symbol>
      <symbol id="sm-252">
         <name>I$$UDIV</name>
         <value>0x24f9e</value>
         <object_component_ref idref="oc-97"/>
      </symbol>
      <symbol id="sm-25c">
         <name>_Reset</name>
         <value>0x4fe00</value>
         <object_component_ref idref="oc-12"/>
      </symbol>
      <symbol id="sm-266">
         <name>__buff_read</name>
         <value>0x246a2</value>
         <object_component_ref idref="oc-9f"/>
      </symbol>
      <symbol id="sm-270">
         <name>__rd_ok</name>
         <value>0x244c9</value>
         <object_component_ref idref="oc-a3"/>
      </symbol>
      <symbol id="sm-271">
         <name>__wrt_ok</name>
         <value>0x24449</value>
         <object_component_ref idref="oc-a3"/>
      </symbol>
      <symbol id="sm-27f">
         <name>__unlock</name>
         <value>0x6470</value>
         <object_component_ref idref="oc-a8"/>
      </symbol>
      <symbol id="sm-280">
         <name>__lock</name>
         <value>0x646c</value>
         <object_component_ref idref="oc-a8"/>
      </symbol>
      <symbol id="sm-281">
         <name>__register_lock</name>
         <value>0x25034</value>
         <object_component_ref idref="oc-a7"/>
      </symbol>
      <symbol id="sm-282">
         <name>__nop</name>
         <value>0x2503c</value>
         <object_component_ref idref="oc-a7"/>
      </symbol>
      <symbol id="sm-283">
         <name>__register_unlock</name>
         <value>0x2502c</value>
         <object_component_ref idref="oc-a7"/>
      </symbol>
      <symbol id="sm-295">
         <name>__printfi</name>
         <value>0x21362</value>
         <object_component_ref idref="oc-ad"/>
      </symbol>
      <symbol id="sm-29f">
         <name>__args_main</name>
         <value>0x24de5</value>
         <object_component_ref idref="oc-b3"/>
      </symbol>
      <symbol id="sm-2a0">
         <name>__TI_args_main</name>
         <value>0x1</value>
      </symbol>
      <symbol id="sm-2aa">
         <name>_atoi</name>
         <value>0x24c98</value>
         <object_component_ref idref="oc-b7"/>
      </symbol>
      <symbol id="sm-2b2">
         <name>_auto_init</name>
         <value>0x24d98</value>
         <object_component_ref idref="oc-bb"/>
      </symbol>
      <symbol id="sm-2bc">
         <name>__eqld</name>
         <value>0x23aab</value>
         <object_component_ref idref="oc-bf"/>
      </symbol>
      <symbol id="sm-2bd">
         <name>__cmpd</name>
         <value>0x23adf</value>
         <object_component_ref idref="oc-bf"/>
      </symbol>
      <symbol id="sm-2be">
         <name>__neqd</name>
         <value>0x2394d</value>
         <object_component_ref idref="oc-bf"/>
      </symbol>
      <symbol id="sm-2bf">
         <name>__gtrd</name>
         <value>0x23a16</value>
         <object_component_ref idref="oc-bf"/>
      </symbol>
      <symbol id="sm-2c0">
         <name>__geqd</name>
         <value>0x23a61</value>
         <object_component_ref idref="oc-bf"/>
      </symbol>
      <symbol id="sm-2c1">
         <name>__leqd</name>
         <value>0x239c9</value>
         <object_component_ref idref="oc-bf"/>
      </symbol>
      <symbol id="sm-2c2">
         <name>__lssd</name>
         <value>0x23981</value>
         <object_component_ref idref="oc-bf"/>
      </symbol>
      <symbol id="sm-2ca">
         <name>__ctypes_</name>
         <value>0x647c</value>
         <object_component_ref idref="oc-118"/>
      </symbol>
      <symbol id="sm-2d4">
         <name>__tmpnams</name>
         <value>0x6078</value>
         <object_component_ref idref="oc-c5"/>
      </symbol>
      <symbol id="sm-2d5">
         <name>__ft_end</name>
         <value>0x61b8</value>
         <object_component_ref idref="oc-c5"/>
      </symbol>
      <symbol id="sm-2d6">
         <name>__ftable</name>
         <value>0x5f88</value>
         <object_component_ref idref="oc-c5"/>
      </symbol>
      <symbol id="sm-2e2">
         <name>__divd</name>
         <value>0x22a4d</value>
         <object_component_ref idref="oc-c9"/>
      </symbol>
      <symbol id="sm-2ed">
         <name>__divul</name>
         <value>0x247f6</value>
         <object_component_ref idref="oc-cd"/>
      </symbol>
      <symbol id="sm-2f7">
         <name>__fixdi</name>
         <value>0x24f74</value>
         <object_component_ref idref="oc-d1"/>
      </symbol>
      <symbol id="sm-301">
         <name>__fixdli</name>
         <value>0x24aea</value>
         <object_component_ref idref="oc-d5"/>
      </symbol>
      <symbol id="sm-30d">
         <name>__fltlid</name>
         <value>0x24c31</value>
         <object_component_ref idref="oc-d9"/>
      </symbol>
      <symbol id="sm-317">
         <name>_putchar</name>
         <value>0x247e7</value>
         <object_component_ref idref="oc-de"/>
      </symbol>
      <symbol id="sm-318">
         <name>_putc</name>
         <value>0x24750</value>
         <object_component_ref idref="oc-de"/>
      </symbol>
      <symbol id="sm-319">
         <name>_fputc</name>
         <value>0x24750</value>
         <object_component_ref idref="oc-de"/>
      </symbol>
      <symbol id="sm-327">
         <name>_puts</name>
         <value>0x23c6c</value>
         <object_component_ref idref="oc-e2"/>
      </symbol>
      <symbol id="sm-328">
         <name>_fputs</name>
         <value>0x23b37</value>
         <object_component_ref idref="oc-e2"/>
      </symbol>
      <symbol id="sm-332">
         <name>__frcmpyd</name>
         <value>0x2498f</value>
         <object_component_ref idref="oc-e7"/>
      </symbol>
      <symbol id="sm-33c">
         <name>__frcmpyd_div</name>
         <value>0x24a05</value>
         <object_component_ref idref="oc-eb"/>
      </symbol>
      <symbol id="sm-346">
         <name>_fseek</name>
         <value>0x24bc6</value>
         <object_component_ref idref="oc-ef"/>
      </symbol>
      <symbol id="sm-350">
         <name>___isinf</name>
         <value>0x24feb</value>
         <object_component_ref idref="oc-f3"/>
      </symbol>
      <symbol id="sm-35a">
         <name>__divull</name>
         <value>0x231cd</value>
         <object_component_ref idref="oc-f7"/>
      </symbol>
      <symbol id="sm-35b">
         <name>__mpylli</name>
         <value>0x23115</value>
         <object_component_ref idref="oc-f7"/>
      </symbol>
      <symbol id="sm-35c">
         <name>__remlli</name>
         <value>0x230e6</value>
         <object_component_ref idref="oc-f7"/>
      </symbol>
      <symbol id="sm-35d">
         <name>__divlli</name>
         <value>0x232c1</value>
         <object_component_ref idref="oc-f7"/>
      </symbol>
      <symbol id="sm-35e">
         <name>__remull</name>
         <value>0x23098</value>
         <object_component_ref idref="oc-f7"/>
      </symbol>
      <symbol id="sm-368">
         <name>_ltoa</name>
         <value>0x24897</value>
         <object_component_ref idref="oc-fb"/>
      </symbol>
      <symbol id="sm-373">
         <name>_memccpy</name>
         <value>0x24fc8</value>
         <object_component_ref idref="oc-ff"/>
      </symbol>
      <symbol id="sm-37d">
         <name>__negd</name>
         <value>0x2503e</value>
         <object_component_ref idref="oc-103"/>
      </symbol>
      <symbol id="sm-387">
         <name>__remli</name>
         <value>0x24e30</value>
         <object_component_ref idref="oc-107"/>
      </symbol>
      <symbol id="sm-392">
         <name>__remul</name>
         <value>0x24a78</value>
         <object_component_ref idref="oc-10b"/>
      </symbol>
      <symbol id="sm-39c">
         <name>_setvbuf</name>
         <value>0x24363</value>
         <object_component_ref idref="oc-10f"/>
      </symbol>
      <symbol id="sm-3a6">
         <name>__divli</name>
         <value>0x24e7b</value>
         <object_component_ref idref="oc-113"/>
      </symbol>
   </symbol_table>
</link_info>
