******************************************************************************
              TMS320C55x Linker PC v4.4.1                      
******************************************************************************
>> Linked Tue Dec 11 21:59:11 2018

OUTPUT FILE NAME:   <Vezba8_sim.out>
ENTRY POINT SYMBOL: "_c_int00"  address: 00024f40


MEMORY CONFIGURATION

         name            origin    length      used     unused   attr    fill
                        (bytes)   (bytes)    (bytes)   (bytes)
----------------------  --------  ---------  --------  --------  ----  --------
PAGE 0:
  MMR                   00000000   000000c0  00000000  000000c0  RWIX
  DARAM0                000000c0   0000ff40  00006812  0000972e  RWIX
  SARAM0                00010000   00010000  00000000  00010000  RWIX
  SARAM1                00020000   00020000  00005062  0001af9e  RWIX
  SARAM2                00040000   0000fe00  00000440  0000f9c0  RWIX
  VECS                  0004fe00   00000200  00000100  00000100  RWIX
  PDROM                 00ff8000   00008000  00000000  00008000  R IX

PAGE 2:
  IOPORT                00000000   00020000  00000000  00020000  RWI 


SECTION ALLOCATION MAP
(Addresses surrounded by []'s are displayed for convenience only!)

output                                                          attributes/
section   page  orgn(bytes) orgn(words) len(bytes) len(words)   input sections
--------  ----  ----------- ----------- ---------- ----------   --------------
.pinit       0   [ 00040000 ]  00020000          *   00000000   UNINITIALIZED

.stack       0   [ 000000c0 ]  00000060          *   00001000   UNINITIALIZED
                 [ 000000c0 ]  00000060          *   00001000   --HOLE--

.data        0   [ 000000c0 ]  00000060          *   00000000   UNINITIALIZED

.sysstack 
*            0   [ 000020c0 ]  00001060          *   00000800   UNINITIALIZED
                 [ 000020c0 ]  00001060          *   00000800   --HOLE--

.sysmem      0   [ 000030c0 ]  00001860          *   00001000   UNINITIALIZED
                 [ 000030c0 ]  00001860          *   00001000   --HOLE--

.bss.1       0   [ 000050c0 ]  00002860          *   000009c5   UNINITIALIZED
                 [ 000050c0 ]  00002860          *   00000400   ezdsp5535_aic3204_dma.obj (.bss)
                 [ 000058c0 ]  00002c60          *   00000364   main.obj (.bss)
                 [ 00005f88 ]  00002fc4          *   00000119   rts55x.lib : defs.obj (.bss)
                 [ 000061ba ]  000030dd          *   000000d0              : trgdrv.obj (.bss)
                 [ 0000635a ]  000031ad          *   00000001              : fopen.obj (.bss)
                 [ 0000635c ]  000031ae          *   00000071              : lowlev.obj (.bss)
                 [ 0000643e ]  0000321f          *   00000006   iir.obj (.bss)

.bss.2       0   [ 0000644c ]  00003226          *   0000000b   UNINITIALIZED
                 [ 0000644c ]  00003226          *   00000006   rts55x.lib : memory.obj (.bss)
                 [ 00006458 ]  0000322c          *   00000005   aic3204.obj (.bss)

.bss.3       0   [ 00006464 ]  00003232          *   0000000c   UNINITIALIZED
                 [ 00006464 ]  00003232          *   00000004   aic3204_init.obj (.bss)
                 [ 0000646c ]  00003236          *   00000004   rts55x.lib : _lock.obj (.bss)
                 [ 00006474 ]  0000323a          *   00000004              : exit.obj (.bss)

.const.1     0   [ 0000647c ]  0000323e          *   00000101   
                 [ 0000647c ]  0000323e          *   00000101   rts55x.lib : ctype.obj (.const:__ctypes_)

.const.2     0   [ 00006680 ]  00003340          *   00000097   
                 [ 00006680 ]  00003340          *   00000097   aic3204_init.obj (.const:.string)

.const.3     0   [ 000067b0 ]  000033d8          *   00000057   
                 [ 000067b0 ]  000033d8          *   00000057   main.obj (.const:.string)

.const.4     0   [ 00006860 ]  00003430          *   0000003e   
                 [ 00006860 ]  00003430          *   00000024   rts55x.lib : _printfi.obj (.const:.string)
                 [ 000068a8 ]  00003454          *   0000000c              : _printfi.obj (.const)
                 [ 000068c0 ]  00003460          *   00000008              : divd.obj (.const:_initial_approx$1)
                 [ 000068d0 ]  00003468          *   00000002              : fputs.obj (.const:.string)
                 [ 000068d4 ]  0000346a          *   00000002   iir.obj (.const)
                 [ 000068d8 ]  0000346c          *   00000002   rts55x.lib : fltlid.obj (.const)

.text        0     00020000  [ 00010000 ] 00005062          *   
                   00020000  [ 00010000 ] 000015a4          *   rts55x.lib : _printfi.obj (.text)
                   000215a4  [ 00010ad2 ] 00000589          *   iir.obj (.text)
                   00021b2d  [ 00010d96+] 00000543          *   rts55x.lib : lowlev.obj (.text)
                   00022070  [ 00011038 ] 00000528          *              : trgdrv.obj (.text)
                   00022598  [ 000112cc ] 000004b5          *              : memory.obj (.text)
                   00022a4d  [ 00011526+] 000003cc          *              : divd.obj (.text)
                   00022e19  [ 0001170c+] 0000027f          *              : fopen.obj (.text)
                   00023098  [ 0001184c ] 0000025e          *              : llmpy.obj (.text)
                   000232f6  [ 0001197b ] 0000025a          *              : addd.obj (.text)
                   00023550  [ 00011aa8 ] 0000020f          *   direct_form_iir.obj (.text)
                   0002375f  [ 00011baf+] 000001ee          *   rts55x.lib : fwrite.obj (.text)
                   0002394d  [ 00011ca6+] 000001ea          *              : cmpd.obj (.text)
                   00023b37  [ 00011d9b+] 00000163          *              : fputs.obj (.text)
                   00023c9a  [ 00011e4d ] 00000152          *   ezdsp5535_aic3204_dma.obj (.text)
                   00023dec  [ 00011ef6 ] 0000014c          *   rts55x.lib : mpyd.obj (.text)
                   00023f38  [ 00011f9c ] 00000134          *   main.obj (.text)
                   0002406c  [ 00012036 ] 0000010f          *   rts55x.lib : fread.obj (.text)
                   0002417b  [ 000120bd+] 000000f6          *   aic3204_init.obj (.text)
                   00024271  [ 00012138+] 000000f2          *   aic3204.obj (.text)
                   00024363  [ 000121b1+] 000000e6          *   rts55x.lib : setvbuf.obj (.text)
                   00024449  [ 00012224+] 000000dd          *              : _io_perm.obj (.text)
                   00024526  [ 00012293 ] 000000c2          *              : fflush.obj (.text)
                   000245e8  [ 000122f4 ] 000000ba          *              : trgmsg.obj (.text:CIO_breakpoint)
                   000246a2  [ 00012351 ] 000000ae          *              : _bufread.obj (.text)
                   00024750  [ 000123a8 ] 000000a6          *              : fputc.obj (.text)
                   000247f6  [ 000123fb ] 000000a1          *              : divul.obj (.text)
                   00024897  [ 0001244b+] 0000007d          *              : ltoa.obj (.text)
                   00024914  [ 0001248a ] 0000007b          *              : fclose.obj (.text)
                   0002498f  [ 000124c7+] 00000076          *              : frcmpyd.obj (.text)
                   00024a05  [ 00012502+] 00000073          *              : frcmpyd_div.obj (.text)
                   00024a78  [ 0001253c ] 00000072          *              : remul.obj (.text)
                   00024aea  [ 00012575 ] 0000006f          *              : fixdli.obj (.text)
                   00024b59  [ 000125ac+] 0000006d          *              : trgmsg.obj (.text)
                   00024bc6  [ 000125e3 ] 0000006b          *              : fseek.obj (.text)
                   00024c31  [ 00012618+] 00000067          *              : fltlid.obj (.text)
                   00024c98  [ 0001264c ] 0000005c          *              : atoi.obj (.text)
                   00024cf4  [ 0001267a ] 00000054          *   ezdsp5535bsl.lib : ezdsp5535.obj (.text)
                   00024d48  [ 000126a4 ] 00000050          *   rts55x.lib : printf.obj (.text)
                   00024d98  [ 000126cc ] 0000004d          *              : autoinit.obj (.text)
                   00024de5  [ 000126f2+] 0000004b          *              : args_main.obj (.text)
                   00024e30  [ 00012718 ] 0000004b          *              : remli.obj (.text)
                   00024e7b  [ 0001273d+] 00000048          *              : divli.obj (.text)
                   00024ec3  [ 00012761+] 0000003f          *              : memcpy.obj (.text)
                   00024f02  [ 00012781 ] 0000003e          *              : exit.obj (.text)
                   00024f40  [ 000127a0 ] 00000034          *              : boot.obj (.text)
                   00024f74  [ 000127ba ] 0000002a          *              : fixdi.obj (.text)
                   00024f9e  [ 000127cf ] 0000002a          *              : udiv.obj (.text)
                   00024fc8  [ 000127e4 ] 00000023          *              : memccpy.obj (.text)
                   00024feb  [ 000127f5+] 0000001a          *              : isinf.obj (.text)
                   00025005  [ 00012802+] 00000014          *              : subd.obj (.text)
                   00025019  [ 0001280c+] 00000013          *              : lmpy.obj (.text)
                   0002502c  [ 00012816 ] 00000012          *              : _lock.obj (.text)
                   0002503e  [ 0001281f ] 00000010          *              : negd.obj (.text)
                   0002504e  [ 00012827 ] 0000000a          *              : remove.obj (.text)
                   00025058  [ 0001282c ] 00000007          *              : exit.obj (.text:CIO_breakpoint)
                   0002505f  [ 0001282f+] 00000002          *              : vectors.obj (.text)
                   00025061  [ 00012830 ] 00000001          *   --HOLE-- [fill = 20]

.cio         0   [ 00040000 ]  00020000          *   00000120   UNINITIALIZED
                 [ 00040000 ]  00020000          *   00000120   rts55x.lib : trgmsg.obj (.cio)

.cinit       0   [ 00040240 ]  00020120          *   00000100   
                 [ 00040240 ]  00020120          *   00000075   main.obj (.cinit)
                 [ 0004032a ]  00020195          *   0000002d   rts55x.lib : lowlev.obj (.cinit)
                 [ 00040384 ]  000201c2          *   0000002a              : defs.obj (.cinit)
                 [ 000403d8 ]  000201ec          *   0000000a   aic3204_init.obj (.cinit)
                 [ 000403ec ]  000201f6          *   0000000a   rts55x.lib : _lock.obj (.cinit)
                 [ 00040400 ]  00020200          *   0000000a              : exit.obj (.cinit)
                 [ 00040414 ]  0002020a          *   00000009   iir.obj (.cinit)
                 [ 00040426 ]  00020213          *   00000004   aic3204.obj (.cinit)
                 [ 0004042e ]  00020217          *   00000004   rts55x.lib : fopen.obj (.cinit)
                 [ 00040436 ]  0002021b          *   00000004              : memory.obj (.cinit)
                 [ 0004043e ]  0002021f          *   00000001   --HOLE-- [fill = 0]

vectors      0     0004fe00  [ 00027f00 ] 00000100          *   
                   0004fe00  [ 00027f00 ] 00000100          *   rts55x.lib : vectors.obj (vectors)


GLOBAL SYMBOLS: SORTED ALPHABETICALLY BY Name 

abs. value/
byte addr   word addr   name
---------   ---------   ----
00000002                $TI_capability$C5500$CallingConvention
00000002                $TI_capability$C5500$MemoryModel
00000001                $TI_capability_requires_rev3
ffffffff                .bss
ffffffff                .data
ffffffff                .text
00025059                C$$EXIT
0002469d                C$$IO$$
00025019                I$$LMPY
00024f9e                I$$UDIV
00024fb3                I$$UMOD
00024d3a                _EZDSP5535_init
00024cf4                _EZDSP5535_wait
00024d28                _EZDSP5535_waitusec
0002253a                _HOSTclock
000224cf                _HOSTclose
0002241a                _HOSTlseek
0002237b                _HOSTopen
000222ee                _HOSTread
00022240                _HOSTrename
000221e2                _HOSTtime
00022178                _HOSTunlink
000220eb                _HOSTwrite
            0000321f    _IIR_all_pass_2nd_order
            00002ca2    _IIR_band_pass_5kHz_12kHz_4th_order
            00002cae    _IIR_band_pass_5kHz_12kHz_6th_order
            00002c84    _IIR_high_pass_12000Hz_4th_order
            00002c90    _IIR_high_pass_12000Hz_6th_order
            00002c60    _IIR_low_pass_5000Hz_2nd_order
            00002c66    _IIR_low_pass_5000Hz_4th_order
            00002c72    _IIR_low_pass_5000Hz_6th_order
            00002f40    _Impulse
            00002ec0    _ImpulseBuffer
            00002cc0    _InputBufferL
            00002d40    _InputBufferR
0002186c                _Nth_order_IIR
            00002dc0    _OutputBufferL
            00002e40    _OutputBufferR
0004fe00                _Reset
            00002860    _SimulatorInput
            00002a60    _SimulatorOutput
            00020000    __CIOBUF_
            00001060    __STACK_END
00002000                __STACK_SIZE
00002000                __SYSMEM_SIZE
00001000                __SYSSTACK_SIZE
00000001                __TI_args_main
ffffffff                ___binit__
ffffffff                ___bss__
ffffffff                ___c_args__
            00020120    ___cinit__
ffffffff                ___data__
ffffffff                ___edata__
ffffffff                ___end__
ffffffff                ___etext__
00024feb                ___isinf
ffffffff                ___pinit__
ffffffff                ___text__
000232f6                __addd
00024de5                __args_main
000246a2                __buff_read
00022f3a                __cleanup
            0000323a    __cleanup_ptr
00023adf                __cmpd
            0000323e    __ctypes_
00022a4d                __divd
00024e7b                __divli
000232c1                __divlli
00024f9e                __divu
000247f6                __divul
000231cd                __divull
00024526                __doflush
            0000323c    __dtors_ptr
00023aab                __eqld
00024f74                __fixdi
00024aea                __fixdli
00024c31                __fltlid
0002498f                __frcmpyd
00024a05                __frcmpyd_div
            000030dc    __ft_end
            00002fc4    __ftable
00023a61                __geqd
00023a16                __gtrd
000239c9                __leqd
            00003236    __lock
00023981                __lssd
00023dec                __mpyd
00025019                __mpyli
00023115                __mpylli
0002503e                __negd
0002394d                __neqd
0002503c                __nop
00021362                __printfi
000244c9                __rd_ok
00025034                __register_lock
0002502c                __register_unlock
00024e30                __remli
000230e6                __remlli
00024fb3                __remu
00024a78                __remul
00023098                __remull
            00000060    __stack
00025005                __subd
            00001860    __sys_memory
            00001060    __sysstack
            0000303c    __tmpnams
            00003238    __unlock
00024449                __wrt_ok
00025058                _abort
00021f80                _add_device
000242a7                _aic3204_codec_read
00024317                _aic3204_codec_write
00024273                _aic3204_disable
00023c9a                _aic3204_dma_init
            00003230    _aic3204_enabled
00024271                _aic3204_hardware_init
0002419f                _aic3204_init
00023c9c                _aic3204_read_block
0002417b                _aic3204_set_input_filename
0002418d                _aic3204_set_output_filename
00023d4d                _aic3204_write_block
00024c98                _atoi
00024d98                _auto_init
00024f40                _c_int00
00022a27                _calloc
00022a1f                _chkheap
00021f0d                _close
00024f02                _exit
00024914                _fclose
0002458f                _fflush
00021f04                _find_registered_device
000215a4                _first_order_IIR
0002305d                _fopen
000216e4                _fourth_order_IIR
00024750                _fputc
00023b37                _fputs
0002406c                _fread
00022598                _free
000229c9                _free_memory
00022f94                _freopen
00024bc6                _fseek
0002375f                _fwrite
00022070                _getenv
00021a2d                _halfband
00023550                _iir_basic
0002364b                _iir_circular
            0000322c    _input_file
00021e9e                _lseek
00024897                _ltoa
00023f38                _main
000226c9                _malloc
0002296f                _max_free
00024fc8                _memccpy
00024ec3                _memcpy
00022664                _minit
00021ddf                _open
            0000322e    _output_file
00024d48                _printf
00024750                _putc
000247e7                _putchar
00023c6c                _puts
00021d31                _read
00024b59                _readmsg
000227be                _realloc
0002504e                _remove
00021cfb                _remove_device
00021ca2                _rename
0002162b                _second_order_IIR
00021a6c                _second_order_IIR_Direct_Form_II_f
00024264                _set_sampling_frequency_and_gain
00024363                _setvbuf
00021c6f                _unlink
00021b2d                _write
000245e8                _writemsg
            00002fc0    _xhist_imp
            00002fc2    _yhist_imp
ffffffff                binit
            00020120    cinit
ffffffff                edata
ffffffff                end
ffffffff                etext
ffffffff                pinit


GLOBAL SYMBOLS: SORTED BY Symbol Address 

abs. value/
byte addr   word addr   name
---------   ---------   ----
00000001                $TI_capability_requires_rev3
00000001                __TI_args_main
00000002                $TI_capability$C5500$CallingConvention
00000002                $TI_capability$C5500$MemoryModel
            00000060    __stack
00001000                __SYSSTACK_SIZE
00002000                __STACK_SIZE
00002000                __SYSMEM_SIZE
            00001060    __STACK_END
            00001060    __sysstack
            00001860    __sys_memory
            00002860    _SimulatorInput
            00002a60    _SimulatorOutput
            00002c60    _IIR_low_pass_5000Hz_2nd_order
            00002c66    _IIR_low_pass_5000Hz_4th_order
            00002c72    _IIR_low_pass_5000Hz_6th_order
            00002c84    _IIR_high_pass_12000Hz_4th_order
            00002c90    _IIR_high_pass_12000Hz_6th_order
            00002ca2    _IIR_band_pass_5kHz_12kHz_4th_order
            00002cae    _IIR_band_pass_5kHz_12kHz_6th_order
            00002cc0    _InputBufferL
            00002d40    _InputBufferR
            00002dc0    _OutputBufferL
            00002e40    _OutputBufferR
            00002ec0    _ImpulseBuffer
            00002f40    _Impulse
            00002fc0    _xhist_imp
            00002fc2    _yhist_imp
            00002fc4    __ftable
            0000303c    __tmpnams
            000030dc    __ft_end
            0000321f    _IIR_all_pass_2nd_order
            0000322c    _input_file
            0000322e    _output_file
            00003230    _aic3204_enabled
            00003236    __lock
            00003238    __unlock
            0000323a    __cleanup_ptr
            0000323c    __dtors_ptr
            0000323e    __ctypes_
00021362                __printfi
000215a4                _first_order_IIR
0002162b                _second_order_IIR
000216e4                _fourth_order_IIR
0002186c                _Nth_order_IIR
00021a2d                _halfband
00021a6c                _second_order_IIR_Direct_Form_II_f
00021b2d                _write
00021c6f                _unlink
00021ca2                _rename
00021cfb                _remove_device
00021d31                _read
00021ddf                _open
00021e9e                _lseek
00021f04                _find_registered_device
00021f0d                _close
00021f80                _add_device
00022070                _getenv
000220eb                _HOSTwrite
00022178                _HOSTunlink
000221e2                _HOSTtime
00022240                _HOSTrename
000222ee                _HOSTread
0002237b                _HOSTopen
0002241a                _HOSTlseek
000224cf                _HOSTclose
0002253a                _HOSTclock
00022598                _free
00022664                _minit
000226c9                _malloc
000227be                _realloc
0002296f                _max_free
000229c9                _free_memory
00022a1f                _chkheap
00022a27                _calloc
00022a4d                __divd
00022f3a                __cleanup
00022f94                _freopen
0002305d                _fopen
00023098                __remull
000230e6                __remlli
00023115                __mpylli
000231cd                __divull
000232c1                __divlli
000232f6                __addd
00023550                _iir_basic
0002364b                _iir_circular
0002375f                _fwrite
0002394d                __neqd
00023981                __lssd
000239c9                __leqd
00023a16                __gtrd
00023a61                __geqd
00023aab                __eqld
00023adf                __cmpd
00023b37                _fputs
00023c6c                _puts
00023c9a                _aic3204_dma_init
00023c9c                _aic3204_read_block
00023d4d                _aic3204_write_block
00023dec                __mpyd
00023f38                _main
0002406c                _fread
0002417b                _aic3204_set_input_filename
0002418d                _aic3204_set_output_filename
0002419f                _aic3204_init
00024264                _set_sampling_frequency_and_gain
00024271                _aic3204_hardware_init
00024273                _aic3204_disable
000242a7                _aic3204_codec_read
00024317                _aic3204_codec_write
00024363                _setvbuf
00024449                __wrt_ok
000244c9                __rd_ok
00024526                __doflush
0002458f                _fflush
000245e8                _writemsg
0002469d                C$$IO$$
000246a2                __buff_read
00024750                _fputc
00024750                _putc
000247e7                _putchar
000247f6                __divul
00024897                _ltoa
00024914                _fclose
0002498f                __frcmpyd
00024a05                __frcmpyd_div
00024a78                __remul
00024aea                __fixdli
00024b59                _readmsg
00024bc6                _fseek
00024c31                __fltlid
00024c98                _atoi
00024cf4                _EZDSP5535_wait
00024d28                _EZDSP5535_waitusec
00024d3a                _EZDSP5535_init
00024d48                _printf
00024d98                _auto_init
00024de5                __args_main
00024e30                __remli
00024e7b                __divli
00024ec3                _memcpy
00024f02                _exit
00024f40                _c_int00
00024f74                __fixdi
00024f9e                I$$UDIV
00024f9e                __divu
00024fb3                I$$UMOD
00024fb3                __remu
00024fc8                _memccpy
00024feb                ___isinf
00025005                __subd
00025019                I$$LMPY
00025019                __mpyli
0002502c                __register_unlock
00025034                __register_lock
0002503c                __nop
0002503e                __negd
0002504e                _remove
00025058                _abort
00025059                C$$EXIT
            00020000    __CIOBUF_
            00020120    ___cinit__
            00020120    cinit
0004fe00                _Reset
ffffffff                .bss
ffffffff                .data
ffffffff                .text
ffffffff                ___binit__
ffffffff                ___bss__
ffffffff                ___c_args__
ffffffff                ___data__
ffffffff                ___edata__
ffffffff                ___end__
ffffffff                ___etext__
ffffffff                ___pinit__
ffffffff                ___text__
ffffffff                binit
ffffffff                edata
ffffffff                end
ffffffff                etext
ffffffff                pinit

[182 symbols]
