******************************************************************************
              TMS320C55x Linker PC v4.4.1                      
******************************************************************************
>> Linked Wed Nov 07 17:26:37 2018

OUTPUT FILE NAME:   <simulator_template.out>
ENTRY POINT SYMBOL: "_c_int00"  address: 00024a89


MEMORY CONFIGURATION

         name            origin    length      used     unused   attr    fill
                        (bytes)   (bytes)    (bytes)   (bytes)
----------------------  --------  ---------  --------  --------  ----  --------
PAGE 0:
  MMR                   00000000   000000c0  00000000  000000c0  RWIX
  DARAM0                000000c0   0000ff40  0000f51c  00000a24  RWIX
  SARAM0                00010000   00010000  00000000  00010000  RWIX
  SARAM1                00020000   00020000  00004bb7  0001b449  RWIX
  SARAM2                00040000   0000fe00  0000038e  0000fa72  RWIX
  VECS                  0004fe00   00000200  00000100  00000100  RWIX
  PDROM                 00ff8000   00008000  00000000  00008000  R IX

PAGE 2:
  IOPORT                00000000   00020000  00000000  00020000  RWI 


SECTION ALLOCATION MAP
(Addresses surrounded by []'s are displayed for convenience only!)

output                                                          attributes/
section   page  orgn(bytes) orgn(words) len(bytes) len(words)   input sections
--------  ----  ----------- ----------- ---------- ----------   --------------
.pinit       0   [ 00040000 ]  00020000          *   00000000   UNINITIALIZED

.stack       0   [ 000000c0 ]  00000060          *   00001000   UNINITIALIZED
                 [ 000000c0 ]  00000060          *   00001000   --HOLE--

.data        0   [ 000000c0 ]  00000060          *   00000000   UNINITIALIZED

.sysstack 
*            0   [ 000020c0 ]  00001060          *   00000800   UNINITIALIZED
                 [ 000020c0 ]  00001060          *   00000800   --HOLE--

.bss         0   [ 000030c0 ]  00001860          *   000050b0   UNINITIALIZED
                 [ 000030c0 ]  00001860          *   00004e20   main.obj (.bss)
                 [ 0000cd00 ]  00006680          *   00000119   rts55x.lib : defs.obj (.bss)
                 [ 0000cf32 ]  00006799          *   000000d0              : trgdrv.obj (.bss)
                 [ 0000d0d2 ]  00006869          *   00000001              : errno.obj (.bss)
                 [ 0000d0d4 ]  0000686a          *   00000071              : lowlev.obj (.bss)
                 [ 0000d1b6 ]  000068db          *   00000001              : fopen.obj (.bss)
                 [ 0000d1b8 ]  000068dc          *   00000010              : log.obj (.bss)
                 [ 0000d1d8 ]  000068ec          *   0000000e              : exp.obj (.bss)
                 [ 0000d1f4 ]  000068fa          *   00000008              : sin.obj (.bss)
                 [ 0000d204 ]  00006902          *   00000006              : memory.obj (.bss)
                 [ 0000d210 ]  00006908          *   00000004              : _lock.obj (.bss)
                 [ 0000d218 ]  0000690c          *   00000004              : exit.obj (.bss)

.sysmem      0   [ 0000d220 ]  00006910          *   00001000   UNINITIALIZED
                 [ 0000d220 ]  00006910          *   00001000   --HOLE--

.const.1     0   [ 0000f220 ]  00007910          *   00000101   
                 [ 0000f220 ]  00007910          *   00000101   rts55x.lib : ctype.obj (.const:__ctypes_)

.const.2     0   [ 0000f424 ]  00007a12          *   00000037   
                 [ 0000f424 ]  00007a12          *   00000037   main.obj (.const:.string)

.const.3     0   [ 0000f494 ]  00007a4a          *   000000a6   
                 [ 0000f494 ]  00007a4a          *   00000024   rts55x.lib : _printfi.obj (.const:.string)
                 [ 0000f4dc ]  00007a6e          *   00000014              : sin.obj (.const)
                 [ 0000f504 ]  00007a82          *   00000012              : exp.obj (.const)
                 [ 0000f528 ]  00007a94          *   0000000c   main.obj (.const)
                 [ 0000f540 ]  00007aa0          *   0000000c   rts55x.lib : _printfi.obj (.const)
                 [ 0000f558 ]  00007aac          *   0000000a   gen_sinus.obj (.const)
                 [ 0000f56c ]  00007ab6          *   0000000a   rts55x.lib : ldexp.obj (.const)
                 [ 0000f580 ]  00007ac0          *   0000000a              : log.obj (.const)
                 [ 0000f594 ]  00007aca          *   00000008              : divd.obj (.const:_initial_approx$1)
                 [ 0000f5a4 ]  00007ad2          *   00000008              : frexp.obj (.const)
                 [ 0000f5b4 ]  00007ada          *   00000008              : round.obj (.const)
                 [ 0000f5c4 ]  00007ae2          *   00000006              : modf.obj (.const)
                 [ 0000f5d0 ]  00007ae8          *   00000004              : trunc.obj (.const)
                 [ 0000f5d8 ]  00007aec          *   00000002              : fputs.obj (.const:.string)
                 [ 0000f5dc ]  00007aee          *   00000002              : fltlid.obj (.const)

.text        0     00020000  [ 00010000 ] 00004bb7          *   
                   00020000  [ 00010000 ] 000015a4          *   rts55x.lib : _printfi.obj (.text)
                   000215a4  [ 00010ad2 ] 00000543          *              : lowlev.obj (.text)
                   00021ae7  [ 00010d73+] 00000528          *              : trgdrv.obj (.text)
                   0002200f  [ 00011007+] 000004b5          *              : memory.obj (.text)
                   000224c4  [ 00011262 ] 000003cc          *              : divd.obj (.text)
                   00022890  [ 00011448 ] 0000027f          *              : fopen.obj (.text)
                   00022b0f  [ 00011587+] 0000025e          *              : llmpy.obj (.text)
                   00022d6d  [ 000116b6+] 0000025a          *              : addd.obj (.text)
                   00022fc7  [ 000117e3+] 000001ff          *   gen_sinus.obj (.text)
                   000231c6  [ 000118e3 ] 000001f2          *   rts55x.lib : sin.obj (.text)
                   000233b8  [ 000119dc ] 000001ea          *              : cmpd.obj (.text)
                   000235a2  [ 00011ad1 ] 000001b6          *              : exp.obj (.text)
                   00023758  [ 00011bac ] 0000019f          *   main.obj (.text)
                   000238f7  [ 00011c7b+] 00000163          *   rts55x.lib : fputs.obj (.text)
                   00023a5a  [ 00011d2d ] 0000014c          *              : mpyd.obj (.text)
                   00023ba6  [ 00011dd3 ] 000000f2          *              : ldexp.obj (.text)
                   00023c98  [ 00011e4c ] 000000eb          *              : log.obj (.text)
                   00023d83  [ 00011ec1+] 000000e6          *              : setvbuf.obj (.text)
                   00023e69  [ 00011f34+] 000000dd          *              : _io_perm.obj (.text)
                   00023f46  [ 00011fa3 ] 000000cc          *              : frexp.obj (.text)
                   00024012  [ 00012009 ] 000000c2          *              : fflush.obj (.text)
                   000240d4  [ 0001206a ] 000000bf          *              : modf.obj (.text)
                   00024193  [ 000120c9+] 000000ba          *              : trgmsg.obj (.text:CIO_breakpoint)
                   0002424d  [ 00012126+] 000000a6          *              : fputc.obj (.text)
                   000242f3  [ 00012179+] 000000a1          *              : divul.obj (.text)
                   00024394  [ 000121ca ] 0000007d          *              : ltoa.obj (.text)
                   00024411  [ 00012208+] 0000007b          *              : fclose.obj (.text)
                   0002448c  [ 00012246 ] 00000076          *              : frcmpyd.obj (.text)
                   00024502  [ 00012281 ] 00000073          *              : frcmpyd_div.obj (.text)
                   00024575  [ 000122ba+] 00000072          *              : remul.obj (.text)
                   000245e7  [ 000122f3+] 0000006f          *              : fixdli.obj (.text)
                   00024656  [ 0001232b ] 0000006d          *              : trgmsg.obj (.text)
                   000246c3  [ 00012361+] 0000006b          *              : fseek.obj (.text)
                   0002472e  [ 00012397 ] 00000067          *              : fltlid.obj (.text)
                   00024795  [ 000123ca+] 0000005f          *              : round.obj (.text)
                   000247f4  [ 000123fa ] 0000005c          *              : atoi.obj (.text)
                   00024850  [ 00012428 ] 00000050          *              : printf.obj (.text)
                   000248a0  [ 00012450 ] 0000004d          *              : autoinit.obj (.text)
                   000248ed  [ 00012476+] 0000004b          *              : args_main.obj (.text)
                   00024938  [ 0001249c ] 0000004b          *              : remli.obj (.text)
                   00024983  [ 000124c1+] 00000048          *              : divli.obj (.text)
                   000249cb  [ 000124e5+] 00000041          *              : trunc.obj (.text)
                   00024a0c  [ 00012506 ] 0000003f          *              : memcpy.obj (.text)
                   00024a4b  [ 00012525+] 0000003e          *              : exit.obj (.text)
                   00024a89  [ 00012544+] 00000034          *              : boot.obj (.text)
                   00024abd  [ 0001255e+] 0000002a          *              : fixdi.obj (.text)
                   00024ae7  [ 00012573+] 0000002a          *              : udiv.obj (.text)
                   00024b11  [ 00012588+] 00000023          *              : memccpy.obj (.text)
                   00024b34  [ 0001259a ] 0000001a          *              : isinf.obj (.text)
                   00024b4e  [ 000125a7 ] 00000014          *              : subd.obj (.text)
                   00024b62  [ 000125b1 ] 00000013          *              : lmpy.obj (.text)
                   00024b75  [ 000125ba+] 00000012          *              : _lock.obj (.text)
                   00024b87  [ 000125c3+] 00000010          *              : negd.obj (.text)
                   00024b97  [ 000125cb+] 0000000c          *              : fltid.obj (.text)
                   00024ba3  [ 000125d1+] 0000000a          *              : remove.obj (.text)
                   00024bad  [ 000125d6+] 00000007          *              : exit.obj (.text:CIO_breakpoint)
                   00024bb4  [ 000125da ] 00000002          *              : vectors.obj (.text)
                   00024bb6  [ 000125db ] 00000001          *   --HOLE-- [fill = 20]

.cio         0   [ 00040000 ]  00020000          *   00000120   UNINITIALIZED
                 [ 00040000 ]  00020000          *   00000120   rts55x.lib : trgmsg.obj (.cio)

.cinit       0   [ 00040240 ]  00020120          *   000000a7   
                 [ 00040240 ]  00020120          *   0000002d   rts55x.lib : lowlev.obj (.cinit)
                 [ 0004029a ]  0002014d          *   0000002a              : defs.obj (.cinit)
                 [ 000402ee ]  00020177          *   00000013              : log.obj (.cinit)
                 [ 00040314 ]  0002018a          *   00000011              : exp.obj (.cinit)
                 [ 00040336 ]  0002019b          *   0000000b              : sin.obj (.cinit)
                 [ 0004034c ]  000201a6          *   0000000a              : _lock.obj (.cinit)
                 [ 00040360 ]  000201b0          *   0000000a              : exit.obj (.cinit)
                 [ 00040374 ]  000201ba          *   00000004              : errno.obj (.cinit)
                 [ 0004037c ]  000201be          *   00000004              : fopen.obj (.cinit)
                 [ 00040384 ]  000201c2          *   00000004              : memory.obj (.cinit)
                 [ 0004038c ]  000201c6          *   00000001   --HOLE-- [fill = 0]

vectors      0     0004fe00  [ 00027f00 ] 00000100          *   
                   0004fe00  [ 00027f00 ] 00000100          *   rts55x.lib : vectors.obj (vectors)


GLOBAL SYMBOLS: SORTED ALPHABETICALLY BY Name 

abs. value/
byte addr   word addr   name
---------   ---------   ----
00000002                $TI_capability$C5500$CallingConvention
00000002                $TI_capability$C5500$MemoryModel
00000001                $TI_capability_requires_rev3
ffffffff                .bss
ffffffff                .data
ffffffff                .text
00024bae                C$$EXIT
00024248                C$$IO$$
00024b62                I$$LMPY
00024ae7                I$$UDIV
00024afc                I$$UMOD
00021fb1                _HOSTclock
00021f46                _HOSTclose
00021e91                _HOSTlseek
00021df2                _HOSTopen
00021d65                _HOSTread
00021cb7                _HOSTrename
00021c59                _HOSTtime
00021bef                _HOSTunlink
00021b62                _HOSTwrite
0004fe00                _Reset
            00020000    __CIOBUF_
            00001060    __STACK_END
00002000                __STACK_SIZE
00002000                __SYSMEM_SIZE
00001000                __SYSSTACK_SIZE
00000001                __TI_args_main
ffffffff                ___binit__
ffffffff                ___bss__
ffffffff                ___c_args__
            00020120    ___cinit__
ffffffff                ___data__
ffffffff                ___edata__
ffffffff                ___end__
ffffffff                ___etext__
00024b34                ___isinf
ffffffff                ___pinit__
ffffffff                ___text__
00022d6d                __addd
000248ed                __args_main
000229b1                __cleanup
            0000690c    __cleanup_ptr
0002354a                __cmpd
            00007910    __ctypes_
000224c4                __divd
00024983                __divli
00022d38                __divlli
00024ae7                __divu
000242f3                __divul
00022c44                __divull
00024012                __doflush
            0000690e    __dtors_ptr
00023516                __eqld
00024abd                __fixdi
000245e7                __fixdli
00024b97                __fltid
0002472e                __fltlid
0002448c                __frcmpyd
00024502                __frcmpyd_div
            00006798    __ft_end
            00006680    __ftable
000234cc                __geqd
00023481                __gtrd
00023434                __leqd
            00006908    __lock
000233ec                __lssd
00023a5a                __mpyd
00024b62                __mpyli
00022b8c                __mpylli
00024b87                __negd
000233b8                __neqd
00024b85                __nop
00024795                __nround
00021362                __printfi
00023ee9                __rd_ok
00024b7d                __register_lock
00024b75                __register_unlock
00024938                __remli
00022b5d                __remlli
00024afc                __remu
00024575                __remul
00022b0f                __remull
            00000060    __stack
00024b4e                __subd
            00006910    __sys_memory
            00001060    __sysstack
            000066f8    __tmpnams
000249cb                __trunc
            0000690a    __unlock
00023e69                __wrt_ok
00024bad                _abort
000219f7                _add_device
000247f4                _atoi
000248a0                _auto_init
00024a89                _c_int00
0002249e                _calloc
00022496                _chkheap
00021984                _close
            00006869    _errno
00024a4b                _exit
000235a2                _exp
00024411                _fclose
0002407b                _fflush
0002197b                _find_registered_device
00022ad4                _fopen
0002424d                _fputc
000238f7                _fputs
0002200f                _free
00022440                _free_memory
00022a0b                _freopen
            000056e0    _freq_sweep_16kHz
            00004740    _freq_sweep_24kHz
            000037a0    _freq_sweep_48kHz
00023f46                _frexp
000246c3                _fseek
000230e6                _gen_log_sweep
00022fc7                _gen_sinus_multiton
00021ae7                _getenv
00023ba6                _ldexp
00023c98                _log
00021915                _lseek
00024394                _ltoa
00023758                _main
00022140                _malloc
000223e6                _max_free
00024b11                _memccpy
00024a0c                _memcpy
000220db                _minit
000240d4                _modf
00021856                _open
00024850                _printf
0002424d                _putc
000242e4                _putchar
00023a2c                _puts
000217a8                _read
00024656                _readmsg
00022235                _realloc
00024ba3                _remove
00021772                _remove_device
00021719                _rename
00023d83                _setvbuf
000231c6                _sin
            00002800    _sin_multitone_24kHz
            00001860    _sin_multitone_48kHz
000216e6                _unlink
000215a4                _write
00024193                _writemsg
ffffffff                binit
            00020120    cinit
ffffffff                edata
ffffffff                end
ffffffff                etext
ffffffff                pinit


GLOBAL SYMBOLS: SORTED BY Symbol Address 

abs. value/
byte addr   word addr   name
---------   ---------   ----
00000001                $TI_capability_requires_rev3
00000001                __TI_args_main
00000002                $TI_capability$C5500$CallingConvention
00000002                $TI_capability$C5500$MemoryModel
            00000060    __stack
00001000                __SYSSTACK_SIZE
00002000                __STACK_SIZE
00002000                __SYSMEM_SIZE
            00001060    __STACK_END
            00001060    __sysstack
            00001860    _sin_multitone_48kHz
            00002800    _sin_multitone_24kHz
            000037a0    _freq_sweep_48kHz
            00004740    _freq_sweep_24kHz
            000056e0    _freq_sweep_16kHz
            00006680    __ftable
            000066f8    __tmpnams
            00006798    __ft_end
            00006869    _errno
            00006908    __lock
            0000690a    __unlock
            0000690c    __cleanup_ptr
            0000690e    __dtors_ptr
            00006910    __sys_memory
            00007910    __ctypes_
00021362                __printfi
000215a4                _write
000216e6                _unlink
00021719                _rename
00021772                _remove_device
000217a8                _read
00021856                _open
00021915                _lseek
0002197b                _find_registered_device
00021984                _close
000219f7                _add_device
00021ae7                _getenv
00021b62                _HOSTwrite
00021bef                _HOSTunlink
00021c59                _HOSTtime
00021cb7                _HOSTrename
00021d65                _HOSTread
00021df2                _HOSTopen
00021e91                _HOSTlseek
00021f46                _HOSTclose
00021fb1                _HOSTclock
0002200f                _free
000220db                _minit
00022140                _malloc
00022235                _realloc
000223e6                _max_free
00022440                _free_memory
00022496                _chkheap
0002249e                _calloc
000224c4                __divd
000229b1                __cleanup
00022a0b                _freopen
00022ad4                _fopen
00022b0f                __remull
00022b5d                __remlli
00022b8c                __mpylli
00022c44                __divull
00022d38                __divlli
00022d6d                __addd
00022fc7                _gen_sinus_multiton
000230e6                _gen_log_sweep
000231c6                _sin
000233b8                __neqd
000233ec                __lssd
00023434                __leqd
00023481                __gtrd
000234cc                __geqd
00023516                __eqld
0002354a                __cmpd
000235a2                _exp
00023758                _main
000238f7                _fputs
00023a2c                _puts
00023a5a                __mpyd
00023ba6                _ldexp
00023c98                _log
00023d83                _setvbuf
00023e69                __wrt_ok
00023ee9                __rd_ok
00023f46                _frexp
00024012                __doflush
0002407b                _fflush
000240d4                _modf
00024193                _writemsg
00024248                C$$IO$$
0002424d                _fputc
0002424d                _putc
000242e4                _putchar
000242f3                __divul
00024394                _ltoa
00024411                _fclose
0002448c                __frcmpyd
00024502                __frcmpyd_div
00024575                __remul
000245e7                __fixdli
00024656                _readmsg
000246c3                _fseek
0002472e                __fltlid
00024795                __nround
000247f4                _atoi
00024850                _printf
000248a0                _auto_init
000248ed                __args_main
00024938                __remli
00024983                __divli
000249cb                __trunc
00024a0c                _memcpy
00024a4b                _exit
00024a89                _c_int00
00024abd                __fixdi
00024ae7                I$$UDIV
00024ae7                __divu
00024afc                I$$UMOD
00024afc                __remu
00024b11                _memccpy
00024b34                ___isinf
00024b4e                __subd
00024b62                I$$LMPY
00024b62                __mpyli
00024b75                __register_unlock
00024b7d                __register_lock
00024b85                __nop
00024b87                __negd
00024b97                __fltid
00024ba3                _remove
00024bad                _abort
00024bae                C$$EXIT
            00020000    __CIOBUF_
            00020120    ___cinit__
            00020120    cinit
0004fe00                _Reset
ffffffff                .bss
ffffffff                .data
ffffffff                .text
ffffffff                ___binit__
ffffffff                ___bss__
ffffffff                ___c_args__
ffffffff                ___data__
ffffffff                ___edata__
ffffffff                ___end__
ffffffff                ___etext__
ffffffff                ___pinit__
ffffffff                ___text__
ffffffff                binit
ffffffff                edata
ffffffff                end
ffffffff                etext
ffffffff                pinit

[153 symbols]
