******************************************************************************
              TMS320C55x Linker PC v4.4.1                      
******************************************************************************
>> Linked Wed Nov 07 14:21:44 2018

OUTPUT FILE NAME:   <simulator_template.out>
ENTRY POINT SYMBOL: "_c_int00"  address: 0002495f


MEMORY CONFIGURATION

         name            origin    length      used     unused   attr    fill
                        (bytes)   (bytes)    (bytes)   (bytes)
----------------------  --------  ---------  --------  --------  ----  --------
PAGE 0:
  MMR                   00000000   000000c0  00000000  000000c0  RWIX
  DARAM0                000000c0   0000ff40  0000b8e8  00004658  RWIX
  SARAM0                00010000   00010000  00000000  00010000  RWIX
  SARAM1                00020000   00020000  00004aab  0001b555  RWIX
  SARAM2                00040000   0000fe00  0000439e  0000ba62  RWIX
  VECS                  0004fe00   00000200  00000100  00000100  RWIX
  PDROM                 00ff8000   00008000  00000000  00008000  R IX

PAGE 2:
  IOPORT                00000000   00020000  00000000  00020000  RWI 


SECTION ALLOCATION MAP
(Addresses surrounded by []'s are displayed for convenience only!)

output                                                          attributes/
section   page  orgn(bytes) orgn(words) len(bytes) len(words)   input sections
--------  ----  ----------- ----------- ---------- ----------   --------------
.pinit       0   [ 00040000 ]  00020000          *   00000000   UNINITIALIZED

.stack       0   [ 000000c0 ]  00000060          *   00001000   UNINITIALIZED
                 [ 000000c0 ]  00000060          *   00001000   --HOLE--

.data        0   [ 000000c0 ]  00000060          *   00000000   UNINITIALIZED

.sysstack 
*            0   [ 000020c0 ]  00001060          *   00000800   UNINITIALIZED
                 [ 000020c0 ]  00001060          *   00000800   --HOLE--

.const.1     0   [ 000030c0 ]  00001860          *   00000101   
                 [ 000030c0 ]  00001860          *   00000101   rts55x.lib : ctype.obj (.const:__ctypes_)

.const.2     0   [ 000032c4 ]  00001962          *   00000041   
                 [ 000032c4 ]  00001962          *   00000041   main.obj (.const:.string)

.const.3     0   [ 00003348 ]  000019a4          *   000000a0   
                 [ 00003348 ]  000019a4          *   00000024   rts55x.lib : _printfi.obj (.const:.string)
                 [ 00003390 ]  000019c8          *   00000014              : sin.obj (.const)
                 [ 000033b8 ]  000019dc          *   00000012              : exp.obj (.const)
                 [ 000033dc ]  000019ee          *   00000010   gen_sinus.obj (.const)
                 [ 000033fc ]  000019fe          *   0000000c   rts55x.lib : _printfi.obj (.const)
                 [ 00003414 ]  00001a0a          *   0000000a              : ldexp.obj (.const)
                 [ 00003428 ]  00001a14          *   0000000a              : log.obj (.const)
                 [ 0000343c ]  00001a1e          *   00000008              : divd.obj (.const:_initial_approx$1)
                 [ 0000344c ]  00001a26          *   00000008              : frexp.obj (.const)
                 [ 0000345c ]  00001a2e          *   00000008              : round.obj (.const)
                 [ 0000346c ]  00001a36          *   00000006              : modf.obj (.const)
                 [ 00003478 ]  00001a3c          *   00000004              : trunc.obj (.const)
                 [ 00003480 ]  00001a40          *   00000002              : fputs.obj (.const:.string)
                 [ 00003484 ]  00001a42          *   00000002              : fltlid.obj (.const)

.bss         0   [ 00004000 ]  00002000          *   00003292   UNINITIALIZED
                 [ 00004000 ]  00002000          *   00002002   sine_table.obj (.bss)
                 [ 00008004 ]  00004002          *   00001000   main.obj (.bss)
                 [ 0000a004 ]  00005002          *   00000119   rts55x.lib : defs.obj (.bss)
                 [ 0000a236 ]  0000511b          *   000000d0              : trgdrv.obj (.bss)
                 [ 0000a3d6 ]  000051eb          *   00000001              : errno.obj (.bss)
                 [ 0000a3d8 ]  000051ec          *   00000071              : lowlev.obj (.bss)
                 [ 0000a4ba ]  0000525d          *   00000001              : fopen.obj (.bss)
                 [ 0000a4bc ]  0000525e          *   00000010              : log.obj (.bss)
                 [ 0000a4dc ]  0000526e          *   0000000e              : exp.obj (.bss)
                 [ 0000a4f8 ]  0000527c          *   00000008              : sin.obj (.bss)
                 [ 0000a508 ]  00005284          *   00000006              : memory.obj (.bss)
                 [ 0000a514 ]  0000528a          *   00000004              : _lock.obj (.bss)
                 [ 0000a51c ]  0000528e          *   00000004              : exit.obj (.bss)

.sysmem      0   [ 0000a524 ]  00005292          *   00001000   UNINITIALIZED
                 [ 0000a524 ]  00005292          *   00001000   --HOLE--

.text        0     00020000  [ 00010000 ] 00004aab          *   
                   00020000  [ 00010000 ] 000015a4          *   rts55x.lib : _printfi.obj (.text)
                   000215a4  [ 00010ad2 ] 00000543          *              : lowlev.obj (.text)
                   00021ae7  [ 00010d73+] 00000528          *              : trgdrv.obj (.text)
                   0002200f  [ 00011007+] 000004b5          *              : memory.obj (.text)
                   000224c4  [ 00011262 ] 000003cc          *              : divd.obj (.text)
                   00022890  [ 00011448 ] 0000027f          *              : fopen.obj (.text)
                   00022b0f  [ 00011587+] 00000274          *   gen_sinus.obj (.text)
                   00022d83  [ 000116c1+] 0000025e          *   rts55x.lib : llmpy.obj (.text)
                   00022fe1  [ 000117f0+] 0000025a          *              : addd.obj (.text)
                   0002323b  [ 0001191d+] 000001f2          *              : sin.obj (.text)
                   0002342d  [ 00011a16+] 000001ea          *              : cmpd.obj (.text)
                   00023617  [ 00011b0b+] 000001b6          *              : exp.obj (.text)
                   000237cd  [ 00011be6+] 00000163          *              : fputs.obj (.text)
                   00023930  [ 00011c98 ] 0000014c          *              : mpyd.obj (.text)
                   00023a7c  [ 00011d3e ] 000000f2          *              : ldexp.obj (.text)
                   00023b6e  [ 00011db7 ] 000000eb          *              : log.obj (.text)
                   00023c59  [ 00011e2c+] 000000e6          *              : setvbuf.obj (.text)
                   00023d3f  [ 00011e9f+] 000000dd          *              : _io_perm.obj (.text)
                   00023e1c  [ 00011f0e ] 000000cc          *              : frexp.obj (.text)
                   00023ee8  [ 00011f74 ] 000000c2          *              : fflush.obj (.text)
                   00023faa  [ 00011fd5 ] 000000bf          *              : modf.obj (.text)
                   00024069  [ 00012034+] 000000ba          *              : trgmsg.obj (.text:CIO_breakpoint)
                   00024123  [ 00012091+] 000000a6          *              : fputc.obj (.text)
                   000241c9  [ 000120e4+] 000000a1          *              : divul.obj (.text)
                   0002426a  [ 00012135 ] 0000007d          *              : ltoa.obj (.text)
                   000242e7  [ 00012173+] 0000007b          *              : fclose.obj (.text)
                   00024362  [ 000121b1 ] 00000076          *              : frcmpyd.obj (.text)
                   000243d8  [ 000121ec ] 00000073          *              : frcmpyd_div.obj (.text)
                   0002444b  [ 00012225+] 00000072          *              : remul.obj (.text)
                   000244bd  [ 0001225e+] 0000006f          *              : fixdli.obj (.text)
                   0002452c  [ 00012296 ] 0000006d          *              : trgmsg.obj (.text)
                   00024599  [ 000122cc+] 0000006b          *              : fseek.obj (.text)
                   00024604  [ 00012302 ] 00000067          *              : fltlid.obj (.text)
                   0002466b  [ 00012335+] 0000005f          *              : round.obj (.text)
                   000246ca  [ 00012365 ] 0000005c          *              : atoi.obj (.text)
                   00024726  [ 00012393 ] 00000050          *              : printf.obj (.text)
                   00024776  [ 000123bb ] 0000004d          *              : autoinit.obj (.text)
                   000247c3  [ 000123e1+] 0000004b          *              : args_main.obj (.text)
                   0002480e  [ 00012407 ] 0000004b          *              : remli.obj (.text)
                   00024859  [ 0001242c+] 00000048          *              : divli.obj (.text)
                   000248a1  [ 00012450+] 00000041          *              : trunc.obj (.text)
                   000248e2  [ 00012471 ] 0000003f          *              : memcpy.obj (.text)
                   00024921  [ 00012490+] 0000003e          *              : exit.obj (.text)
                   0002495f  [ 000124af+] 00000034          *              : boot.obj (.text)
                   00024993  [ 000124c9+] 0000002a          *              : fixdi.obj (.text)
                   000249bd  [ 000124de+] 0000002a          *              : udiv.obj (.text)
                   000249e7  [ 000124f3+] 00000023          *              : memccpy.obj (.text)
                   00024a0a  [ 00012505 ] 0000001e          *   main.obj (.text)
                   00024a28  [ 00012514 ] 0000001a          *   rts55x.lib : isinf.obj (.text)
                   00024a42  [ 00012521 ] 00000014          *              : subd.obj (.text)
                   00024a56  [ 0001252b ] 00000013          *              : lmpy.obj (.text)
                   00024a69  [ 00012534+] 00000012          *              : _lock.obj (.text)
                   00024a7b  [ 0001253d+] 00000010          *              : negd.obj (.text)
                   00024a8b  [ 00012545+] 0000000c          *              : fltid.obj (.text)
                   00024a97  [ 0001254b+] 0000000a          *              : remove.obj (.text)
                   00024aa1  [ 00012550+] 00000007          *              : exit.obj (.text:CIO_breakpoint)
                   00024aa8  [ 00012554 ] 00000002          *              : vectors.obj (.text)
                   00024aaa  [ 00012555 ] 00000001          *   --HOLE-- [fill = 20]

.cinit       0   [ 00040000 ]  00020000          *   000020af   
                 [ 00040000 ]  00020000          *   00002008   sine_table.obj (.cinit)
                 [ 00044010 ]  00022008          *   0000002d   rts55x.lib : lowlev.obj (.cinit)
                 [ 0004406a ]  00022035          *   0000002a              : defs.obj (.cinit)
                 [ 000440be ]  0002205f          *   00000013              : log.obj (.cinit)
                 [ 000440e4 ]  00022072          *   00000011              : exp.obj (.cinit)
                 [ 00044106 ]  00022083          *   0000000b              : sin.obj (.cinit)
                 [ 0004411c ]  0002208e          *   0000000a              : _lock.obj (.cinit)
                 [ 00044130 ]  00022098          *   0000000a              : exit.obj (.cinit)
                 [ 00044144 ]  000220a2          *   00000004              : errno.obj (.cinit)
                 [ 0004414c ]  000220a6          *   00000004              : fopen.obj (.cinit)
                 [ 00044154 ]  000220aa          *   00000004              : memory.obj (.cinit)
                 [ 0004415c ]  000220ae          *   00000001   --HOLE-- [fill = 0]

.cio         0   [ 00044160 ]  000220b0          *   00000120   UNINITIALIZED
                 [ 00044160 ]  000220b0          *   00000120   rts55x.lib : trgmsg.obj (.cio)

vectors      0     0004fe00  [ 00027f00 ] 00000100          *   
                   0004fe00  [ 00027f00 ] 00000100          *   rts55x.lib : vectors.obj (vectors)


GLOBAL SYMBOLS: SORTED ALPHABETICALLY BY Name 

abs. value/
byte addr   word addr   name
---------   ---------   ----
00000002                $TI_capability$C5500$CallingConvention
00000002                $TI_capability$C5500$MemoryModel
00000001                $TI_capability_requires_rev3
ffffffff                .bss
ffffffff                .data
ffffffff                .text
00024aa2                C$$EXIT
0002411e                C$$IO$$
00024a56                I$$LMPY
000249bd                I$$UDIV
000249d2                I$$UMOD
00021fb1                _HOSTclock
00021f46                _HOSTclose
00021e91                _HOSTlseek
00021df2                _HOSTopen
00021d65                _HOSTread
00021cb7                _HOSTrename
00021c59                _HOSTtime
00021bef                _HOSTunlink
00021b62                _HOSTwrite
0004fe00                _Reset
            000220b0    __CIOBUF_
            00001060    __STACK_END
00002000                __STACK_SIZE
00002000                __SYSMEM_SIZE
00001000                __SYSSTACK_SIZE
00000001                __TI_args_main
ffffffff                ___binit__
ffffffff                ___bss__
ffffffff                ___c_args__
            00020000    ___cinit__
ffffffff                ___data__
ffffffff                ___edata__
ffffffff                ___end__
ffffffff                ___etext__
00024a28                ___isinf
ffffffff                ___pinit__
ffffffff                ___text__
00022fe1                __addd
000247c3                __args_main
000229b1                __cleanup
            0000528e    __cleanup_ptr
000235bf                __cmpd
            00001860    __ctypes_
000224c4                __divd
00024859                __divli
00022fac                __divlli
000249bd                __divu
000241c9                __divul
00022eb8                __divull
00023ee8                __doflush
            00005290    __dtors_ptr
0002358b                __eqld
00024993                __fixdi
000244bd                __fixdli
00024a8b                __fltid
00024604                __fltlid
00024362                __frcmpyd
000243d8                __frcmpyd_div
            0000511a    __ft_end
            00005002    __ftable
00023541                __geqd
000234f6                __gtrd
000234a9                __leqd
            0000528a    __lock
00023461                __lssd
00023930                __mpyd
00024a56                __mpyli
00022e00                __mpylli
00024a7b                __negd
0002342d                __neqd
00024a79                __nop
0002466b                __nround
00021362                __printfi
00023dbf                __rd_ok
00024a71                __register_lock
00024a69                __register_unlock
0002480e                __remli
00022dd1                __remlli
000249d2                __remu
0002444b                __remul
00022d83                __remull
            00000060    __stack
00024a42                __subd
            00005292    __sys_memory
            00001060    __sysstack
            0000507a    __tmpnams
000248a1                __trunc
            0000528c    __unlock
00023d3f                __wrt_ok
00024aa1                _abort
000219f7                _add_device
000246ca                _atoi
00024776                _auto_init
            00004002    _buffer
0002495f                _c_int00
0002249e                _calloc
00022496                _chkheap
00021984                _close
            000051eb    _errno
00024921                _exit
00023617                _exp
000242e7                _fclose
00023f51                _fflush
0002197b                _find_registered_device
00022ad4                _fopen
00024123                _fputc
000237cd                _fputs
0002200f                _free
00022440                _free_memory
00022a0b                _freopen
00023e1c                _frexp
00024599                _fseek
00022be3                _gen_lin_sweep
00022bf7                _gen_log_sweep
00022b0f                _gen_sinus
00022bcf                _gen_sinus_multiton
00022b3d                _gen_sinus_table
00022cd7                _gen_square
00021ae7                _getenv
00023a7c                _ldexp
00023b6e                _log
00021915                _lseek
0002426a                _ltoa
00024a0a                _main
00022140                _malloc
000223e6                _max_free
000249e7                _memccpy
000248e2                _memcpy
000220db                _minit
00023faa                _modf
00021856                _open
            00004000    _p_sine_table
00024726                _printf
00024123                _putc
000241ba                _putchar
00023902                _puts
000217a8                _read
0002452c                _readmsg
00022235                _realloc
00024a97                _remove
00021772                _remove_device
00021719                _rename
00023c59                _setvbuf
0002323b                _sin
            00002000    _sine_table
000216e6                _unlink
000215a4                _write
00024069                _writemsg
ffffffff                binit
            00020000    cinit
ffffffff                edata
ffffffff                end
ffffffff                etext
ffffffff                pinit


GLOBAL SYMBOLS: SORTED BY Symbol Address 

abs. value/
byte addr   word addr   name
---------   ---------   ----
00000001                $TI_capability_requires_rev3
00000001                __TI_args_main
00000002                $TI_capability$C5500$CallingConvention
00000002                $TI_capability$C5500$MemoryModel
            00000060    __stack
00001000                __SYSSTACK_SIZE
00002000                __STACK_SIZE
00002000                __SYSMEM_SIZE
            00001060    __STACK_END
            00001060    __sysstack
            00001860    __ctypes_
            00002000    _sine_table
            00004000    _p_sine_table
            00004002    _buffer
            00005002    __ftable
            0000507a    __tmpnams
            0000511a    __ft_end
            000051eb    _errno
            0000528a    __lock
            0000528c    __unlock
            0000528e    __cleanup_ptr
            00005290    __dtors_ptr
            00005292    __sys_memory
00021362                __printfi
000215a4                _write
000216e6                _unlink
00021719                _rename
00021772                _remove_device
000217a8                _read
00021856                _open
00021915                _lseek
0002197b                _find_registered_device
00021984                _close
000219f7                _add_device
00021ae7                _getenv
00021b62                _HOSTwrite
00021bef                _HOSTunlink
00021c59                _HOSTtime
00021cb7                _HOSTrename
00021d65                _HOSTread
00021df2                _HOSTopen
00021e91                _HOSTlseek
00021f46                _HOSTclose
00021fb1                _HOSTclock
0002200f                _free
000220db                _minit
00022140                _malloc
00022235                _realloc
000223e6                _max_free
00022440                _free_memory
00022496                _chkheap
0002249e                _calloc
000224c4                __divd
000229b1                __cleanup
00022a0b                _freopen
00022ad4                _fopen
00022b0f                _gen_sinus
00022b3d                _gen_sinus_table
00022bcf                _gen_sinus_multiton
00022be3                _gen_lin_sweep
00022bf7                _gen_log_sweep
00022cd7                _gen_square
00022d83                __remull
00022dd1                __remlli
00022e00                __mpylli
00022eb8                __divull
00022fac                __divlli
00022fe1                __addd
0002323b                _sin
0002342d                __neqd
00023461                __lssd
000234a9                __leqd
000234f6                __gtrd
00023541                __geqd
0002358b                __eqld
000235bf                __cmpd
00023617                _exp
000237cd                _fputs
00023902                _puts
00023930                __mpyd
00023a7c                _ldexp
00023b6e                _log
00023c59                _setvbuf
00023d3f                __wrt_ok
00023dbf                __rd_ok
00023e1c                _frexp
00023ee8                __doflush
00023f51                _fflush
00023faa                _modf
00024069                _writemsg
0002411e                C$$IO$$
00024123                _fputc
00024123                _putc
000241ba                _putchar
000241c9                __divul
0002426a                _ltoa
000242e7                _fclose
00024362                __frcmpyd
000243d8                __frcmpyd_div
0002444b                __remul
000244bd                __fixdli
0002452c                _readmsg
00024599                _fseek
00024604                __fltlid
0002466b                __nround
000246ca                _atoi
00024726                _printf
00024776                _auto_init
000247c3                __args_main
0002480e                __remli
00024859                __divli
000248a1                __trunc
000248e2                _memcpy
00024921                _exit
0002495f                _c_int00
00024993                __fixdi
000249bd                I$$UDIV
000249bd                __divu
000249d2                I$$UMOD
000249d2                __remu
000249e7                _memccpy
00024a0a                _main
00024a28                ___isinf
00024a42                __subd
00024a56                I$$LMPY
00024a56                __mpyli
00024a69                __register_unlock
00024a71                __register_lock
00024a79                __nop
00024a7b                __negd
00024a8b                __fltid
00024a97                _remove
00024aa1                _abort
00024aa2                C$$EXIT
            00020000    ___cinit__
            00020000    cinit
            000220b0    __CIOBUF_
0004fe00                _Reset
ffffffff                .bss
ffffffff                .data
ffffffff                .text
ffffffff                ___binit__
ffffffff                ___bss__
ffffffff                ___c_args__
ffffffff                ___data__
ffffffff                ___edata__
ffffffff                ___end__
ffffffff                ___etext__
ffffffff                ___pinit__
ffffffff                ___text__
ffffffff                binit
ffffffff                edata
ffffffff                end
ffffffff                etext
ffffffff                pinit

[155 symbols]
