******************************************************************************
              TMS320C55x Linker PC v4.4.1                      
******************************************************************************
>> Linked Wed Nov 07 15:51:46 2018

OUTPUT FILE NAME:   <Vezba2_sim.out>
ENTRY POINT SYMBOL: "_c_int00"  address: 00024df5


MEMORY CONFIGURATION

         name            origin    length      used     unused   attr    fill
                        (bytes)   (bytes)    (bytes)   (bytes)
----------------------  --------  ---------  --------  --------  ----  --------
PAGE 0:
  MMR                   00000000   000000c0  00000000  000000c0  RWIX
  DARAM0                000000c0   0000ff40  0000b91c  00004624  RWIX
  SARAM0                00010000   00010000  00000000  00010000  RWIX
  SARAM1                00020000   00020000  00004f23  0001b0dd  RWIX
  SARAM2                00040000   0000fe00  0000439e  0000ba62  RWIX
  VECS                  0004fe00   00000200  00000100  00000100  RWIX
  PDROM                 00ff8000   00008000  00000000  00008000  R IX

PAGE 2:
  IOPORT                00000000   00020000  00000000  00020000  RWI 


SECTION ALLOCATION MAP
(Addresses surrounded by []'s are displayed for convenience only!)

output                                                          attributes/
section   page  orgn(bytes) orgn(words) len(bytes) len(words)   input sections
--------  ----  ----------- ----------- ---------- ----------   --------------
.pinit       0   [ 00040000 ]  00020000          *   00000000   UNINITIALIZED

.stack       0   [ 000000c0 ]  00000060          *   00001000   UNINITIALIZED
                 [ 000000c0 ]  00000060          *   00001000   --HOLE--

.data        0   [ 000000c0 ]  00000060          *   00000000   UNINITIALIZED

.sysstack 
*            0   [ 000020c0 ]  00001060          *   00000800   UNINITIALIZED
                 [ 000020c0 ]  00001060          *   00000800   --HOLE--

.const.1     0   [ 000030c0 ]  00001860          *   00000101   
                 [ 000030c0 ]  00001860          *   00000101   rts55x.lib : ctype.obj (.const:__ctypes_)

.const.2     0   [ 000032c4 ]  00001962          *   00000041   
                 [ 000032c4 ]  00001962          *   00000041   main.obj (.const:.string)

.const.3     0   [ 00003348 ]  000019a4          *   000000ba   
                 [ 00003348 ]  000019a4          *   00000024   rts55x.lib : _printfi.obj (.const:.string)
                 [ 00003390 ]  000019c8          *   00000016   main.obj (.const)
                 [ 000033bc ]  000019de          *   00000014   gen_sinus.obj (.const)
                 [ 000033e4 ]  000019f2          *   00000014   rts55x.lib : sin.obj (.const)
                 [ 0000340c ]  00001a06          *   00000012              : exp.obj (.const)
                 [ 00003430 ]  00001a18          *   0000000c              : _printfi.obj (.const)
                 [ 00003448 ]  00001a24          *   0000000a              : ldexp.obj (.const)
                 [ 0000345c ]  00001a2e          *   0000000a              : log.obj (.const)
                 [ 00003470 ]  00001a38          *   00000008              : divd.obj (.const:_initial_approx$1)
                 [ 00003480 ]  00001a40          *   00000008              : frexp.obj (.const)
                 [ 00003490 ]  00001a48          *   00000008              : round.obj (.const)
                 [ 000034a0 ]  00001a50          *   00000006              : modf.obj (.const)
                 [ 000034ac ]  00001a56          *   00000004              : trunc.obj (.const)
                 [ 000034b4 ]  00001a5a          *   00000002              : fputs.obj (.const:.string)
                 [ 000034b8 ]  00001a5c          *   00000002              : fltlid.obj (.const)

.bss         0   [ 00004000 ]  00002000          *   00003292   UNINITIALIZED
                 [ 00004000 ]  00002000          *   00002002   sine_table.obj (.bss)
                 [ 00008004 ]  00004002          *   00001000   main.obj (.bss)
                 [ 0000a004 ]  00005002          *   00000119   rts55x.lib : defs.obj (.bss)
                 [ 0000a236 ]  0000511b          *   000000d0              : trgdrv.obj (.bss)
                 [ 0000a3d6 ]  000051eb          *   00000001              : errno.obj (.bss)
                 [ 0000a3d8 ]  000051ec          *   00000071              : lowlev.obj (.bss)
                 [ 0000a4ba ]  0000525d          *   00000001              : fopen.obj (.bss)
                 [ 0000a4bc ]  0000525e          *   00000010              : log.obj (.bss)
                 [ 0000a4dc ]  0000526e          *   0000000e              : exp.obj (.bss)
                 [ 0000a4f8 ]  0000527c          *   00000008              : sin.obj (.bss)
                 [ 0000a508 ]  00005284          *   00000006              : memory.obj (.bss)
                 [ 0000a514 ]  0000528a          *   00000004              : _lock.obj (.bss)
                 [ 0000a51c ]  0000528e          *   00000004              : exit.obj (.bss)

.sysmem      0   [ 0000a524 ]  00005292          *   00001000   UNINITIALIZED
                 [ 0000a524 ]  00005292          *   00001000   --HOLE--

.text        0     00020000  [ 00010000 ] 00004f23          *   
                   00020000  [ 00010000 ] 000015a4          *   rts55x.lib : _printfi.obj (.text)
                   000215a4  [ 00010ad2 ] 00000588          *   gen_sinus.obj (.text)
                   00021b2c  [ 00010d96 ] 00000543          *   rts55x.lib : lowlev.obj (.text)
                   0002206f  [ 00011037+] 00000528          *              : trgdrv.obj (.text)
                   00022597  [ 000112cb+] 000004b5          *              : memory.obj (.text)
                   00022a4c  [ 00011526 ] 000003cc          *              : divd.obj (.text)
                   00022e18  [ 0001170c ] 0000027f          *              : fopen.obj (.text)
                   00023097  [ 0001184b+] 0000025e          *              : llmpy.obj (.text)
                   000232f5  [ 0001197a+] 0000025a          *              : addd.obj (.text)
                   0002354f  [ 00011aa7+] 000001f2          *              : sin.obj (.text)
                   00023741  [ 00011ba0+] 000001ea          *              : cmpd.obj (.text)
                   0002392b  [ 00011c95+] 000001b6          *              : exp.obj (.text)
                   00023ae1  [ 00011d70+] 00000182          *   main.obj (.text)
                   00023c63  [ 00011e31+] 00000163          *   rts55x.lib : fputs.obj (.text)
                   00023dc6  [ 00011ee3 ] 0000014c          *              : mpyd.obj (.text)
                   00023f12  [ 00011f89 ] 000000f2          *              : ldexp.obj (.text)
                   00024004  [ 00012002 ] 000000eb          *              : log.obj (.text)
                   000240ef  [ 00012077+] 000000e6          *              : setvbuf.obj (.text)
                   000241d5  [ 000120ea+] 000000dd          *              : _io_perm.obj (.text)
                   000242b2  [ 00012159 ] 000000cc          *              : frexp.obj (.text)
                   0002437e  [ 000121bf ] 000000c2          *              : fflush.obj (.text)
                   00024440  [ 00012220 ] 000000bf          *              : modf.obj (.text)
                   000244ff  [ 0001227f+] 000000ba          *              : trgmsg.obj (.text:CIO_breakpoint)
                   000245b9  [ 000122dc+] 000000a6          *              : fputc.obj (.text)
                   0002465f  [ 0001232f+] 000000a1          *              : divul.obj (.text)
                   00024700  [ 00012380 ] 0000007d          *              : ltoa.obj (.text)
                   0002477d  [ 000123be+] 0000007b          *              : fclose.obj (.text)
                   000247f8  [ 000123fc ] 00000076          *              : frcmpyd.obj (.text)
                   0002486e  [ 00012437 ] 00000073          *              : frcmpyd_div.obj (.text)
                   000248e1  [ 00012470+] 00000072          *              : remul.obj (.text)
                   00024953  [ 000124a9+] 0000006f          *              : fixdli.obj (.text)
                   000249c2  [ 000124e1 ] 0000006d          *              : trgmsg.obj (.text)
                   00024a2f  [ 00012517+] 0000006b          *              : fseek.obj (.text)
                   00024a9a  [ 0001254d ] 00000067          *              : fltlid.obj (.text)
                   00024b01  [ 00012580+] 0000005f          *              : round.obj (.text)
                   00024b60  [ 000125b0 ] 0000005c          *              : atoi.obj (.text)
                   00024bbc  [ 000125de ] 00000050          *              : printf.obj (.text)
                   00024c0c  [ 00012606 ] 0000004d          *              : autoinit.obj (.text)
                   00024c59  [ 0001262c+] 0000004b          *              : args_main.obj (.text)
                   00024ca4  [ 00012652 ] 0000004b          *              : remli.obj (.text)
                   00024cef  [ 00012677+] 00000048          *              : divli.obj (.text)
                   00024d37  [ 0001269b+] 00000041          *              : trunc.obj (.text)
                   00024d78  [ 000126bc ] 0000003f          *              : memcpy.obj (.text)
                   00024db7  [ 000126db+] 0000003e          *              : exit.obj (.text)
                   00024df5  [ 000126fa+] 00000034          *              : boot.obj (.text)
                   00024e29  [ 00012714+] 0000002a          *              : fixdi.obj (.text)
                   00024e53  [ 00012729+] 0000002a          *              : udiv.obj (.text)
                   00024e7d  [ 0001273e+] 00000023          *              : memccpy.obj (.text)
                   00024ea0  [ 00012750 ] 0000001a          *              : isinf.obj (.text)
                   00024eba  [ 0001275d ] 00000014          *              : subd.obj (.text)
                   00024ece  [ 00012767 ] 00000013          *              : lmpy.obj (.text)
                   00024ee1  [ 00012770+] 00000012          *              : _lock.obj (.text)
                   00024ef3  [ 00012779+] 00000010          *              : negd.obj (.text)
                   00024f03  [ 00012781+] 0000000c          *              : fltid.obj (.text)
                   00024f0f  [ 00012787+] 0000000a          *              : remove.obj (.text)
                   00024f19  [ 0001278c+] 00000007          *              : exit.obj (.text:CIO_breakpoint)
                   00024f20  [ 00012790 ] 00000002          *              : vectors.obj (.text)
                   00024f22  [ 00012791 ] 00000001          *   --HOLE-- [fill = 20]

.cinit       0   [ 00040000 ]  00020000          *   000020af   
                 [ 00040000 ]  00020000          *   00002008   sine_table.obj (.cinit)
                 [ 00044010 ]  00022008          *   0000002d   rts55x.lib : lowlev.obj (.cinit)
                 [ 0004406a ]  00022035          *   0000002a              : defs.obj (.cinit)
                 [ 000440be ]  0002205f          *   00000013              : log.obj (.cinit)
                 [ 000440e4 ]  00022072          *   00000011              : exp.obj (.cinit)
                 [ 00044106 ]  00022083          *   0000000b              : sin.obj (.cinit)
                 [ 0004411c ]  0002208e          *   0000000a              : _lock.obj (.cinit)
                 [ 00044130 ]  00022098          *   0000000a              : exit.obj (.cinit)
                 [ 00044144 ]  000220a2          *   00000004              : errno.obj (.cinit)
                 [ 0004414c ]  000220a6          *   00000004              : fopen.obj (.cinit)
                 [ 00044154 ]  000220aa          *   00000004              : memory.obj (.cinit)
                 [ 0004415c ]  000220ae          *   00000001   --HOLE-- [fill = 0]

.cio         0   [ 00044160 ]  000220b0          *   00000120   UNINITIALIZED
                 [ 00044160 ]  000220b0          *   00000120   rts55x.lib : trgmsg.obj (.cio)

vectors      0     0004fe00  [ 00027f00 ] 00000100          *   
                   0004fe00  [ 00027f00 ] 00000100          *   rts55x.lib : vectors.obj (vectors)


GLOBAL SYMBOLS: SORTED ALPHABETICALLY BY Name 

abs. value/
byte addr   word addr   name
---------   ---------   ----
00000002                $TI_capability$C5500$CallingConvention
00000002                $TI_capability$C5500$MemoryModel
00000001                $TI_capability_requires_rev3
ffffffff                .bss
ffffffff                .data
ffffffff                .text
00024f1a                C$$EXIT
000245b4                C$$IO$$
00024ece                I$$LMPY
00024e53                I$$UDIV
00024e68                I$$UMOD
00022539                _HOSTclock
000224ce                _HOSTclose
00022419                _HOSTlseek
0002237a                _HOSTopen
000222ed                _HOSTread
0002223f                _HOSTrename
000221e1                _HOSTtime
00022177                _HOSTunlink
000220ea                _HOSTwrite
0004fe00                _Reset
            000220b0    __CIOBUF_
            00001060    __STACK_END
00002000                __STACK_SIZE
00002000                __SYSMEM_SIZE
00001000                __SYSSTACK_SIZE
00000001                __TI_args_main
ffffffff                ___binit__
ffffffff                ___bss__
ffffffff                ___c_args__
            00020000    ___cinit__
ffffffff                ___data__
ffffffff                ___edata__
ffffffff                ___end__
ffffffff                ___etext__
00024ea0                ___isinf
ffffffff                ___pinit__
ffffffff                ___text__
000232f5                __addd
00024c59                __args_main
00022f39                __cleanup
            0000528e    __cleanup_ptr
000238d3                __cmpd
            00001860    __ctypes_
00022a4c                __divd
00024cef                __divli
000232c0                __divlli
00024e53                __divu
0002465f                __divul
000231cc                __divull
0002437e                __doflush
            00005290    __dtors_ptr
0002389f                __eqld
00024e29                __fixdi
00024953                __fixdli
00024f03                __fltid
00024a9a                __fltlid
000247f8                __frcmpyd
0002486e                __frcmpyd_div
            0000511a    __ft_end
            00005002    __ftable
00023855                __geqd
0002380a                __gtrd
000237bd                __leqd
            0000528a    __lock
00023775                __lssd
00023dc6                __mpyd
00024ece                __mpyli
00023114                __mpylli
00024ef3                __negd
00023741                __neqd
00024ef1                __nop
00024b01                __nround
00021362                __printfi
00024255                __rd_ok
00024ee9                __register_lock
00024ee1                __register_unlock
00024ca4                __remli
000230e5                __remlli
00024e68                __remu
000248e1                __remul
00023097                __remull
            00000060    __stack
00024eba                __subd
            00005292    __sys_memory
            00001060    __sysstack
            0000507a    __tmpnams
00024d37                __trunc
            0000528c    __unlock
000241d5                __wrt_ok
00024f19                _abort
00021f7f                _add_device
00024b60                _atoi
00024c0c                _auto_init
            00004002    _buffer
00024df5                _c_int00
00022a26                _calloc
00022a1e                _chkheap
00021f0c                _close
            000051eb    _errno
00024db7                _exit
0002392b                _exp
0002477d                _fclose
000243e7                _fflush
00021f03                _find_registered_device
0002305c                _fopen
000245b9                _fputc
00023c63                _fputs
00022597                _free
000229c8                _free_memory
00022f93                _freopen
000242b2                _frexp
00024a2f                _fseek
000218cb                _gen_lin_sweep
000219a0                _gen_log_sweep
000215a4                _gen_sinus
000217e5                _gen_sinus_multiton
00021612                _gen_sinus_table
000216a4                _gen_sinus_table_mod
00021a80                _gen_square
0002206f                _getenv
00023f12                _ldexp
00024004                _log
00021e9d                _lseek
00024700                _ltoa
00023ae1                _main
000226c8                _malloc
0002296e                _max_free
00024e7d                _memccpy
00024d78                _memcpy
00022663                _minit
00024440                _modf
00021dde                _open
            00004000    _p_sine_table
00024bbc                _printf
000245b9                _putc
00024650                _putchar
00023d98                _puts
00021d30                _read
000249c2                _readmsg
000227bd                _realloc
00024f0f                _remove
00021cfa                _remove_device
00021ca1                _rename
000240ef                _setvbuf
0002354f                _sin
            00002000    _sine_table
00021c6e                _unlink
00021b2c                _write
000244ff                _writemsg
ffffffff                binit
            00020000    cinit
ffffffff                edata
ffffffff                end
ffffffff                etext
ffffffff                pinit


GLOBAL SYMBOLS: SORTED BY Symbol Address 

abs. value/
byte addr   word addr   name
---------   ---------   ----
00000001                $TI_capability_requires_rev3
00000001                __TI_args_main
00000002                $TI_capability$C5500$CallingConvention
00000002                $TI_capability$C5500$MemoryModel
            00000060    __stack
00001000                __SYSSTACK_SIZE
00002000                __STACK_SIZE
00002000                __SYSMEM_SIZE
            00001060    __STACK_END
            00001060    __sysstack
            00001860    __ctypes_
            00002000    _sine_table
            00004000    _p_sine_table
            00004002    _buffer
            00005002    __ftable
            0000507a    __tmpnams
            0000511a    __ft_end
            000051eb    _errno
            0000528a    __lock
            0000528c    __unlock
            0000528e    __cleanup_ptr
            00005290    __dtors_ptr
            00005292    __sys_memory
00021362                __printfi
000215a4                _gen_sinus
00021612                _gen_sinus_table
000216a4                _gen_sinus_table_mod
000217e5                _gen_sinus_multiton
000218cb                _gen_lin_sweep
000219a0                _gen_log_sweep
00021a80                _gen_square
00021b2c                _write
00021c6e                _unlink
00021ca1                _rename
00021cfa                _remove_device
00021d30                _read
00021dde                _open
00021e9d                _lseek
00021f03                _find_registered_device
00021f0c                _close
00021f7f                _add_device
0002206f                _getenv
000220ea                _HOSTwrite
00022177                _HOSTunlink
000221e1                _HOSTtime
0002223f                _HOSTrename
000222ed                _HOSTread
0002237a                _HOSTopen
00022419                _HOSTlseek
000224ce                _HOSTclose
00022539                _HOSTclock
00022597                _free
00022663                _minit
000226c8                _malloc
000227bd                _realloc
0002296e                _max_free
000229c8                _free_memory
00022a1e                _chkheap
00022a26                _calloc
00022a4c                __divd
00022f39                __cleanup
00022f93                _freopen
0002305c                _fopen
00023097                __remull
000230e5                __remlli
00023114                __mpylli
000231cc                __divull
000232c0                __divlli
000232f5                __addd
0002354f                _sin
00023741                __neqd
00023775                __lssd
000237bd                __leqd
0002380a                __gtrd
00023855                __geqd
0002389f                __eqld
000238d3                __cmpd
0002392b                _exp
00023ae1                _main
00023c63                _fputs
00023d98                _puts
00023dc6                __mpyd
00023f12                _ldexp
00024004                _log
000240ef                _setvbuf
000241d5                __wrt_ok
00024255                __rd_ok
000242b2                _frexp
0002437e                __doflush
000243e7                _fflush
00024440                _modf
000244ff                _writemsg
000245b4                C$$IO$$
000245b9                _fputc
000245b9                _putc
00024650                _putchar
0002465f                __divul
00024700                _ltoa
0002477d                _fclose
000247f8                __frcmpyd
0002486e                __frcmpyd_div
000248e1                __remul
00024953                __fixdli
000249c2                _readmsg
00024a2f                _fseek
00024a9a                __fltlid
00024b01                __nround
00024b60                _atoi
00024bbc                _printf
00024c0c                _auto_init
00024c59                __args_main
00024ca4                __remli
00024cef                __divli
00024d37                __trunc
00024d78                _memcpy
00024db7                _exit
00024df5                _c_int00
00024e29                __fixdi
00024e53                I$$UDIV
00024e53                __divu
00024e68                I$$UMOD
00024e68                __remu
00024e7d                _memccpy
00024ea0                ___isinf
00024eba                __subd
00024ece                I$$LMPY
00024ece                __mpyli
00024ee1                __register_unlock
00024ee9                __register_lock
00024ef1                __nop
00024ef3                __negd
00024f03                __fltid
00024f0f                _remove
00024f19                _abort
00024f1a                C$$EXIT
            00020000    ___cinit__
            00020000    cinit
            000220b0    __CIOBUF_
0004fe00                _Reset
ffffffff                .bss
ffffffff                .data
ffffffff                .text
ffffffff                ___binit__
ffffffff                ___bss__
ffffffff                ___c_args__
ffffffff                ___data__
ffffffff                ___edata__
ffffffff                ___end__
ffffffff                ___etext__
ffffffff                ___pinit__
ffffffff                ___text__
ffffffff                binit
ffffffff                edata
ffffffff                end
ffffffff                etext
ffffffff                pinit

[156 symbols]
