<?xml version="1.0"?>
<link_info>
   <banner>TMS320C55x Linker PC v4.4.1</banner>
   <copyright>Copyright (c) 1996-2012 Texas Instruments Incorporated</copyright>
   <link_time>0x5be2fc02</link_time>
   <output_file>Vezba2_sim.out</output_file>
   <entry_point>
      <name>_c_int00</name>
      <address>0x24df5</address>
   </entry_point>
   <input_file_list>
      <input_file id="fl-2">
         <path>.\</path>
         <kind>object</kind>
         <file>gen_sinus.obj</file>
         <name>gen_sinus.obj</name>
      </input_file>
      <input_file id="fl-3">
         <path>.\</path>
         <kind>object</kind>
         <file>main.obj</file>
         <name>main.obj</name>
      </input_file>
      <input_file id="fl-4">
         <path>.\</path>
         <kind>object</kind>
         <file>sine_table.obj</file>
         <name>sine_table.obj</name>
      </input_file>
      <input_file id="fl-21">
         <path>C:\ti\ccsv6\tools\compiler\c5500_4.4.1\lib\</path>
         <kind>archive</kind>
         <file>rts55x.lib</file>
         <name>addd.obj</name>
      </input_file>
      <input_file id="fl-22">
         <path>C:\ti\ccsv6\tools\compiler\c5500_4.4.1\lib\</path>
         <kind>archive</kind>
         <file>rts55x.lib</file>
         <name>boot.obj</name>
      </input_file>
      <input_file id="fl-23">
         <path>C:\ti\ccsv6\tools\compiler\c5500_4.4.1\lib\</path>
         <kind>archive</kind>
         <file>rts55x.lib</file>
         <name>cmpd.obj</name>
      </input_file>
      <input_file id="fl-24">
         <path>C:\ti\ccsv6\tools\compiler\c5500_4.4.1\lib\</path>
         <kind>archive</kind>
         <file>rts55x.lib</file>
         <name>divd.obj</name>
      </input_file>
      <input_file id="fl-25">
         <path>C:\ti\ccsv6\tools\compiler\c5500_4.4.1\lib\</path>
         <kind>archive</kind>
         <file>rts55x.lib</file>
         <name>exit.obj</name>
      </input_file>
      <input_file id="fl-26">
         <path>C:\ti\ccsv6\tools\compiler\c5500_4.4.1\lib\</path>
         <kind>archive</kind>
         <file>rts55x.lib</file>
         <name>exp.obj</name>
      </input_file>
      <input_file id="fl-27">
         <path>C:\ti\ccsv6\tools\compiler\c5500_4.4.1\lib\</path>
         <kind>archive</kind>
         <file>rts55x.lib</file>
         <name>fixdi.obj</name>
      </input_file>
      <input_file id="fl-28">
         <path>C:\ti\ccsv6\tools\compiler\c5500_4.4.1\lib\</path>
         <kind>archive</kind>
         <file>rts55x.lib</file>
         <name>fixdli.obj</name>
      </input_file>
      <input_file id="fl-29">
         <path>C:\ti\ccsv6\tools\compiler\c5500_4.4.1\lib\</path>
         <kind>archive</kind>
         <file>rts55x.lib</file>
         <name>fltid.obj</name>
      </input_file>
      <input_file id="fl-2a">
         <path>C:\ti\ccsv6\tools\compiler\c5500_4.4.1\lib\</path>
         <kind>archive</kind>
         <file>rts55x.lib</file>
         <name>fltlid.obj</name>
      </input_file>
      <input_file id="fl-2b">
         <path>C:\ti\ccsv6\tools\compiler\c5500_4.4.1\lib\</path>
         <kind>archive</kind>
         <file>rts55x.lib</file>
         <name>frcmpyd_div.obj</name>
      </input_file>
      <input_file id="fl-2c">
         <path>C:\ti\ccsv6\tools\compiler\c5500_4.4.1\lib\</path>
         <kind>archive</kind>
         <file>rts55x.lib</file>
         <name>ldexp.obj</name>
      </input_file>
      <input_file id="fl-2d">
         <path>C:\ti\ccsv6\tools\compiler\c5500_4.4.1\lib\</path>
         <kind>archive</kind>
         <file>rts55x.lib</file>
         <name>lmpy.obj</name>
      </input_file>
      <input_file id="fl-2e">
         <path>C:\ti\ccsv6\tools\compiler\c5500_4.4.1\lib\</path>
         <kind>archive</kind>
         <file>rts55x.lib</file>
         <name>log.obj</name>
      </input_file>
      <input_file id="fl-2f">
         <path>C:\ti\ccsv6\tools\compiler\c5500_4.4.1\lib\</path>
         <kind>archive</kind>
         <file>rts55x.lib</file>
         <name>mpyd.obj</name>
      </input_file>
      <input_file id="fl-30">
         <path>C:\ti\ccsv6\tools\compiler\c5500_4.4.1\lib\</path>
         <kind>archive</kind>
         <file>rts55x.lib</file>
         <name>negd.obj</name>
      </input_file>
      <input_file id="fl-31">
         <path>C:\ti\ccsv6\tools\compiler\c5500_4.4.1\lib\</path>
         <kind>archive</kind>
         <file>rts55x.lib</file>
         <name>printf.obj</name>
      </input_file>
      <input_file id="fl-32">
         <path>C:\ti\ccsv6\tools\compiler\c5500_4.4.1\lib\</path>
         <kind>archive</kind>
         <file>rts55x.lib</file>
         <name>sin.obj</name>
      </input_file>
      <input_file id="fl-33">
         <path>C:\ti\ccsv6\tools\compiler\c5500_4.4.1\lib\</path>
         <kind>archive</kind>
         <file>rts55x.lib</file>
         <name>subd.obj</name>
      </input_file>
      <input_file id="fl-34">
         <path>C:\ti\ccsv6\tools\compiler\c5500_4.4.1\lib\</path>
         <kind>archive</kind>
         <file>rts55x.lib</file>
         <name>trunc.obj</name>
      </input_file>
      <input_file id="fl-35">
         <path>C:\ti\ccsv6\tools\compiler\c5500_4.4.1\lib\</path>
         <kind>archive</kind>
         <file>rts55x.lib</file>
         <name>vectors.obj</name>
      </input_file>
      <input_file id="fl-36">
         <path>C:\ti\ccsv6\tools\compiler\c5500_4.4.1\lib\</path>
         <kind>archive</kind>
         <file>rts55x.lib</file>
         <name>_lock.obj</name>
      </input_file>
      <input_file id="fl-37">
         <path>C:\ti\ccsv6\tools\compiler\c5500_4.4.1\lib\</path>
         <kind>archive</kind>
         <file>rts55x.lib</file>
         <name>_printfi.obj</name>
      </input_file>
      <input_file id="fl-38">
         <path>C:\ti\ccsv6\tools\compiler\c5500_4.4.1\lib\</path>
         <kind>archive</kind>
         <file>rts55x.lib</file>
         <name>args_main.obj</name>
      </input_file>
      <input_file id="fl-39">
         <path>C:\ti\ccsv6\tools\compiler\c5500_4.4.1\lib\</path>
         <kind>archive</kind>
         <file>rts55x.lib</file>
         <name>atoi.obj</name>
      </input_file>
      <input_file id="fl-3a">
         <path>C:\ti\ccsv6\tools\compiler\c5500_4.4.1\lib\</path>
         <kind>archive</kind>
         <file>rts55x.lib</file>
         <name>autoinit.obj</name>
      </input_file>
      <input_file id="fl-3b">
         <path>C:\ti\ccsv6\tools\compiler\c5500_4.4.1\lib\</path>
         <kind>archive</kind>
         <file>rts55x.lib</file>
         <name>ctype.obj</name>
      </input_file>
      <input_file id="fl-3c">
         <path>C:\ti\ccsv6\tools\compiler\c5500_4.4.1\lib\</path>
         <kind>archive</kind>
         <file>rts55x.lib</file>
         <name>defs.obj</name>
      </input_file>
      <input_file id="fl-3d">
         <path>C:\ti\ccsv6\tools\compiler\c5500_4.4.1\lib\</path>
         <kind>archive</kind>
         <file>rts55x.lib</file>
         <name>divul.obj</name>
      </input_file>
      <input_file id="fl-3e">
         <path>C:\ti\ccsv6\tools\compiler\c5500_4.4.1\lib\</path>
         <kind>archive</kind>
         <file>rts55x.lib</file>
         <name>errno.obj</name>
      </input_file>
      <input_file id="fl-3f">
         <path>C:\ti\ccsv6\tools\compiler\c5500_4.4.1\lib\</path>
         <kind>archive</kind>
         <file>rts55x.lib</file>
         <name>fputc.obj</name>
      </input_file>
      <input_file id="fl-40">
         <path>C:\ti\ccsv6\tools\compiler\c5500_4.4.1\lib\</path>
         <kind>archive</kind>
         <file>rts55x.lib</file>
         <name>fputs.obj</name>
      </input_file>
      <input_file id="fl-41">
         <path>C:\ti\ccsv6\tools\compiler\c5500_4.4.1\lib\</path>
         <kind>archive</kind>
         <file>rts55x.lib</file>
         <name>frcmpyd.obj</name>
      </input_file>
      <input_file id="fl-42">
         <path>C:\ti\ccsv6\tools\compiler\c5500_4.4.1\lib\</path>
         <kind>archive</kind>
         <file>rts55x.lib</file>
         <name>frexp.obj</name>
      </input_file>
      <input_file id="fl-43">
         <path>C:\ti\ccsv6\tools\compiler\c5500_4.4.1\lib\</path>
         <kind>archive</kind>
         <file>rts55x.lib</file>
         <name>isinf.obj</name>
      </input_file>
      <input_file id="fl-44">
         <path>C:\ti\ccsv6\tools\compiler\c5500_4.4.1\lib\</path>
         <kind>archive</kind>
         <file>rts55x.lib</file>
         <name>llmpy.obj</name>
      </input_file>
      <input_file id="fl-45">
         <path>C:\ti\ccsv6\tools\compiler\c5500_4.4.1\lib\</path>
         <kind>archive</kind>
         <file>rts55x.lib</file>
         <name>lowlev.obj</name>
      </input_file>
      <input_file id="fl-46">
         <path>C:\ti\ccsv6\tools\compiler\c5500_4.4.1\lib\</path>
         <kind>archive</kind>
         <file>rts55x.lib</file>
         <name>ltoa.obj</name>
      </input_file>
      <input_file id="fl-47">
         <path>C:\ti\ccsv6\tools\compiler\c5500_4.4.1\lib\</path>
         <kind>archive</kind>
         <file>rts55x.lib</file>
         <name>memccpy.obj</name>
      </input_file>
      <input_file id="fl-48">
         <path>C:\ti\ccsv6\tools\compiler\c5500_4.4.1\lib\</path>
         <kind>archive</kind>
         <file>rts55x.lib</file>
         <name>memcpy.obj</name>
      </input_file>
      <input_file id="fl-49">
         <path>C:\ti\ccsv6\tools\compiler\c5500_4.4.1\lib\</path>
         <kind>archive</kind>
         <file>rts55x.lib</file>
         <name>modf.obj</name>
      </input_file>
      <input_file id="fl-4a">
         <path>C:\ti\ccsv6\tools\compiler\c5500_4.4.1\lib\</path>
         <kind>archive</kind>
         <file>rts55x.lib</file>
         <name>remli.obj</name>
      </input_file>
      <input_file id="fl-4b">
         <path>C:\ti\ccsv6\tools\compiler\c5500_4.4.1\lib\</path>
         <kind>archive</kind>
         <file>rts55x.lib</file>
         <name>remul.obj</name>
      </input_file>
      <input_file id="fl-4c">
         <path>C:\ti\ccsv6\tools\compiler\c5500_4.4.1\lib\</path>
         <kind>archive</kind>
         <file>rts55x.lib</file>
         <name>round.obj</name>
      </input_file>
      <input_file id="fl-4d">
         <path>C:\ti\ccsv6\tools\compiler\c5500_4.4.1\lib\</path>
         <kind>archive</kind>
         <file>rts55x.lib</file>
         <name>trgdrv.obj</name>
      </input_file>
      <input_file id="fl-4e">
         <path>C:\ti\ccsv6\tools\compiler\c5500_4.4.1\lib\</path>
         <kind>archive</kind>
         <file>rts55x.lib</file>
         <name>trgmsg.obj</name>
      </input_file>
      <input_file id="fl-4f">
         <path>C:\ti\ccsv6\tools\compiler\c5500_4.4.1\lib\</path>
         <kind>archive</kind>
         <file>rts55x.lib</file>
         <name>udiv.obj</name>
      </input_file>
      <input_file id="fl-50">
         <path>C:\ti\ccsv6\tools\compiler\c5500_4.4.1\lib\</path>
         <kind>archive</kind>
         <file>rts55x.lib</file>
         <name>_io_perm.obj</name>
      </input_file>
      <input_file id="fl-51">
         <path>C:\ti\ccsv6\tools\compiler\c5500_4.4.1\lib\</path>
         <kind>archive</kind>
         <file>rts55x.lib</file>
         <name>divli.obj</name>
      </input_file>
      <input_file id="fl-52">
         <path>C:\ti\ccsv6\tools\compiler\c5500_4.4.1\lib\</path>
         <kind>archive</kind>
         <file>rts55x.lib</file>
         <name>fflush.obj</name>
      </input_file>
      <input_file id="fl-53">
         <path>C:\ti\ccsv6\tools\compiler\c5500_4.4.1\lib\</path>
         <kind>archive</kind>
         <file>rts55x.lib</file>
         <name>fseek.obj</name>
      </input_file>
      <input_file id="fl-54">
         <path>C:\ti\ccsv6\tools\compiler\c5500_4.4.1\lib\</path>
         <kind>archive</kind>
         <file>rts55x.lib</file>
         <name>setvbuf.obj</name>
      </input_file>
      <input_file id="fl-55">
         <path>C:\ti\ccsv6\tools\compiler\c5500_4.4.1\lib\</path>
         <kind>archive</kind>
         <file>rts55x.lib</file>
         <name>fopen.obj</name>
      </input_file>
      <input_file id="fl-56">
         <path>C:\ti\ccsv6\tools\compiler\c5500_4.4.1\lib\</path>
         <kind>archive</kind>
         <file>rts55x.lib</file>
         <name>memory.obj</name>
      </input_file>
      <input_file id="fl-57">
         <path>C:\ti\ccsv6\tools\compiler\c5500_4.4.1\lib\</path>
         <kind>archive</kind>
         <file>rts55x.lib</file>
         <name>fclose.obj</name>
      </input_file>
      <input_file id="fl-58">
         <path>C:\ti\ccsv6\tools\compiler\c5500_4.4.1\lib\</path>
         <kind>archive</kind>
         <file>rts55x.lib</file>
         <name>remove.obj</name>
      </input_file>
   </input_file_list>
   <object_component_list>
      <object_component id="oc-8e">
         <name>.text</name>
         <load_address>0x20000</load_address>
         <run_address>0x20000</run_address>
         <size>0x15a4</size>
         <input_file_ref idref="fl-37"/>
      </object_component>
      <object_component id="oc-13">
         <name>.text</name>
         <load_address>0x215a4</load_address>
         <run_address>0x215a4</run_address>
         <size>0x588</size>
         <input_file_ref idref="fl-2"/>
      </object_component>
      <object_component id="oc-c8">
         <name>.text</name>
         <load_address>0x21b2c</load_address>
         <run_address>0x21b2c</run_address>
         <size>0x543</size>
         <input_file_ref idref="fl-45"/>
      </object_component>
      <object_component id="oc-ec">
         <name>.text</name>
         <load_address>0x2206f</load_address>
         <run_address>0x2206f</run_address>
         <size>0x528</size>
         <input_file_ref idref="fl-4d"/>
      </object_component>
      <object_component id="oc-115">
         <name>.text</name>
         <load_address>0x22597</load_address>
         <run_address>0x22597</run_address>
         <size>0x4b5</size>
         <input_file_ref idref="fl-56"/>
      </object_component>
      <object_component id="oc-31">
         <name>.text</name>
         <load_address>0x22a4c</load_address>
         <run_address>0x22a4c</run_address>
         <size>0x3cc</size>
         <input_file_ref idref="fl-24"/>
      </object_component>
      <object_component id="oc-10f">
         <name>.text</name>
         <load_address>0x22e18</load_address>
         <run_address>0x22e18</run_address>
         <size>0x27f</size>
         <input_file_ref idref="fl-55"/>
      </object_component>
      <object_component id="oc-c4">
         <name>.text</name>
         <load_address>0x23097</load_address>
         <run_address>0x23097</run_address>
         <size>0x25e</size>
         <input_file_ref idref="fl-44"/>
      </object_component>
      <object_component id="oc-25">
         <name>.text</name>
         <load_address>0x232f5</load_address>
         <run_address>0x232f5</run_address>
         <size>0x25a</size>
         <input_file_ref idref="fl-21"/>
      </object_component>
      <object_component id="oc-74">
         <name>.text</name>
         <load_address>0x2354f</load_address>
         <run_address>0x2354f</run_address>
         <size>0x1f2</size>
         <input_file_ref idref="fl-32"/>
      </object_component>
      <object_component id="oc-2d">
         <name>.text</name>
         <load_address>0x23741</load_address>
         <run_address>0x23741</run_address>
         <size>0x1ea</size>
         <input_file_ref idref="fl-23"/>
      </object_component>
      <object_component id="oc-3c">
         <name>.text</name>
         <load_address>0x2392b</load_address>
         <run_address>0x2392b</run_address>
         <size>0x1b6</size>
         <input_file_ref idref="fl-26"/>
      </object_component>
      <object_component id="oc-19">
         <name>.text</name>
         <load_address>0x23ae1</load_address>
         <run_address>0x23ae1</run_address>
         <size>0x182</size>
         <input_file_ref idref="fl-3"/>
      </object_component>
      <object_component id="oc-b2">
         <name>.text</name>
         <load_address>0x23c63</load_address>
         <run_address>0x23c63</run_address>
         <size>0x163</size>
         <input_file_ref idref="fl-40"/>
      </object_component>
      <object_component id="oc-68">
         <name>.text</name>
         <load_address>0x23dc6</load_address>
         <run_address>0x23dc6</run_address>
         <size>0x14c</size>
         <input_file_ref idref="fl-2f"/>
      </object_component>
      <object_component id="oc-58">
         <name>.text</name>
         <load_address>0x23f12</load_address>
         <run_address>0x23f12</run_address>
         <size>0xf2</size>
         <input_file_ref idref="fl-2c"/>
      </object_component>
      <object_component id="oc-61">
         <name>.text</name>
         <load_address>0x24004</load_address>
         <run_address>0x24004</run_address>
         <size>0xeb</size>
         <input_file_ref idref="fl-2e"/>
      </object_component>
      <object_component id="oc-10b">
         <name>.text</name>
         <load_address>0x240ef</load_address>
         <run_address>0x240ef</run_address>
         <size>0xe6</size>
         <input_file_ref idref="fl-54"/>
      </object_component>
      <object_component id="oc-fb">
         <name>.text</name>
         <load_address>0x241d5</load_address>
         <run_address>0x241d5</run_address>
         <size>0xdd</size>
         <input_file_ref idref="fl-50"/>
      </object_component>
      <object_component id="oc-bb">
         <name>.text</name>
         <load_address>0x242b2</load_address>
         <run_address>0x242b2</run_address>
         <size>0xcc</size>
         <input_file_ref idref="fl-42"/>
      </object_component>
      <object_component id="oc-103">
         <name>.text</name>
         <load_address>0x2437e</load_address>
         <run_address>0x2437e</run_address>
         <size>0xc2</size>
         <input_file_ref idref="fl-52"/>
      </object_component>
      <object_component id="oc-da">
         <name>.text</name>
         <load_address>0x24440</load_address>
         <run_address>0x24440</run_address>
         <size>0xbf</size>
         <input_file_ref idref="fl-49"/>
      </object_component>
      <object_component id="oc-f4">
         <name>.text:CIO_breakpoint</name>
         <load_address>0x244ff</load_address>
         <run_address>0x244ff</run_address>
         <size>0xba</size>
         <input_file_ref idref="fl-4e"/>
      </object_component>
      <object_component id="oc-ae">
         <name>.text</name>
         <load_address>0x245b9</load_address>
         <run_address>0x245b9</run_address>
         <size>0xa6</size>
         <input_file_ref idref="fl-3f"/>
      </object_component>
      <object_component id="oc-a6">
         <name>.text</name>
         <load_address>0x2465f</load_address>
         <run_address>0x2465f</run_address>
         <size>0xa1</size>
         <input_file_ref idref="fl-3d"/>
      </object_component>
      <object_component id="oc-ce">
         <name>.text</name>
         <load_address>0x24700</load_address>
         <run_address>0x24700</run_address>
         <size>0x7d</size>
         <input_file_ref idref="fl-46"/>
      </object_component>
      <object_component id="oc-11c">
         <name>.text</name>
         <load_address>0x2477d</load_address>
         <run_address>0x2477d</run_address>
         <size>0x7b</size>
         <input_file_ref idref="fl-57"/>
      </object_component>
      <object_component id="oc-b7">
         <name>.text</name>
         <load_address>0x247f8</load_address>
         <run_address>0x247f8</run_address>
         <size>0x76</size>
         <input_file_ref idref="fl-41"/>
      </object_component>
      <object_component id="oc-54">
         <name>.text</name>
         <load_address>0x2486e</load_address>
         <run_address>0x2486e</run_address>
         <size>0x73</size>
         <input_file_ref idref="fl-2b"/>
      </object_component>
      <object_component id="oc-e3">
         <name>.text</name>
         <load_address>0x248e1</load_address>
         <run_address>0x248e1</run_address>
         <size>0x72</size>
         <input_file_ref idref="fl-4b"/>
      </object_component>
      <object_component id="oc-47">
         <name>.text</name>
         <load_address>0x24953</load_address>
         <run_address>0x24953</run_address>
         <size>0x6f</size>
         <input_file_ref idref="fl-28"/>
      </object_component>
      <object_component id="oc-f1">
         <name>.text</name>
         <load_address>0x249c2</load_address>
         <run_address>0x249c2</run_address>
         <size>0x6d</size>
         <input_file_ref idref="fl-4e"/>
      </object_component>
      <object_component id="oc-107">
         <name>.text</name>
         <load_address>0x24a2f</load_address>
         <run_address>0x24a2f</run_address>
         <size>0x6b</size>
         <input_file_ref idref="fl-53"/>
      </object_component>
      <object_component id="oc-4f">
         <name>.text</name>
         <load_address>0x24a9a</load_address>
         <run_address>0x24a9a</run_address>
         <size>0x67</size>
         <input_file_ref idref="fl-2a"/>
      </object_component>
      <object_component id="oc-e7">
         <name>.text</name>
         <load_address>0x24b01</load_address>
         <run_address>0x24b01</run_address>
         <size>0x5f</size>
         <input_file_ref idref="fl-4c"/>
      </object_component>
      <object_component id="oc-98">
         <name>.text</name>
         <load_address>0x24b60</load_address>
         <run_address>0x24b60</run_address>
         <size>0x5c</size>
         <input_file_ref idref="fl-39"/>
      </object_component>
      <object_component id="oc-70">
         <name>.text</name>
         <load_address>0x24bbc</load_address>
         <run_address>0x24bbc</run_address>
         <size>0x50</size>
         <input_file_ref idref="fl-31"/>
      </object_component>
      <object_component id="oc-9c">
         <name>.text</name>
         <load_address>0x24c0c</load_address>
         <run_address>0x24c0c</run_address>
         <size>0x4d</size>
         <input_file_ref idref="fl-3a"/>
      </object_component>
      <object_component id="oc-94">
         <name>.text</name>
         <load_address>0x24c59</load_address>
         <run_address>0x24c59</run_address>
         <size>0x4b</size>
         <input_file_ref idref="fl-38"/>
      </object_component>
      <object_component id="oc-df">
         <name>.text</name>
         <load_address>0x24ca4</load_address>
         <run_address>0x24ca4</run_address>
         <size>0x4b</size>
         <input_file_ref idref="fl-4a"/>
      </object_component>
      <object_component id="oc-ff">
         <name>.text</name>
         <load_address>0x24cef</load_address>
         <run_address>0x24cef</run_address>
         <size>0x48</size>
         <input_file_ref idref="fl-51"/>
      </object_component>
      <object_component id="oc-7f">
         <name>.text</name>
         <load_address>0x24d37</load_address>
         <run_address>0x24d37</run_address>
         <size>0x41</size>
         <input_file_ref idref="fl-34"/>
      </object_component>
      <object_component id="oc-d6">
         <name>.text</name>
         <load_address>0x24d78</load_address>
         <run_address>0x24d78</run_address>
         <size>0x3f</size>
         <input_file_ref idref="fl-48"/>
      </object_component>
      <object_component id="oc-35">
         <name>.text</name>
         <load_address>0x24db7</load_address>
         <run_address>0x24db7</run_address>
         <size>0x3e</size>
         <input_file_ref idref="fl-25"/>
      </object_component>
      <object_component id="oc-11">
         <name>.text</name>
         <load_address>0x24df5</load_address>
         <run_address>0x24df5</run_address>
         <size>0x34</size>
         <input_file_ref idref="fl-22"/>
      </object_component>
      <object_component id="oc-43">
         <name>.text</name>
         <load_address>0x24e29</load_address>
         <run_address>0x24e29</run_address>
         <size>0x2a</size>
         <input_file_ref idref="fl-27"/>
      </object_component>
      <object_component id="oc-f7">
         <name>.text</name>
         <load_address>0x24e53</load_address>
         <run_address>0x24e53</run_address>
         <size>0x2a</size>
         <input_file_ref idref="fl-4f"/>
      </object_component>
      <object_component id="oc-d2">
         <name>.text</name>
         <load_address>0x24e7d</load_address>
         <run_address>0x24e7d</run_address>
         <size>0x23</size>
         <input_file_ref idref="fl-47"/>
      </object_component>
      <object_component id="oc-c0">
         <name>.text</name>
         <load_address>0x24ea0</load_address>
         <run_address>0x24ea0</run_address>
         <size>0x1a</size>
         <input_file_ref idref="fl-43"/>
      </object_component>
      <object_component id="oc-7b">
         <name>.text</name>
         <load_address>0x24eba</load_address>
         <run_address>0x24eba</run_address>
         <size>0x14</size>
         <input_file_ref idref="fl-33"/>
      </object_component>
      <object_component id="oc-5d">
         <name>.text</name>
         <load_address>0x24ece</load_address>
         <run_address>0x24ece</run_address>
         <size>0x13</size>
         <input_file_ref idref="fl-2d"/>
      </object_component>
      <object_component id="oc-88">
         <name>.text</name>
         <load_address>0x24ee1</load_address>
         <run_address>0x24ee1</run_address>
         <size>0x12</size>
         <input_file_ref idref="fl-36"/>
      </object_component>
      <object_component id="oc-6c">
         <name>.text</name>
         <load_address>0x24ef3</load_address>
         <run_address>0x24ef3</run_address>
         <size>0x10</size>
         <input_file_ref idref="fl-30"/>
      </object_component>
      <object_component id="oc-4b">
         <name>.text</name>
         <load_address>0x24f03</load_address>
         <run_address>0x24f03</run_address>
         <size>0xc</size>
         <input_file_ref idref="fl-29"/>
      </object_component>
      <object_component id="oc-120">
         <name>.text</name>
         <load_address>0x24f0f</load_address>
         <run_address>0x24f0f</run_address>
         <size>0xa</size>
         <input_file_ref idref="fl-58"/>
      </object_component>
      <object_component id="oc-39">
         <name>.text:CIO_breakpoint</name>
         <load_address>0x24f19</load_address>
         <run_address>0x24f19</run_address>
         <size>0x7</size>
         <input_file_ref idref="fl-25"/>
      </object_component>
      <object_component id="oc-84">
         <name>.text</name>
         <load_address>0x24f20</load_address>
         <run_address>0x24f20</run_address>
         <size>0x2</size>
         <input_file_ref idref="fl-35"/>
      </object_component>
      <object_component id="oc-29">
         <name>.stack</name>
         <uninitialized>true</uninitialized>
         <run_address>0xc0</run_address>
         <size>0x0</size>
         <input_file_ref idref="fl-22"/>
      </object_component>
      <object_component id="oc-13f">
         <name>.stack</name>
         <uninitialized>true</uninitialized>
         <run_address>0xc0</run_address>
         <size>0x0</size>
      </object_component>
      <object_component id="oc-124">
         <name>.sysstack</name>
         <uninitialized>true</uninitialized>
         <run_address>0x20c0</run_address>
         <size>0x0</size>
         <input_file_ref idref="fl-22"/>
      </object_component>
      <object_component id="oc-141">
         <name>.sysstack</name>
         <uninitialized>true</uninitialized>
         <run_address>0x20c0</run_address>
         <size>0x0</size>
      </object_component>
      <object_component id="oc-21">
         <name>.bss</name>
         <uninitialized>true</uninitialized>
         <run_address>0x4000</run_address>
         <size>0x4004</size>
         <input_file_ref idref="fl-4"/>
      </object_component>
      <object_component id="oc-1a">
         <name>.bss</name>
         <uninitialized>true</uninitialized>
         <run_address>0x8004</run_address>
         <size>0x2000</size>
         <input_file_ref idref="fl-3"/>
      </object_component>
      <object_component id="oc-a2">
         <name>.bss</name>
         <uninitialized>true</uninitialized>
         <run_address>0xa004</run_address>
         <size>0x232</size>
         <input_file_ref idref="fl-3c"/>
      </object_component>
      <object_component id="oc-ed">
         <name>.bss</name>
         <uninitialized>true</uninitialized>
         <run_address>0xa236</run_address>
         <size>0x1a0</size>
         <input_file_ref idref="fl-4d"/>
      </object_component>
      <object_component id="oc-aa">
         <name>.bss</name>
         <uninitialized>true</uninitialized>
         <run_address>0xa3d6</run_address>
         <size>0x2</size>
         <input_file_ref idref="fl-3e"/>
      </object_component>
      <object_component id="oc-c9">
         <name>.bss</name>
         <uninitialized>true</uninitialized>
         <run_address>0xa3d8</run_address>
         <size>0xe2</size>
         <input_file_ref idref="fl-45"/>
      </object_component>
      <object_component id="oc-110">
         <name>.bss</name>
         <uninitialized>true</uninitialized>
         <run_address>0xa4ba</run_address>
         <size>0x2</size>
         <input_file_ref idref="fl-55"/>
      </object_component>
      <object_component id="oc-62">
         <name>.bss</name>
         <uninitialized>true</uninitialized>
         <run_address>0xa4bc</run_address>
         <size>0x20</size>
         <input_file_ref idref="fl-2e"/>
      </object_component>
      <object_component id="oc-3d">
         <name>.bss</name>
         <uninitialized>true</uninitialized>
         <run_address>0xa4dc</run_address>
         <size>0x1c</size>
         <input_file_ref idref="fl-26"/>
      </object_component>
      <object_component id="oc-75">
         <name>.bss</name>
         <uninitialized>true</uninitialized>
         <run_address>0xa4f8</run_address>
         <size>0x10</size>
         <input_file_ref idref="fl-32"/>
      </object_component>
      <object_component id="oc-116">
         <name>.bss</name>
         <uninitialized>true</uninitialized>
         <run_address>0xa508</run_address>
         <size>0xc</size>
         <input_file_ref idref="fl-56"/>
      </object_component>
      <object_component id="oc-89">
         <name>.bss</name>
         <uninitialized>true</uninitialized>
         <run_address>0xa514</run_address>
         <size>0x8</size>
         <input_file_ref idref="fl-36"/>
      </object_component>
      <object_component id="oc-36">
         <name>.bss</name>
         <uninitialized>true</uninitialized>
         <run_address>0xa51c</run_address>
         <size>0x8</size>
         <input_file_ref idref="fl-25"/>
      </object_component>
      <object_component id="oc-126">
         <name>.const:__ctypes_</name>
         <load_address>0x30c0</load_address>
         <run_address>0x30c0</run_address>
         <size>0x202</size>
         <input_file_ref idref="fl-3b"/>
      </object_component>
      <object_component id="oc-1d">
         <name>.const:.string</name>
         <load_address>0x32c4</load_address>
         <run_address>0x32c4</run_address>
         <size>0x82</size>
         <input_file_ref idref="fl-3"/>
      </object_component>
      <object_component id="oc-91">
         <name>.const:.string</name>
         <load_address>0x3348</load_address>
         <run_address>0x3348</run_address>
         <size>0x48</size>
         <input_file_ref idref="fl-37"/>
      </object_component>
      <object_component id="oc-1c">
         <name>.const</name>
         <load_address>0x3390</load_address>
         <run_address>0x3390</run_address>
         <size>0x2c</size>
         <input_file_ref idref="fl-3"/>
      </object_component>
      <object_component id="oc-15">
         <name>.const</name>
         <load_address>0x33bc</load_address>
         <run_address>0x33bc</run_address>
         <size>0x28</size>
         <input_file_ref idref="fl-2"/>
      </object_component>
      <object_component id="oc-78">
         <name>.const</name>
         <load_address>0x33e4</load_address>
         <run_address>0x33e4</run_address>
         <size>0x28</size>
         <input_file_ref idref="fl-32"/>
      </object_component>
      <object_component id="oc-40">
         <name>.const</name>
         <load_address>0x340c</load_address>
         <run_address>0x340c</run_address>
         <size>0x24</size>
         <input_file_ref idref="fl-26"/>
      </object_component>
      <object_component id="oc-90">
         <name>.const</name>
         <load_address>0x3430</load_address>
         <run_address>0x3430</run_address>
         <size>0x18</size>
         <input_file_ref idref="fl-37"/>
      </object_component>
      <object_component id="oc-5a">
         <name>.const</name>
         <load_address>0x3448</load_address>
         <run_address>0x3448</run_address>
         <size>0x14</size>
         <input_file_ref idref="fl-2c"/>
      </object_component>
      <object_component id="oc-65">
         <name>.const</name>
         <load_address>0x345c</load_address>
         <run_address>0x345c</run_address>
         <size>0x14</size>
         <input_file_ref idref="fl-2e"/>
      </object_component>
      <object_component id="oc-125">
         <name>.const:_initial_approx$1</name>
         <load_address>0x3470</load_address>
         <run_address>0x3470</run_address>
         <size>0x10</size>
         <input_file_ref idref="fl-24"/>
      </object_component>
      <object_component id="oc-bd">
         <name>.const</name>
         <load_address>0x3480</load_address>
         <run_address>0x3480</run_address>
         <size>0x10</size>
         <input_file_ref idref="fl-42"/>
      </object_component>
      <object_component id="oc-e9">
         <name>.const</name>
         <load_address>0x3490</load_address>
         <run_address>0x3490</run_address>
         <size>0x10</size>
         <input_file_ref idref="fl-4c"/>
      </object_component>
      <object_component id="oc-dc">
         <name>.const</name>
         <load_address>0x34a0</load_address>
         <run_address>0x34a0</run_address>
         <size>0xc</size>
         <input_file_ref idref="fl-49"/>
      </object_component>
      <object_component id="oc-81">
         <name>.const</name>
         <load_address>0x34ac</load_address>
         <run_address>0x34ac</run_address>
         <size>0x8</size>
         <input_file_ref idref="fl-34"/>
      </object_component>
      <object_component id="oc-b4">
         <name>.const:.string</name>
         <load_address>0x34b4</load_address>
         <run_address>0x34b4</run_address>
         <size>0x4</size>
         <input_file_ref idref="fl-40"/>
      </object_component>
      <object_component id="oc-51">
         <name>.const</name>
         <load_address>0x34b8</load_address>
         <run_address>0x34b8</run_address>
         <size>0x4</size>
         <input_file_ref idref="fl-2a"/>
      </object_component>
      <object_component id="oc-119">
         <name>.sysmem</name>
         <uninitialized>true</uninitialized>
         <run_address>0xa524</run_address>
         <size>0x0</size>
         <input_file_ref idref="fl-56"/>
      </object_component>
      <object_component id="oc-140">
         <name>.sysmem</name>
         <uninitialized>true</uninitialized>
         <run_address>0xa524</run_address>
         <size>0x0</size>
      </object_component>
      <object_component id="oc-23">
         <name>.cinit</name>
         <load_address>0x40000</load_address>
         <run_address>0x40000</run_address>
         <size>0x4010</size>
         <input_file_ref idref="fl-4"/>
      </object_component>
      <object_component id="oc-cb">
         <name>.cinit</name>
         <load_address>0x44010</load_address>
         <run_address>0x44010</run_address>
         <size>0x5a</size>
         <input_file_ref idref="fl-45"/>
      </object_component>
      <object_component id="oc-a4">
         <name>.cinit</name>
         <load_address>0x4406a</load_address>
         <run_address>0x4406a</run_address>
         <size>0x54</size>
         <input_file_ref idref="fl-3c"/>
      </object_component>
      <object_component id="oc-64">
         <name>.cinit</name>
         <load_address>0x440be</load_address>
         <run_address>0x440be</run_address>
         <size>0x26</size>
         <input_file_ref idref="fl-2e"/>
      </object_component>
      <object_component id="oc-3f">
         <name>.cinit</name>
         <load_address>0x440e4</load_address>
         <run_address>0x440e4</run_address>
         <size>0x22</size>
         <input_file_ref idref="fl-26"/>
      </object_component>
      <object_component id="oc-77">
         <name>.cinit</name>
         <load_address>0x44106</load_address>
         <run_address>0x44106</run_address>
         <size>0x16</size>
         <input_file_ref idref="fl-32"/>
      </object_component>
      <object_component id="oc-8b">
         <name>.cinit</name>
         <load_address>0x4411c</load_address>
         <run_address>0x4411c</run_address>
         <size>0x14</size>
         <input_file_ref idref="fl-36"/>
      </object_component>
      <object_component id="oc-38">
         <name>.cinit</name>
         <load_address>0x44130</load_address>
         <run_address>0x44130</run_address>
         <size>0x14</size>
         <input_file_ref idref="fl-25"/>
      </object_component>
      <object_component id="oc-ac">
         <name>.cinit</name>
         <load_address>0x44144</load_address>
         <run_address>0x44144</run_address>
         <size>0x8</size>
         <input_file_ref idref="fl-3e"/>
      </object_component>
      <object_component id="oc-112">
         <name>.cinit</name>
         <load_address>0x4414c</load_address>
         <run_address>0x4414c</run_address>
         <size>0x8</size>
         <input_file_ref idref="fl-55"/>
      </object_component>
      <object_component id="oc-118">
         <name>.cinit</name>
         <load_address>0x44154</load_address>
         <run_address>0x44154</run_address>
         <size>0x8</size>
         <input_file_ref idref="fl-56"/>
      </object_component>
      <object_component id="oc-f3">
         <name>.cio</name>
         <uninitialized>true</uninitialized>
         <run_address>0x44160</run_address>
         <size>0x240</size>
         <input_file_ref idref="fl-4e"/>
      </object_component>
      <object_component id="oc-12">
         <name>vectors</name>
         <load_address>0x4fe00</load_address>
         <run_address>0x4fe00</run_address>
         <size>0x100</size>
         <input_file_ref idref="fl-35"/>
      </object_component>
      <object_component id="oc-14">
         <name>.debug_info</name>
         <load_address>0x0</load_address>
         <run_address>0x0</run_address>
         <size>0x1464</size>
         <input_file_ref idref="fl-2"/>
      </object_component>
      <object_component id="oc-1b">
         <name>.debug_info</name>
         <load_address>0x1464</load_address>
         <run_address>0x1464</run_address>
         <size>0x818</size>
         <input_file_ref idref="fl-3"/>
      </object_component>
      <object_component id="oc-22">
         <name>.debug_info</name>
         <load_address>0x1c7c</load_address>
         <run_address>0x1c7c</run_address>
         <size>0x4dc</size>
         <input_file_ref idref="fl-4"/>
      </object_component>
      <object_component id="oc-26">
         <name>.debug_info</name>
         <load_address>0x2158</load_address>
         <run_address>0x2158</run_address>
         <size>0x5ab</size>
         <input_file_ref idref="fl-21"/>
      </object_component>
      <object_component id="oc-2a">
         <name>.debug_info</name>
         <load_address>0x2703</load_address>
         <run_address>0x2703</run_address>
         <size>0xe8</size>
         <input_file_ref idref="fl-22"/>
      </object_component>
      <object_component id="oc-2e">
         <name>.debug_info</name>
         <load_address>0x27eb</load_address>
         <run_address>0x27eb</run_address>
         <size>0x81f</size>
         <input_file_ref idref="fl-23"/>
      </object_component>
      <object_component id="oc-32">
         <name>.debug_info</name>
         <load_address>0x300a</load_address>
         <run_address>0x300a</run_address>
         <size>0x7e8</size>
         <input_file_ref idref="fl-24"/>
      </object_component>
      <object_component id="oc-37">
         <name>.debug_info</name>
         <load_address>0x37f2</load_address>
         <run_address>0x37f2</run_address>
         <size>0x5fb</size>
         <input_file_ref idref="fl-25"/>
      </object_component>
      <object_component id="oc-3e">
         <name>.debug_info</name>
         <load_address>0x3ded</load_address>
         <run_address>0x3ded</run_address>
         <size>0x6ff</size>
         <input_file_ref idref="fl-26"/>
      </object_component>
      <object_component id="oc-44">
         <name>.debug_info</name>
         <load_address>0x44ec</load_address>
         <run_address>0x44ec</run_address>
         <size>0x4cf</size>
         <input_file_ref idref="fl-27"/>
      </object_component>
      <object_component id="oc-48">
         <name>.debug_info</name>
         <load_address>0x49bb</load_address>
         <run_address>0x49bb</run_address>
         <size>0x534</size>
         <input_file_ref idref="fl-28"/>
      </object_component>
      <object_component id="oc-4c">
         <name>.debug_info</name>
         <load_address>0x4eef</load_address>
         <run_address>0x4eef</run_address>
         <size>0x4cf</size>
         <input_file_ref idref="fl-29"/>
      </object_component>
      <object_component id="oc-50">
         <name>.debug_info</name>
         <load_address>0x53be</load_address>
         <run_address>0x53be</run_address>
         <size>0x549</size>
         <input_file_ref idref="fl-2a"/>
      </object_component>
      <object_component id="oc-55">
         <name>.debug_info</name>
         <load_address>0x5907</load_address>
         <run_address>0x5907</run_address>
         <size>0x53e</size>
         <input_file_ref idref="fl-2b"/>
      </object_component>
      <object_component id="oc-59">
         <name>.debug_info</name>
         <load_address>0x5e45</load_address>
         <run_address>0x5e45</run_address>
         <size>0x50e</size>
         <input_file_ref idref="fl-2c"/>
      </object_component>
      <object_component id="oc-5e">
         <name>.debug_info</name>
         <load_address>0x6353</load_address>
         <run_address>0x6353</run_address>
         <size>0xbd</size>
         <input_file_ref idref="fl-2d"/>
      </object_component>
      <object_component id="oc-63">
         <name>.debug_info</name>
         <load_address>0x6410</load_address>
         <run_address>0x6410</run_address>
         <size>0x5f6</size>
         <input_file_ref idref="fl-2e"/>
      </object_component>
      <object_component id="oc-69">
         <name>.debug_info</name>
         <load_address>0x6a06</load_address>
         <run_address>0x6a06</run_address>
         <size>0x55b</size>
         <input_file_ref idref="fl-2f"/>
      </object_component>
      <object_component id="oc-6d">
         <name>.debug_info</name>
         <load_address>0x6f61</load_address>
         <run_address>0x6f61</run_address>
         <size>0x4b7</size>
         <input_file_ref idref="fl-30"/>
      </object_component>
      <object_component id="oc-71">
         <name>.debug_info</name>
         <load_address>0x7418</load_address>
         <run_address>0x7418</run_address>
         <size>0x76c</size>
         <input_file_ref idref="fl-31"/>
      </object_component>
      <object_component id="oc-76">
         <name>.debug_info</name>
         <load_address>0x7b84</load_address>
         <run_address>0x7b84</run_address>
         <size>0x6ef</size>
         <input_file_ref idref="fl-32"/>
      </object_component>
      <object_component id="oc-7c">
         <name>.debug_info</name>
         <load_address>0x8273</load_address>
         <run_address>0x8273</run_address>
         <size>0x4de</size>
         <input_file_ref idref="fl-33"/>
      </object_component>
      <object_component id="oc-80">
         <name>.debug_info</name>
         <load_address>0x8751</load_address>
         <run_address>0x8751</run_address>
         <size>0x521</size>
         <input_file_ref idref="fl-34"/>
      </object_component>
      <object_component id="oc-85">
         <name>.debug_info</name>
         <load_address>0x8c72</load_address>
         <run_address>0x8c72</run_address>
         <size>0xbc</size>
         <input_file_ref idref="fl-35"/>
      </object_component>
      <object_component id="oc-8a">
         <name>.debug_info</name>
         <load_address>0x8d2e</load_address>
         <run_address>0x8d2e</run_address>
         <size>0x5bc</size>
         <input_file_ref idref="fl-36"/>
      </object_component>
      <object_component id="oc-8f">
         <name>.debug_info</name>
         <load_address>0x92ea</load_address>
         <run_address>0x92ea</run_address>
         <size>0x27bd</size>
         <input_file_ref idref="fl-37"/>
      </object_component>
      <object_component id="oc-95">
         <name>.debug_info</name>
         <load_address>0xbaa7</load_address>
         <run_address>0xbaa7</run_address>
         <size>0x586</size>
         <input_file_ref idref="fl-38"/>
      </object_component>
      <object_component id="oc-99">
         <name>.debug_info</name>
         <load_address>0xc02d</load_address>
         <run_address>0xc02d</run_address>
         <size>0x5a4</size>
         <input_file_ref idref="fl-39"/>
      </object_component>
      <object_component id="oc-9d">
         <name>.debug_info</name>
         <load_address>0xc5d1</load_address>
         <run_address>0xc5d1</run_address>
         <size>0xcd</size>
         <input_file_ref idref="fl-3a"/>
      </object_component>
      <object_component id="oc-a0">
         <name>.debug_info</name>
         <load_address>0xc69e</load_address>
         <run_address>0xc69e</run_address>
         <size>0x498</size>
         <input_file_ref idref="fl-3b"/>
      </object_component>
      <object_component id="oc-a3">
         <name>.debug_info</name>
         <load_address>0xcb36</load_address>
         <run_address>0xcb36</run_address>
         <size>0x57e</size>
         <input_file_ref idref="fl-3c"/>
      </object_component>
      <object_component id="oc-a7">
         <name>.debug_info</name>
         <load_address>0xd0b4</load_address>
         <run_address>0xd0b4</run_address>
         <size>0x534</size>
         <input_file_ref idref="fl-3d"/>
      </object_component>
      <object_component id="oc-ab">
         <name>.debug_info</name>
         <load_address>0xd5e8</load_address>
         <run_address>0xd5e8</run_address>
         <size>0x47b</size>
         <input_file_ref idref="fl-3e"/>
      </object_component>
      <object_component id="oc-af">
         <name>.debug_info</name>
         <load_address>0xda63</load_address>
         <run_address>0xda63</run_address>
         <size>0x6aa</size>
         <input_file_ref idref="fl-3f"/>
      </object_component>
      <object_component id="oc-b3">
         <name>.debug_info</name>
         <load_address>0xe10d</load_address>
         <run_address>0xe10d</run_address>
         <size>0x942</size>
         <input_file_ref idref="fl-40"/>
      </object_component>
      <object_component id="oc-b8">
         <name>.debug_info</name>
         <load_address>0xea4f</load_address>
         <run_address>0xea4f</run_address>
         <size>0x4d2</size>
         <input_file_ref idref="fl-41"/>
      </object_component>
      <object_component id="oc-bc">
         <name>.debug_info</name>
         <load_address>0xef21</load_address>
         <run_address>0xef21</run_address>
         <size>0x518</size>
         <input_file_ref idref="fl-42"/>
      </object_component>
      <object_component id="oc-c1">
         <name>.debug_info</name>
         <load_address>0xf439</load_address>
         <run_address>0xf439</run_address>
         <size>0x680</size>
         <input_file_ref idref="fl-43"/>
      </object_component>
      <object_component id="oc-c5">
         <name>.debug_info</name>
         <load_address>0xfab9</load_address>
         <run_address>0xfab9</run_address>
         <size>0x7d4</size>
         <input_file_ref idref="fl-44"/>
      </object_component>
      <object_component id="oc-ca">
         <name>.debug_info</name>
         <load_address>0x1028d</load_address>
         <run_address>0x1028d</run_address>
         <size>0x144b</size>
         <input_file_ref idref="fl-45"/>
      </object_component>
      <object_component id="oc-cf">
         <name>.debug_info</name>
         <load_address>0x116d8</load_address>
         <run_address>0x116d8</run_address>
         <size>0x5ad</size>
         <input_file_ref idref="fl-46"/>
      </object_component>
      <object_component id="oc-d3">
         <name>.debug_info</name>
         <load_address>0x11c85</load_address>
         <run_address>0x11c85</run_address>
         <size>0x574</size>
         <input_file_ref idref="fl-47"/>
      </object_component>
      <object_component id="oc-d7">
         <name>.debug_info</name>
         <load_address>0x121f9</load_address>
         <run_address>0x121f9</run_address>
         <size>0xd1</size>
         <input_file_ref idref="fl-48"/>
      </object_component>
      <object_component id="oc-db">
         <name>.debug_info</name>
         <load_address>0x122ca</load_address>
         <run_address>0x122ca</run_address>
         <size>0x50c</size>
         <input_file_ref idref="fl-49"/>
      </object_component>
      <object_component id="oc-e0">
         <name>.debug_info</name>
         <load_address>0x127d6</load_address>
         <run_address>0x127d6</run_address>
         <size>0x4f2</size>
         <input_file_ref idref="fl-4a"/>
      </object_component>
      <object_component id="oc-e4">
         <name>.debug_info</name>
         <load_address>0x12cc8</load_address>
         <run_address>0x12cc8</run_address>
         <size>0x534</size>
         <input_file_ref idref="fl-4b"/>
      </object_component>
      <object_component id="oc-e8">
         <name>.debug_info</name>
         <load_address>0x131fc</load_address>
         <run_address>0x131fc</run_address>
         <size>0x52e</size>
         <input_file_ref idref="fl-4c"/>
      </object_component>
      <object_component id="oc-ee">
         <name>.debug_info</name>
         <load_address>0x1372a</load_address>
         <run_address>0x1372a</run_address>
         <size>0xed4</size>
         <input_file_ref idref="fl-4d"/>
      </object_component>
      <object_component id="oc-f2">
         <name>.debug_info</name>
         <load_address>0x145fe</load_address>
         <run_address>0x145fe</run_address>
         <size>0x744</size>
         <input_file_ref idref="fl-4e"/>
      </object_component>
      <object_component id="oc-f8">
         <name>.debug_info</name>
         <load_address>0x14d42</load_address>
         <run_address>0x14d42</run_address>
         <size>0xef</size>
         <input_file_ref idref="fl-4f"/>
      </object_component>
      <object_component id="oc-fc">
         <name>.debug_info</name>
         <load_address>0x14e31</load_address>
         <run_address>0x14e31</run_address>
         <size>0x662</size>
         <input_file_ref idref="fl-50"/>
      </object_component>
      <object_component id="oc-100">
         <name>.debug_info</name>
         <load_address>0x15493</load_address>
         <run_address>0x15493</run_address>
         <size>0x4f2</size>
         <input_file_ref idref="fl-51"/>
      </object_component>
      <object_component id="oc-104">
         <name>.debug_info</name>
         <load_address>0x15985</load_address>
         <run_address>0x15985</run_address>
         <size>0x706</size>
         <input_file_ref idref="fl-52"/>
      </object_component>
      <object_component id="oc-108">
         <name>.debug_info</name>
         <load_address>0x1608b</load_address>
         <run_address>0x1608b</run_address>
         <size>0x5f7</size>
         <input_file_ref idref="fl-53"/>
      </object_component>
      <object_component id="oc-10c">
         <name>.debug_info</name>
         <load_address>0x16682</load_address>
         <run_address>0x16682</run_address>
         <size>0x64a</size>
         <input_file_ref idref="fl-54"/>
      </object_component>
      <object_component id="oc-111">
         <name>.debug_info</name>
         <load_address>0x16ccc</load_address>
         <run_address>0x16ccc</run_address>
         <size>0xa1c</size>
         <input_file_ref idref="fl-55"/>
      </object_component>
      <object_component id="oc-117">
         <name>.debug_info</name>
         <load_address>0x176e8</load_address>
         <run_address>0x176e8</run_address>
         <size>0xb97</size>
         <input_file_ref idref="fl-56"/>
      </object_component>
      <object_component id="oc-11d">
         <name>.debug_info</name>
         <load_address>0x1827f</load_address>
         <run_address>0x1827f</run_address>
         <size>0x64f</size>
         <input_file_ref idref="fl-57"/>
      </object_component>
      <object_component id="oc-121">
         <name>.debug_info</name>
         <load_address>0x188ce</load_address>
         <run_address>0x188ce</run_address>
         <size>0x510</size>
         <input_file_ref idref="fl-58"/>
      </object_component>
      <object_component id="oc-148">
         <name>.debug_info</name>
         <load_address>0x18dde</load_address>
         <run_address>0x18dde</run_address>
         <size>0x6e</size>
      </object_component>
      <object_component id="oc-16">
         <name>.debug_frame</name>
         <load_address>0x0</load_address>
         <run_address>0x0</run_address>
         <size>0x1a6</size>
         <input_file_ref idref="fl-2"/>
      </object_component>
      <object_component id="oc-1e">
         <name>.debug_frame</name>
         <load_address>0x1a6</load_address>
         <run_address>0x1a6</run_address>
         <size>0xe2</size>
         <input_file_ref idref="fl-3"/>
      </object_component>
      <object_component id="oc-17">
         <name>.debug_line</name>
         <load_address>0x0</load_address>
         <run_address>0x0</run_address>
         <size>0x22b</size>
         <input_file_ref idref="fl-2"/>
      </object_component>
      <object_component id="oc-1f">
         <name>.debug_line</name>
         <load_address>0x22b</load_address>
         <run_address>0x22b</run_address>
         <size>0x52</size>
         <input_file_ref idref="fl-3"/>
      </object_component>
      <object_component id="oc-27">
         <name>.debug_line</name>
         <load_address>0x27d</load_address>
         <run_address>0x27d</run_address>
         <size>0x5c</size>
         <input_file_ref idref="fl-21"/>
      </object_component>
      <object_component id="oc-2b">
         <name>.debug_line</name>
         <load_address>0x2d9</load_address>
         <run_address>0x2d9</run_address>
         <size>0x54</size>
         <input_file_ref idref="fl-22"/>
      </object_component>
      <object_component id="oc-2f">
         <name>.debug_line</name>
         <load_address>0x32d</load_address>
         <run_address>0x32d</run_address>
         <size>0xad</size>
         <input_file_ref idref="fl-23"/>
      </object_component>
      <object_component id="oc-33">
         <name>.debug_line</name>
         <load_address>0x3da</load_address>
         <run_address>0x3da</run_address>
         <size>0x5b</size>
         <input_file_ref idref="fl-24"/>
      </object_component>
      <object_component id="oc-3a">
         <name>.debug_line</name>
         <load_address>0x435</load_address>
         <run_address>0x435</run_address>
         <size>0x51</size>
         <input_file_ref idref="fl-25"/>
      </object_component>
      <object_component id="oc-41">
         <name>.debug_line</name>
         <load_address>0x486</load_address>
         <run_address>0x486</run_address>
         <size>0x52</size>
         <input_file_ref idref="fl-26"/>
      </object_component>
      <object_component id="oc-45">
         <name>.debug_line</name>
         <load_address>0x4d8</load_address>
         <run_address>0x4d8</run_address>
         <size>0x3d</size>
         <input_file_ref idref="fl-27"/>
      </object_component>
      <object_component id="oc-49">
         <name>.debug_line</name>
         <load_address>0x515</load_address>
         <run_address>0x515</run_address>
         <size>0x3d</size>
         <input_file_ref idref="fl-28"/>
      </object_component>
      <object_component id="oc-4d">
         <name>.debug_line</name>
         <load_address>0x552</load_address>
         <run_address>0x552</run_address>
         <size>0x3d</size>
         <input_file_ref idref="fl-29"/>
      </object_component>
      <object_component id="oc-52">
         <name>.debug_line</name>
         <load_address>0x58f</load_address>
         <run_address>0x58f</run_address>
         <size>0x44</size>
         <input_file_ref idref="fl-2a"/>
      </object_component>
      <object_component id="oc-56">
         <name>.debug_line</name>
         <load_address>0x5d3</load_address>
         <run_address>0x5d3</run_address>
         <size>0x40</size>
         <input_file_ref idref="fl-2b"/>
      </object_component>
      <object_component id="oc-5b">
         <name>.debug_line</name>
         <load_address>0x613</load_address>
         <run_address>0x613</run_address>
         <size>0x3a</size>
         <input_file_ref idref="fl-2c"/>
      </object_component>
      <object_component id="oc-5f">
         <name>.debug_line</name>
         <load_address>0x64d</load_address>
         <run_address>0x64d</run_address>
         <size>0x3c</size>
         <input_file_ref idref="fl-2d"/>
      </object_component>
      <object_component id="oc-66">
         <name>.debug_line</name>
         <load_address>0x689</load_address>
         <run_address>0x689</run_address>
         <size>0x51</size>
         <input_file_ref idref="fl-2e"/>
      </object_component>
      <object_component id="oc-6a">
         <name>.debug_line</name>
         <load_address>0x6da</load_address>
         <run_address>0x6da</run_address>
         <size>0x3c</size>
         <input_file_ref idref="fl-2f"/>
      </object_component>
      <object_component id="oc-6e">
         <name>.debug_line</name>
         <load_address>0x716</load_address>
         <run_address>0x716</run_address>
         <size>0x37</size>
         <input_file_ref idref="fl-30"/>
      </object_component>
      <object_component id="oc-72">
         <name>.debug_line</name>
         <load_address>0x74d</load_address>
         <run_address>0x74d</run_address>
         <size>0x69</size>
         <input_file_ref idref="fl-31"/>
      </object_component>
      <object_component id="oc-79">
         <name>.debug_line</name>
         <load_address>0x7b6</load_address>
         <run_address>0x7b6</run_address>
         <size>0x54</size>
         <input_file_ref idref="fl-32"/>
      </object_component>
      <object_component id="oc-7d">
         <name>.debug_line</name>
         <load_address>0x80a</load_address>
         <run_address>0x80a</run_address>
         <size>0x37</size>
         <input_file_ref idref="fl-33"/>
      </object_component>
      <object_component id="oc-82">
         <name>.debug_line</name>
         <load_address>0x841</load_address>
         <run_address>0x841</run_address>
         <size>0x38</size>
         <input_file_ref idref="fl-34"/>
      </object_component>
      <object_component id="oc-86">
         <name>.debug_line</name>
         <load_address>0x879</load_address>
         <run_address>0x879</run_address>
         <size>0x37</size>
         <input_file_ref idref="fl-35"/>
      </object_component>
      <object_component id="oc-8c">
         <name>.debug_line</name>
         <load_address>0x8b0</load_address>
         <run_address>0x8b0</run_address>
         <size>0x57</size>
         <input_file_ref idref="fl-36"/>
      </object_component>
      <object_component id="oc-92">
         <name>.debug_line</name>
         <load_address>0x907</load_address>
         <run_address>0x907</run_address>
         <size>0x328</size>
         <input_file_ref idref="fl-37"/>
      </object_component>
      <object_component id="oc-96">
         <name>.debug_line</name>
         <load_address>0xc2f</load_address>
         <run_address>0xc2f</run_address>
         <size>0x41</size>
         <input_file_ref idref="fl-38"/>
      </object_component>
      <object_component id="oc-9a">
         <name>.debug_line</name>
         <load_address>0xc70</load_address>
         <run_address>0xc70</run_address>
         <size>0x46</size>
         <input_file_ref idref="fl-39"/>
      </object_component>
      <object_component id="oc-9e">
         <name>.debug_line</name>
         <load_address>0xcb6</load_address>
         <run_address>0xcb6</run_address>
         <size>0x55</size>
         <input_file_ref idref="fl-3a"/>
      </object_component>
      <object_component id="oc-a8">
         <name>.debug_line</name>
         <load_address>0xd0b</load_address>
         <run_address>0xd0b</run_address>
         <size>0x44</size>
         <input_file_ref idref="fl-3d"/>
      </object_component>
      <object_component id="oc-b0">
         <name>.debug_line</name>
         <load_address>0xd4f</load_address>
         <run_address>0xd4f</run_address>
         <size>0x56</size>
         <input_file_ref idref="fl-3f"/>
      </object_component>
      <object_component id="oc-b5">
         <name>.debug_line</name>
         <load_address>0xda5</load_address>
         <run_address>0xda5</run_address>
         <size>0xa8</size>
         <input_file_ref idref="fl-40"/>
      </object_component>
      <object_component id="oc-b9">
         <name>.debug_line</name>
         <load_address>0xe4d</load_address>
         <run_address>0xe4d</run_address>
         <size>0x3a</size>
         <input_file_ref idref="fl-41"/>
      </object_component>
      <object_component id="oc-be">
         <name>.debug_line</name>
         <load_address>0xe87</load_address>
         <run_address>0xe87</run_address>
         <size>0x3a</size>
         <input_file_ref idref="fl-42"/>
      </object_component>
      <object_component id="oc-c2">
         <name>.debug_line</name>
         <load_address>0xec1</load_address>
         <run_address>0xec1</run_address>
         <size>0x38</size>
         <input_file_ref idref="fl-43"/>
      </object_component>
      <object_component id="oc-c6">
         <name>.debug_line</name>
         <load_address>0xef9</load_address>
         <run_address>0xef9</run_address>
         <size>0xa8</size>
         <input_file_ref idref="fl-44"/>
      </object_component>
      <object_component id="oc-cc">
         <name>.debug_line</name>
         <load_address>0xfa1</load_address>
         <run_address>0xfa1</run_address>
         <size>0x1b0</size>
         <input_file_ref idref="fl-45"/>
      </object_component>
      <object_component id="oc-d0">
         <name>.debug_line</name>
         <load_address>0x1151</load_address>
         <run_address>0x1151</run_address>
         <size>0x40</size>
         <input_file_ref idref="fl-46"/>
      </object_component>
      <object_component id="oc-d4">
         <name>.debug_line</name>
         <load_address>0x1191</load_address>
         <run_address>0x1191</run_address>
         <size>0x3c</size>
         <input_file_ref idref="fl-47"/>
      </object_component>
      <object_component id="oc-d8">
         <name>.debug_line</name>
         <load_address>0x11cd</load_address>
         <run_address>0x11cd</run_address>
         <size>0x4d</size>
         <input_file_ref idref="fl-48"/>
      </object_component>
      <object_component id="oc-dd">
         <name>.debug_line</name>
         <load_address>0x121a</load_address>
         <run_address>0x121a</run_address>
         <size>0x3c</size>
         <input_file_ref idref="fl-49"/>
      </object_component>
      <object_component id="oc-e1">
         <name>.debug_line</name>
         <load_address>0x1256</load_address>
         <run_address>0x1256</run_address>
         <size>0x3c</size>
         <input_file_ref idref="fl-4a"/>
      </object_component>
      <object_component id="oc-e5">
         <name>.debug_line</name>
         <load_address>0x1292</load_address>
         <run_address>0x1292</run_address>
         <size>0x44</size>
         <input_file_ref idref="fl-4b"/>
      </object_component>
      <object_component id="oc-ea">
         <name>.debug_line</name>
         <load_address>0x12d6</load_address>
         <run_address>0x12d6</run_address>
         <size>0x3a</size>
         <input_file_ref idref="fl-4c"/>
      </object_component>
      <object_component id="oc-ef">
         <name>.debug_line</name>
         <load_address>0x1310</load_address>
         <run_address>0x1310</run_address>
         <size>0x15d</size>
         <input_file_ref idref="fl-4d"/>
      </object_component>
      <object_component id="oc-f5">
         <name>.debug_line</name>
         <load_address>0x146d</load_address>
         <run_address>0x146d</run_address>
         <size>0x6a</size>
         <input_file_ref idref="fl-4e"/>
      </object_component>
      <object_component id="oc-f9">
         <name>.debug_line</name>
         <load_address>0x14d7</load_address>
         <run_address>0x14d7</run_address>
         <size>0x58</size>
         <input_file_ref idref="fl-4f"/>
      </object_component>
      <object_component id="oc-fd">
         <name>.debug_line</name>
         <load_address>0x152f</load_address>
         <run_address>0x152f</run_address>
         <size>0x57</size>
         <input_file_ref idref="fl-50"/>
      </object_component>
      <object_component id="oc-101">
         <name>.debug_line</name>
         <load_address>0x1586</load_address>
         <run_address>0x1586</run_address>
         <size>0x3c</size>
         <input_file_ref idref="fl-51"/>
      </object_component>
      <object_component id="oc-105">
         <name>.debug_line</name>
         <load_address>0x15c2</load_address>
         <run_address>0x15c2</run_address>
         <size>0x5b</size>
         <input_file_ref idref="fl-52"/>
      </object_component>
      <object_component id="oc-109">
         <name>.debug_line</name>
         <load_address>0x161d</load_address>
         <run_address>0x161d</run_address>
         <size>0x3c</size>
         <input_file_ref idref="fl-53"/>
      </object_component>
      <object_component id="oc-10d">
         <name>.debug_line</name>
         <load_address>0x1659</load_address>
         <run_address>0x1659</run_address>
         <size>0x3f</size>
         <input_file_ref idref="fl-54"/>
      </object_component>
      <object_component id="oc-113">
         <name>.debug_line</name>
         <load_address>0x1698</load_address>
         <run_address>0x1698</run_address>
         <size>0xd7</size>
         <input_file_ref idref="fl-55"/>
      </object_component>
      <object_component id="oc-11a">
         <name>.debug_line</name>
         <load_address>0x176f</load_address>
         <run_address>0x176f</run_address>
         <size>0x112</size>
         <input_file_ref idref="fl-56"/>
      </object_component>
      <object_component id="oc-11e">
         <name>.debug_line</name>
         <load_address>0x1881</load_address>
         <run_address>0x1881</run_address>
         <size>0x3d</size>
         <input_file_ref idref="fl-57"/>
      </object_component>
      <object_component id="oc-122">
         <name>.debug_line</name>
         <load_address>0x18be</load_address>
         <run_address>0x18be</run_address>
         <size>0x39</size>
         <input_file_ref idref="fl-58"/>
      </object_component>
      <object_component id="oc-18">
         <name>.debug_abbrev</name>
         <load_address>0x0</load_address>
         <run_address>0x0</run_address>
         <size>0xe0</size>
         <input_file_ref idref="fl-2"/>
      </object_component>
      <object_component id="oc-20">
         <name>.debug_abbrev</name>
         <load_address>0xe0</load_address>
         <run_address>0xe0</run_address>
         <size>0xed</size>
         <input_file_ref idref="fl-3"/>
      </object_component>
      <object_component id="oc-24">
         <name>.debug_abbrev</name>
         <load_address>0x1cd</load_address>
         <run_address>0x1cd</run_address>
         <size>0x61</size>
         <input_file_ref idref="fl-4"/>
      </object_component>
      <object_component id="oc-28">
         <name>.debug_abbrev</name>
         <load_address>0x22e</load_address>
         <run_address>0x22e</run_address>
         <size>0xd4</size>
         <input_file_ref idref="fl-21"/>
      </object_component>
      <object_component id="oc-2c">
         <name>.debug_abbrev</name>
         <load_address>0x302</load_address>
         <run_address>0x302</run_address>
         <size>0x3a</size>
         <input_file_ref idref="fl-22"/>
      </object_component>
      <object_component id="oc-30">
         <name>.debug_abbrev</name>
         <load_address>0x33c</load_address>
         <run_address>0x33c</run_address>
         <size>0xb7</size>
         <input_file_ref idref="fl-23"/>
      </object_component>
      <object_component id="oc-34">
         <name>.debug_abbrev</name>
         <load_address>0x3f3</load_address>
         <run_address>0x3f3</run_address>
         <size>0x112</size>
         <input_file_ref idref="fl-24"/>
      </object_component>
      <object_component id="oc-3b">
         <name>.debug_abbrev</name>
         <load_address>0x505</load_address>
         <run_address>0x505</run_address>
         <size>0xf7</size>
         <input_file_ref idref="fl-25"/>
      </object_component>
      <object_component id="oc-42">
         <name>.debug_abbrev</name>
         <load_address>0x5fc</load_address>
         <run_address>0x5fc</run_address>
         <size>0xd3</size>
         <input_file_ref idref="fl-26"/>
      </object_component>
      <object_component id="oc-46">
         <name>.debug_abbrev</name>
         <load_address>0x6cf</load_address>
         <run_address>0x6cf</run_address>
         <size>0x8f</size>
         <input_file_ref idref="fl-27"/>
      </object_component>
      <object_component id="oc-4a">
         <name>.debug_abbrev</name>
         <load_address>0x75e</load_address>
         <run_address>0x75e</run_address>
         <size>0xb7</size>
         <input_file_ref idref="fl-28"/>
      </object_component>
      <object_component id="oc-4e">
         <name>.debug_abbrev</name>
         <load_address>0x815</load_address>
         <run_address>0x815</run_address>
         <size>0x8f</size>
         <input_file_ref idref="fl-29"/>
      </object_component>
      <object_component id="oc-53">
         <name>.debug_abbrev</name>
         <load_address>0x8a4</load_address>
         <run_address>0x8a4</run_address>
         <size>0xc2</size>
         <input_file_ref idref="fl-2a"/>
      </object_component>
      <object_component id="oc-57">
         <name>.debug_abbrev</name>
         <load_address>0x966</load_address>
         <run_address>0x966</run_address>
         <size>0x9a</size>
         <input_file_ref idref="fl-2b"/>
      </object_component>
      <object_component id="oc-5c">
         <name>.debug_abbrev</name>
         <load_address>0xa00</load_address>
         <run_address>0xa00</run_address>
         <size>0x9f</size>
         <input_file_ref idref="fl-2c"/>
      </object_component>
      <object_component id="oc-60">
         <name>.debug_abbrev</name>
         <load_address>0xa9f</load_address>
         <run_address>0xa9f</run_address>
         <size>0x38</size>
         <input_file_ref idref="fl-2d"/>
      </object_component>
      <object_component id="oc-67">
         <name>.debug_abbrev</name>
         <load_address>0xad7</load_address>
         <run_address>0xad7</run_address>
         <size>0xdc</size>
         <input_file_ref idref="fl-2e"/>
      </object_component>
      <object_component id="oc-6b">
         <name>.debug_abbrev</name>
         <load_address>0xbb3</load_address>
         <run_address>0xbb3</run_address>
         <size>0xdc</size>
         <input_file_ref idref="fl-2f"/>
      </object_component>
      <object_component id="oc-6f">
         <name>.debug_abbrev</name>
         <load_address>0xc8f</load_address>
         <run_address>0xc8f</run_address>
         <size>0x81</size>
         <input_file_ref idref="fl-30"/>
      </object_component>
      <object_component id="oc-73">
         <name>.debug_abbrev</name>
         <load_address>0xd10</load_address>
         <run_address>0xd10</run_address>
         <size>0x145</size>
         <input_file_ref idref="fl-31"/>
      </object_component>
      <object_component id="oc-7a">
         <name>.debug_abbrev</name>
         <load_address>0xe55</load_address>
         <run_address>0xe55</run_address>
         <size>0xcc</size>
         <input_file_ref idref="fl-32"/>
      </object_component>
      <object_component id="oc-7e">
         <name>.debug_abbrev</name>
         <load_address>0xf21</load_address>
         <run_address>0xf21</run_address>
         <size>0x8f</size>
         <input_file_ref idref="fl-33"/>
      </object_component>
      <object_component id="oc-83">
         <name>.debug_abbrev</name>
         <load_address>0xfb0</load_address>
         <run_address>0xfb0</run_address>
         <size>0xaf</size>
         <input_file_ref idref="fl-34"/>
      </object_component>
      <object_component id="oc-87">
         <name>.debug_abbrev</name>
         <load_address>0x105f</load_address>
         <run_address>0x105f</run_address>
         <size>0x26</size>
         <input_file_ref idref="fl-35"/>
      </object_component>
      <object_component id="oc-8d">
         <name>.debug_abbrev</name>
         <load_address>0x1085</load_address>
         <run_address>0x1085</run_address>
         <size>0x9f</size>
         <input_file_ref idref="fl-36"/>
      </object_component>
      <object_component id="oc-93">
         <name>.debug_abbrev</name>
         <load_address>0x1124</load_address>
         <run_address>0x1124</run_address>
         <size>0x1f8</size>
         <input_file_ref idref="fl-37"/>
      </object_component>
      <object_component id="oc-97">
         <name>.debug_abbrev</name>
         <load_address>0x131c</load_address>
         <run_address>0x131c</run_address>
         <size>0xec</size>
         <input_file_ref idref="fl-38"/>
      </object_component>
      <object_component id="oc-9b">
         <name>.debug_abbrev</name>
         <load_address>0x1408</load_address>
         <run_address>0x1408</run_address>
         <size>0xd5</size>
         <input_file_ref idref="fl-39"/>
      </object_component>
      <object_component id="oc-9f">
         <name>.debug_abbrev</name>
         <load_address>0x14dd</load_address>
         <run_address>0x14dd</run_address>
         <size>0x44</size>
         <input_file_ref idref="fl-3a"/>
      </object_component>
      <object_component id="oc-a1">
         <name>.debug_abbrev</name>
         <load_address>0x1521</load_address>
         <run_address>0x1521</run_address>
         <size>0x68</size>
         <input_file_ref idref="fl-3b"/>
      </object_component>
      <object_component id="oc-a5">
         <name>.debug_abbrev</name>
         <load_address>0x1589</load_address>
         <run_address>0x1589</run_address>
         <size>0x83</size>
         <input_file_ref idref="fl-3c"/>
      </object_component>
      <object_component id="oc-a9">
         <name>.debug_abbrev</name>
         <load_address>0x160c</load_address>
         <run_address>0x160c</run_address>
         <size>0xb5</size>
         <input_file_ref idref="fl-3d"/>
      </object_component>
      <object_component id="oc-ad">
         <name>.debug_abbrev</name>
         <load_address>0x16c1</load_address>
         <run_address>0x16c1</run_address>
         <size>0x44</size>
         <input_file_ref idref="fl-3e"/>
      </object_component>
      <object_component id="oc-b1">
         <name>.debug_abbrev</name>
         <load_address>0x1705</load_address>
         <run_address>0x1705</run_address>
         <size>0x103</size>
         <input_file_ref idref="fl-3f"/>
      </object_component>
      <object_component id="oc-b6">
         <name>.debug_abbrev</name>
         <load_address>0x1808</load_address>
         <run_address>0x1808</run_address>
         <size>0x140</size>
         <input_file_ref idref="fl-40"/>
      </object_component>
      <object_component id="oc-ba">
         <name>.debug_abbrev</name>
         <load_address>0x1948</load_address>
         <run_address>0x1948</run_address>
         <size>0x81</size>
         <input_file_ref idref="fl-41"/>
      </object_component>
      <object_component id="oc-bf">
         <name>.debug_abbrev</name>
         <load_address>0x19c9</load_address>
         <run_address>0x19c9</run_address>
         <size>0xa8</size>
         <input_file_ref idref="fl-42"/>
      </object_component>
      <object_component id="oc-c3">
         <name>.debug_abbrev</name>
         <load_address>0x1a71</load_address>
         <run_address>0x1a71</run_address>
         <size>0xd0</size>
         <input_file_ref idref="fl-43"/>
      </object_component>
      <object_component id="oc-c7">
         <name>.debug_abbrev</name>
         <load_address>0x1b41</load_address>
         <run_address>0x1b41</run_address>
         <size>0xb7</size>
         <input_file_ref idref="fl-44"/>
      </object_component>
      <object_component id="oc-cd">
         <name>.debug_abbrev</name>
         <load_address>0x1bf8</load_address>
         <run_address>0x1bf8</run_address>
         <size>0x225</size>
         <input_file_ref idref="fl-45"/>
      </object_component>
      <object_component id="oc-d1">
         <name>.debug_abbrev</name>
         <load_address>0x1e1d</load_address>
         <run_address>0x1e1d</run_address>
         <size>0xec</size>
         <input_file_ref idref="fl-46"/>
      </object_component>
      <object_component id="oc-d5">
         <name>.debug_abbrev</name>
         <load_address>0x1f09</load_address>
         <run_address>0x1f09</run_address>
         <size>0xb7</size>
         <input_file_ref idref="fl-47"/>
      </object_component>
      <object_component id="oc-d9">
         <name>.debug_abbrev</name>
         <load_address>0x1fc0</load_address>
         <run_address>0x1fc0</run_address>
         <size>0x38</size>
         <input_file_ref idref="fl-48"/>
      </object_component>
      <object_component id="oc-de">
         <name>.debug_abbrev</name>
         <load_address>0x1ff8</load_address>
         <run_address>0x1ff8</run_address>
         <size>0x98</size>
         <input_file_ref idref="fl-49"/>
      </object_component>
      <object_component id="oc-e2">
         <name>.debug_abbrev</name>
         <load_address>0x2090</load_address>
         <run_address>0x2090</run_address>
         <size>0xa6</size>
         <input_file_ref idref="fl-4a"/>
      </object_component>
      <object_component id="oc-e6">
         <name>.debug_abbrev</name>
         <load_address>0x2136</load_address>
         <run_address>0x2136</run_address>
[...]
      <symbol id="sm-19">
         <name>___end__</name>
         <value>0xffffffff</value>
      </symbol>
      <symbol id="sm-a2">
         <name>_gen_sinus_table_mod</name>
         <value>0x216a4</value>
         <object_component_ref idref="oc-13"/>
      </symbol>
      <symbol id="sm-a3">
         <name>_gen_sinus_multiton</name>
         <value>0x217e5</value>
         <object_component_ref idref="oc-13"/>
      </symbol>
      <symbol id="sm-a4">
         <name>_gen_square</name>
         <value>0x21a80</value>
         <object_component_ref idref="oc-13"/>
      </symbol>
      <symbol id="sm-a5">
         <name>_gen_sinus_table</name>
         <value>0x21612</value>
         <object_component_ref idref="oc-13"/>
      </symbol>
      <symbol id="sm-a6">
         <name>_gen_sinus</name>
         <value>0x215a4</value>
         <object_component_ref idref="oc-13"/>
      </symbol>
      <symbol id="sm-a7">
         <name>_gen_lin_sweep</name>
         <value>0x218cb</value>
         <object_component_ref idref="oc-13"/>
      </symbol>
      <symbol id="sm-a8">
         <name>_gen_log_sweep</name>
         <value>0x219a0</value>
         <object_component_ref idref="oc-13"/>
      </symbol>
      <symbol id="sm-c8">
         <name>_main</name>
         <value>0x23ae1</value>
         <object_component_ref idref="oc-19"/>
      </symbol>
      <symbol id="sm-c9">
         <name>_buffer</name>
         <value>0x8004</value>
         <object_component_ref idref="oc-1a"/>
      </symbol>
      <symbol id="sm-d3">
         <name>_sine_table</name>
         <value>0x4000</value>
         <object_component_ref idref="oc-21"/>
      </symbol>
      <symbol id="sm-d4">
         <name>_p_sine_table</name>
         <value>0x8000</value>
         <object_component_ref idref="oc-21"/>
      </symbol>
      <symbol id="sm-de">
         <name>__addd</name>
         <value>0x232f5</value>
         <object_component_ref idref="oc-25"/>
      </symbol>
      <symbol id="sm-ea">
         <name>__sysstack</name>
         <value>0x20c0</value>
         <object_component_ref idref="oc-124"/>
      </symbol>
      <symbol id="sm-eb">
         <name>_c_int00</name>
         <value>0x24df5</value>
         <object_component_ref idref="oc-11"/>
      </symbol>
      <symbol id="sm-ec">
         <name>__stack</name>
         <value>0xc0</value>
         <object_component_ref idref="oc-29"/>
      </symbol>
      <symbol id="sm-f6">
         <name>__eqld</name>
         <value>0x2389f</value>
         <object_component_ref idref="oc-2d"/>
      </symbol>
      <symbol id="sm-f7">
         <name>__cmpd</name>
         <value>0x238d3</value>
         <object_component_ref idref="oc-2d"/>
      </symbol>
      <symbol id="sm-f8">
         <name>__neqd</name>
         <value>0x23741</value>
         <object_component_ref idref="oc-2d"/>
      </symbol>
      <symbol id="sm-f9">
         <name>__gtrd</name>
         <value>0x2380a</value>
         <object_component_ref idref="oc-2d"/>
      </symbol>
      <symbol id="sm-fa">
         <name>__geqd</name>
         <value>0x23855</value>
         <object_component_ref idref="oc-2d"/>
      </symbol>
      <symbol id="sm-fb">
         <name>__leqd</name>
         <value>0x237bd</value>
         <object_component_ref idref="oc-2d"/>
      </symbol>
      <symbol id="sm-fc">
         <name>__lssd</name>
         <value>0x23775</value>
         <object_component_ref idref="oc-2d"/>
      </symbol>
      <symbol id="sm-108">
         <name>__divd</name>
         <value>0x22a4c</value>
         <object_component_ref idref="oc-31"/>
      </symbol>
      <symbol id="sm-118">
         <name>C$$EXIT</name>
         <value>0x24f1a</value>
         <object_component_ref idref="oc-39"/>
      </symbol>
      <symbol id="sm-119">
         <name>_exit</name>
         <value>0x24db7</value>
         <object_component_ref idref="oc-35"/>
      </symbol>
      <symbol id="sm-11a">
         <name>_abort</name>
         <value>0x24f19</value>
         <object_component_ref idref="oc-39"/>
      </symbol>
      <symbol id="sm-11b">
         <name>__cleanup_ptr</name>
         <value>0xa51c</value>
         <object_component_ref idref="oc-36"/>
      </symbol>
      <symbol id="sm-11c">
         <name>__dtors_ptr</name>
         <value>0xa520</value>
         <object_component_ref idref="oc-36"/>
      </symbol>
      <symbol id="sm-12d">
         <name>_exp</name>
         <value>0x2392b</value>
         <object_component_ref idref="oc-3c"/>
      </symbol>
      <symbol id="sm-137">
         <name>__fixdi</name>
         <value>0x24e29</value>
         <object_component_ref idref="oc-43"/>
      </symbol>
      <symbol id="sm-141">
         <name>__fixdli</name>
         <value>0x24953</value>
         <object_component_ref idref="oc-47"/>
      </symbol>
      <symbol id="sm-14b">
         <name>__fltid</name>
         <value>0x24f03</value>
         <object_component_ref idref="oc-4b"/>
      </symbol>
      <symbol id="sm-157">
         <name>__fltlid</name>
         <value>0x24a9a</value>
         <object_component_ref idref="oc-4f"/>
      </symbol>
      <symbol id="sm-161">
         <name>__frcmpyd_div</name>
         <value>0x2486e</value>
         <object_component_ref idref="oc-54"/>
      </symbol>
      <symbol id="sm-16d">
         <name>_ldexp</name>
         <value>0x23f12</value>
         <object_component_ref idref="oc-58"/>
      </symbol>
      <symbol id="sm-175">
         <name>__mpyli</name>
         <value>0x24ece</value>
         <object_component_ref idref="oc-5d"/>
      </symbol>
      <symbol id="sm-176">
         <name>I$$LMPY</name>
         <value>0x24ece</value>
         <object_component_ref idref="oc-5d"/>
      </symbol>
      <symbol id="sm-187">
         <name>_log</name>
         <value>0x24004</value>
         <object_component_ref idref="oc-61"/>
      </symbol>
      <symbol id="sm-191">
         <name>__mpyd</name>
         <value>0x23dc6</value>
         <object_component_ref idref="oc-68"/>
      </symbol>
      <symbol id="sm-19b">
         <name>__negd</name>
         <value>0x24ef3</value>
         <object_component_ref idref="oc-6c"/>
      </symbol>
      <symbol id="sm-1a5">
         <name>_printf</name>
         <value>0x24bbc</value>
         <object_component_ref idref="oc-70"/>
      </symbol>
      <symbol id="sm-1b6">
         <name>_sin</name>
         <value>0x2354f</value>
         <object_component_ref idref="oc-74"/>
      </symbol>
      <symbol id="sm-1c0">
         <name>__subd</name>
         <value>0x24eba</value>
         <object_component_ref idref="oc-7b"/>
      </symbol>
      <symbol id="sm-1cc">
         <name>__trunc</name>
         <value>0x24d37</value>
         <object_component_ref idref="oc-7f"/>
      </symbol>
      <symbol id="sm-1d6">
         <name>_Reset</name>
         <value>0x4fe00</value>
         <object_component_ref idref="oc-12"/>
      </symbol>
      <symbol id="sm-1e4">
         <name>__unlock</name>
         <value>0xa518</value>
         <object_component_ref idref="oc-89"/>
      </symbol>
      <symbol id="sm-1e5">
         <name>__lock</name>
         <value>0xa514</value>
         <object_component_ref idref="oc-89"/>
      </symbol>
      <symbol id="sm-1e6">
         <name>__register_lock</name>
         <value>0x24ee9</value>
         <object_component_ref idref="oc-88"/>
      </symbol>
      <symbol id="sm-1e7">
         <name>__nop</name>
         <value>0x24ef1</value>
         <object_component_ref idref="oc-88"/>
      </symbol>
      <symbol id="sm-1e8">
         <name>__register_unlock</name>
         <value>0x24ee1</value>
         <object_component_ref idref="oc-88"/>
      </symbol>
      <symbol id="sm-1fa">
         <name>__printfi</name>
         <value>0x21362</value>
         <object_component_ref idref="oc-8e"/>
      </symbol>
      <symbol id="sm-204">
         <name>__args_main</name>
         <value>0x24c59</value>
         <object_component_ref idref="oc-94"/>
      </symbol>
      <symbol id="sm-205">
         <name>__TI_args_main</name>
         <value>0x1</value>
      </symbol>
      <symbol id="sm-20f">
         <name>_atoi</name>
         <value>0x24b60</value>
         <object_component_ref idref="oc-98"/>
      </symbol>
      <symbol id="sm-217">
         <name>_auto_init</name>
         <value>0x24c0c</value>
         <object_component_ref idref="oc-9c"/>
      </symbol>
      <symbol id="sm-21f">
         <name>__ctypes_</name>
         <value>0x30c0</value>
         <object_component_ref idref="oc-126"/>
      </symbol>
      <symbol id="sm-229">
         <name>__tmpnams</name>
         <value>0xa0f4</value>
         <object_component_ref idref="oc-a2"/>
      </symbol>
      <symbol id="sm-22a">
         <name>__ft_end</name>
         <value>0xa234</value>
         <object_component_ref idref="oc-a2"/>
      </symbol>
      <symbol id="sm-22b">
         <name>__ftable</name>
         <value>0xa004</value>
         <object_component_ref idref="oc-a2"/>
      </symbol>
      <symbol id="sm-236">
         <name>__divul</name>
         <value>0x2465f</value>
         <object_component_ref idref="oc-a6"/>
      </symbol>
      <symbol id="sm-240">
         <name>_errno</name>
         <value>0xa3d6</value>
         <object_component_ref idref="oc-aa"/>
      </symbol>
      <symbol id="sm-24a">
         <name>_putchar</name>
         <value>0x24650</value>
         <object_component_ref idref="oc-ae"/>
      </symbol>
      <symbol id="sm-24b">
         <name>_putc</name>
         <value>0x245b9</value>
         <object_component_ref idref="oc-ae"/>
      </symbol>
      <symbol id="sm-24c">
         <name>_fputc</name>
         <value>0x245b9</value>
         <object_component_ref idref="oc-ae"/>
      </symbol>
      <symbol id="sm-25a">
         <name>_puts</name>
         <value>0x23d98</value>
         <object_component_ref idref="oc-b2"/>
      </symbol>
      <symbol id="sm-25b">
         <name>_fputs</name>
         <value>0x23c63</value>
         <object_component_ref idref="oc-b2"/>
      </symbol>
      <symbol id="sm-265">
         <name>__frcmpyd</name>
         <value>0x247f8</value>
         <object_component_ref idref="oc-b7"/>
      </symbol>
      <symbol id="sm-271">
         <name>_frexp</name>
         <value>0x242b2</value>
         <object_component_ref idref="oc-bb"/>
      </symbol>
      <symbol id="sm-27b">
         <name>___isinf</name>
         <value>0x24ea0</value>
         <object_component_ref idref="oc-c0"/>
      </symbol>
      <symbol id="sm-285">
         <name>__divull</name>
         <value>0x231cc</value>
         <object_component_ref idref="oc-c4"/>
      </symbol>
      <symbol id="sm-286">
         <name>__mpylli</name>
         <value>0x23114</value>
         <object_component_ref idref="oc-c4"/>
      </symbol>
      <symbol id="sm-287">
         <name>__remlli</name>
         <value>0x230e5</value>
         <object_component_ref idref="oc-c4"/>
      </symbol>
      <symbol id="sm-288">
         <name>__divlli</name>
         <value>0x232c0</value>
         <object_component_ref idref="oc-c4"/>
      </symbol>
      <symbol id="sm-289">
         <name>__remull</name>
         <value>0x23097</value>
         <object_component_ref idref="oc-c4"/>
      </symbol>
      <symbol id="sm-29b">
         <name>_add_device</name>
         <value>0x21f7f</value>
         <object_component_ref idref="oc-c8"/>
      </symbol>
      <symbol id="sm-29c">
         <name>_rename</name>
         <value>0x21ca1</value>
         <object_component_ref idref="oc-c8"/>
      </symbol>
      <symbol id="sm-29d">
         <name>_read</name>
         <value>0x21d30</value>
         <object_component_ref idref="oc-c8"/>
      </symbol>
      <symbol id="sm-29e">
         <name>_unlink</name>
         <value>0x21c6e</value>
         <object_component_ref idref="oc-c8"/>
      </symbol>
      <symbol id="sm-29f">
         <name>_remove_device</name>
         <value>0x21cfa</value>
         <object_component_ref idref="oc-c8"/>
      </symbol>
      <symbol id="sm-2a0">
         <name>_open</name>
         <value>0x21dde</value>
         <object_component_ref idref="oc-c8"/>
      </symbol>
      <symbol id="sm-2a1">
         <name>_find_registered_device</name>
         <value>0x21f03</value>
         <object_component_ref idref="oc-c8"/>
      </symbol>
      <symbol id="sm-2a2">
         <name>_lseek</name>
         <value>0x21e9d</value>
         <object_component_ref idref="oc-c8"/>
      </symbol>
      <symbol id="sm-2a3">
         <name>_close</name>
         <value>0x21f0c</value>
         <object_component_ref idref="oc-c8"/>
      </symbol>
      <symbol id="sm-2a4">
         <name>_write</name>
         <value>0x21b2c</value>
         <object_component_ref idref="oc-c8"/>
      </symbol>
      <symbol id="sm-2ae">
         <name>_ltoa</name>
         <value>0x24700</value>
         <object_component_ref idref="oc-ce"/>
      </symbol>
      <symbol id="sm-2b9">
         <name>_memccpy</name>
         <value>0x24e7d</value>
         <object_component_ref idref="oc-d2"/>
      </symbol>
      <symbol id="sm-2c1">
         <name>_memcpy</name>
         <value>0x24d78</value>
         <object_component_ref idref="oc-d6"/>
      </symbol>
      <symbol id="sm-2cd">
         <name>_modf</name>
         <value>0x24440</value>
         <object_component_ref idref="oc-da"/>
      </symbol>
      <symbol id="sm-2d7">
         <name>__remli</name>
         <value>0x24ca4</value>
         <object_component_ref idref="oc-df"/>
      </symbol>
      <symbol id="sm-2e2">
         <name>__remul</name>
         <value>0x248e1</value>
         <object_component_ref idref="oc-e3"/>
      </symbol>
      <symbol id="sm-2ee">
         <name>__nround</name>
         <value>0x24b01</value>
         <object_component_ref idref="oc-e7"/>
      </symbol>
      <symbol id="sm-2fa">
         <name>_HOSTopen</name>
         <value>0x2237a</value>
         <object_component_ref idref="oc-ec"/>
      </symbol>
      <symbol id="sm-2fb">
         <name>_HOSTread</name>
         <value>0x222ed</value>
         <object_component_ref idref="oc-ec"/>
      </symbol>
      <symbol id="sm-2fc">
         <name>_HOSTtime</name>
         <value>0x221e1</value>
         <object_component_ref idref="oc-ec"/>
      </symbol>
      <symbol id="sm-2fd">
         <name>_getenv</name>
         <value>0x2206f</value>
         <object_component_ref idref="oc-ec"/>
      </symbol>
      <symbol id="sm-2fe">
         <name>_HOSTrename</name>
         <value>0x2223f</value>
         <object_component_ref idref="oc-ec"/>
      </symbol>
      <symbol id="sm-2ff">
         <name>_HOSTclock</name>
         <value>0x22539</value>
         <object_component_ref idref="oc-ec"/>
      </symbol>
      <symbol id="sm-300">
         <name>_HOSTwrite</name>
         <value>0x220ea</value>
         <object_component_ref idref="oc-ec"/>
      </symbol>
      <symbol id="sm-301">
         <name>_HOSTlseek</name>
         <value>0x22419</value>
         <object_component_ref idref="oc-ec"/>
      </symbol>
      <symbol id="sm-302">
         <name>_HOSTunlink</name>
         <value>0x22177</value>
         <object_component_ref idref="oc-ec"/>
      </symbol>
      <symbol id="sm-303">
         <name>_HOSTclose</name>
         <value>0x224ce</value>
         <object_component_ref idref="oc-ec"/>
      </symbol>
      <symbol id="sm-315">
         <name>C$$IO$$</name>
         <value>0x245b4</value>
         <object_component_ref idref="oc-f4"/>
      </symbol>
      <symbol id="sm-316">
         <name>__CIOBUF_</name>
         <value>0x44160</value>
         <object_component_ref idref="oc-f3"/>
      </symbol>
      <symbol id="sm-317">
         <name>_readmsg</name>
         <value>0x249c2</value>
         <object_component_ref idref="oc-f1"/>
      </symbol>
      <symbol id="sm-318">
         <name>_writemsg</name>
         <value>0x244ff</value>
         <object_component_ref idref="oc-f4"/>
      </symbol>
      <symbol id="sm-320">
         <name>__remu</name>
         <value>0x24e68</value>
         <object_component_ref idref="oc-f7"/>
      </symbol>
      <symbol id="sm-321">
         <name>__divu</name>
         <value>0x24e53</value>
         <object_component_ref idref="oc-f7"/>
      </symbol>
      <symbol id="sm-322">
         <name>I$$UMOD</name>
         <value>0x24e68</value>
         <object_component_ref idref="oc-f7"/>
      </symbol>
      <symbol id="sm-323">
         <name>I$$UDIV</name>
         <value>0x24e53</value>
         <object_component_ref idref="oc-f7"/>
      </symbol>
      <symbol id="sm-32d">
         <name>__rd_ok</name>
         <value>0x24255</value>
         <object_component_ref idref="oc-fb"/>
      </symbol>
      <symbol id="sm-32e">
         <name>__wrt_ok</name>
         <value>0x241d5</value>
         <object_component_ref idref="oc-fb"/>
      </symbol>
      <symbol id="sm-338">
         <name>__divli</name>
         <value>0x24cef</value>
         <object_component_ref idref="oc-ff"/>
      </symbol>
      <symbol id="sm-342">
         <name>__doflush</name>
         <value>0x2437e</value>
         <object_component_ref idref="oc-103"/>
      </symbol>
      <symbol id="sm-343">
         <name>_fflush</name>
         <value>0x243e7</value>
         <object_component_ref idref="oc-103"/>
      </symbol>
      <symbol id="sm-34d">
         <name>_fseek</name>
         <value>0x24a2f</value>
         <object_component_ref idref="oc-107"/>
      </symbol>
      <symbol id="sm-357">
         <name>_setvbuf</name>
         <value>0x240ef</value>
         <object_component_ref idref="oc-10b"/>
      </symbol>
      <symbol id="sm-366">
         <name>__cleanup</name>
         <value>0x22f39</value>
         <object_component_ref idref="oc-10f"/>
      </symbol>
      <symbol id="sm-367">
         <name>_fopen</name>
         <value>0x2305c</value>
         <object_component_ref idref="oc-10f"/>
      </symbol>
      <symbol id="sm-368">
         <name>_freopen</name>
         <value>0x22f93</value>
         <object_component_ref idref="oc-10f"/>
      </symbol>
      <symbol id="sm-378">
         <name>__sys_memory</name>
         <value>0xa524</value>
         <object_component_ref idref="oc-119"/>
      </symbol>
      <symbol id="sm-379">
         <name>_chkheap</name>
         <value>0x22a1e</value>
         <object_component_ref idref="oc-115"/>
      </symbol>
      <symbol id="sm-37a">
         <name>_realloc</name>
         <value>0x227bd</value>
         <object_component_ref idref="oc-115"/>
      </symbol>
      <symbol id="sm-37b">
         <name>_free_memory</name>
         <value>0x229c8</value>
         <object_component_ref idref="oc-115"/>
      </symbol>
      <symbol id="sm-37c">
         <name>_max_free</name>
         <value>0x2296e</value>
         <object_component_ref idref="oc-115"/>
      </symbol>
      <symbol id="sm-37d">
         <name>_free</name>
         <value>0x22597</value>
         <object_component_ref idref="oc-115"/>
      </symbol>
      <symbol id="sm-37e">
         <name>_calloc</name>
         <value>0x22a26</value>
         <object_component_ref idref="oc-115"/>
      </symbol>
      <symbol id="sm-37f">
         <name>_malloc</name>
         <value>0x226c8</value>
         <object_component_ref idref="oc-115"/>
      </symbol>
      <symbol id="sm-380">
         <name>_minit</name>
         <value>0x22663</value>
         <object_component_ref idref="oc-115"/>
      </symbol>
      <symbol id="sm-38a">
         <name>_fclose</name>
         <value>0x2477d</value>
         <object_component_ref idref="oc-11c"/>
      </symbol>
      <symbol id="sm-394">
         <name>_remove</name>
         <value>0x24f0f</value>
         <object_component_ref idref="oc-120"/>
      </symbol>
   </symbol_table>
</link_info>
