******************************************************************************
              TMS320C55x Linker PC v4.4.1                      
******************************************************************************
>> Linked Sat Nov 24 21:59:17 2018

OUTPUT FILE NAME:   <Vezba6a_sim.out>
ENTRY POINT SYMBOL: "_c_int00"  address: 00024848


MEMORY CONFIGURATION

         name            origin    length      used     unused   attr    fill
                        (bytes)   (bytes)    (bytes)   (bytes)
----------------------  --------  ---------  --------  --------  ----  --------
PAGE 0:
  MMR                   00000000   000000c0  00000000  000000c0  RWIX
  DARAM0                000000c0   0000ff40  0000e55c  000019e4  RWIX
  SARAM0                00010000   00010000  00000000  00010000  RWIX
  SARAM1                00020000   00020000  0000496a  0001b696  RWIX
  SARAM2                00040000   0000fe00  00000356  0000faaa  RWIX
  VECS                  0004fe00   00000200  00000100  00000100  RWIX
  PDROM                 00ff8000   00008000  00000000  00008000  R IX

PAGE 2:
  IOPORT                00000000   00020000  00000000  00020000  RWI 


SECTION ALLOCATION MAP
(Addresses surrounded by []'s are displayed for convenience only!)

output                                                          attributes/
section   page  orgn(bytes) orgn(words) len(bytes) len(words)   input sections
--------  ----  ----------- ----------- ---------- ----------   --------------
.pinit       0   [ 00040000 ]  00020000          *   00000000   UNINITIALIZED

.stack       0   [ 000000c0 ]  00000060          *   00001000   UNINITIALIZED
                 [ 000000c0 ]  00000060          *   00001000   --HOLE--

.data        0   [ 000000c0 ]  00000060          *   00000000   UNINITIALIZED

.sysstack 
*            0   [ 000020c0 ]  00001060          *   00000800   UNINITIALIZED
                 [ 000020c0 ]  00001060          *   00000800   --HOLE--

.bss.1       0   [ 000030c0 ]  00001860          *   0000486f   UNINITIALIZED
                 [ 000030c0 ]  00001860          *   00004004   delay.obj (.bss)
                 [ 0000b0c8 ]  00005864          *   00000400   ezdsp5535_aic3204_dma.obj (.bss)
                 [ 0000b8c8 ]  00005c64          *   00000204   main.obj (.bss)
                 [ 0000bcd0 ]  00005e68          *   00000119   rts55x.lib : defs.obj (.bss)
                 [ 0000bf02 ]  00005f81          *   000000d0              : trgdrv.obj (.bss)
                 [ 0000c0a2 ]  00006051          *   00000001   echo.obj (.bss)
                 [ 0000c0a4 ]  00006052          *   00000071   rts55x.lib : lowlev.obj (.bss)
                 [ 0000c186 ]  000060c3          *   00000001              : fopen.obj (.bss)
                 [ 0000c188 ]  000060c4          *   00000006              : memory.obj (.bss)
                 [ 0000c194 ]  000060ca          *   00000005   aic3204.obj (.bss)

.bss.2       0   [ 0000c1a0 ]  000060d0          *   0000000c   UNINITIALIZED
                 [ 0000c1a0 ]  000060d0          *   00000004   aic3204_init.obj (.bss)
                 [ 0000c1a8 ]  000060d4          *   00000004   rts55x.lib : _lock.obj (.bss)
                 [ 0000c1b0 ]  000060d8          *   00000004              : exit.obj (.bss)

.sysmem      0   [ 0000c1b8 ]  000060dc          *   00001000   UNINITIALIZED
                 [ 0000c1b8 ]  000060dc          *   00001000   --HOLE--

.const.1     0   [ 0000e1b8 ]  000070dc          *   00000101   
                 [ 0000e1b8 ]  000070dc          *   00000101   rts55x.lib : ctype.obj (.const:__ctypes_)

.const.2     0   [ 0000e3bc ]  000071de          *   00000097   
                 [ 0000e3bc ]  000071de          *   00000097   aic3204_init.obj (.const:.string)

.const.3     0   [ 0000e4ec ]  00007276          *   0000005f   
                 [ 0000e4ec ]  00007276          *   0000005f   main.obj (.const:.string)

.const.4     0   [ 0000e5ac ]  000072d6          *   0000003c   
                 [ 0000e5ac ]  000072d6          *   00000024   rts55x.lib : _printfi.obj (.const:.string)
                 [ 0000e5f4 ]  000072fa          *   0000000c              : _printfi.obj (.const)
                 [ 0000e60c ]  00007306          *   00000008              : divd.obj (.const:_initial_approx$1)
                 [ 0000e61c ]  0000730e          *   00000002              : fputs.obj (.const:.string)
                 [ 0000e620 ]  00007310          *   00000002              : fltlid.obj (.const)

.text        0     00020000  [ 00010000 ] 0000496a          *   
                   00020000  [ 00010000 ] 000015a4          *   rts55x.lib : _printfi.obj (.text)
                   000215a4  [ 00010ad2 ] 00000543          *              : lowlev.obj (.text)
                   00021ae7  [ 00010d73+] 00000528          *              : trgdrv.obj (.text)
                   0002200f  [ 00011007+] 000004b5          *              : memory.obj (.text)
                   000224c4  [ 00011262 ] 000003cc          *              : divd.obj (.text)
                   00022890  [ 00011448 ] 0000027f          *              : fopen.obj (.text)
                   00022b0f  [ 00011587+] 0000025e          *              : llmpy.obj (.text)
                   00022d6d  [ 000116b6+] 0000025a          *              : addd.obj (.text)
                   00022fc7  [ 000117e3+] 000001ee          *              : fwrite.obj (.text)
                   000231b5  [ 000118da+] 000001ea          *              : cmpd.obj (.text)
                   0002339f  [ 000119cf+] 00000163          *              : fputs.obj (.text)
                   00023502  [ 00011a81 ] 00000152          *   ezdsp5535_aic3204_dma.obj (.text)
                   00023654  [ 00011b2a ] 0000014c          *   rts55x.lib : mpyd.obj (.text)
                   000237a0  [ 00011bd0 ] 0000010f          *              : fread.obj (.text)
                   000238af  [ 00011c57+] 000000f6          *   aic3204_init.obj (.text)
                   000239a5  [ 00011cd2+] 000000f2          *   aic3204.obj (.text)
                   00023a97  [ 00011d4b+] 000000e6          *   rts55x.lib : setvbuf.obj (.text)
                   00023b7d  [ 00011dbe+] 000000e4          *   main.obj (.text)
                   00023c61  [ 00011e30+] 000000dd          *   rts55x.lib : _io_perm.obj (.text)
                   00023d3e  [ 00011e9f ] 000000c2          *              : fflush.obj (.text)
                   00023e00  [ 00011f00 ] 000000ba          *              : trgmsg.obj (.text:CIO_breakpoint)
                   00023eba  [ 00011f5d ] 000000b2          *   delay.obj (.text)
                   00023f6c  [ 00011fb6 ] 000000ae          *   rts55x.lib : _bufread.obj (.text)
                   0002401a  [ 0001200d ] 000000a6          *              : fputc.obj (.text)
                   000240c0  [ 00012060 ] 000000a1          *              : divul.obj (.text)
                   00024161  [ 000120b0+] 0000007d          *              : ltoa.obj (.text)
                   000241de  [ 000120ef ] 0000007b          *              : fclose.obj (.text)
                   00024259  [ 0001212c+] 00000076          *              : frcmpyd.obj (.text)
                   000242cf  [ 00012167+] 00000073          *              : frcmpyd_div.obj (.text)
                   00024342  [ 000121a1 ] 00000072          *              : remul.obj (.text)
                   000243b4  [ 000121da ] 0000006f          *              : fixdli.obj (.text)
                   00024423  [ 00012211+] 0000006d          *              : trgmsg.obj (.text)
                   00024490  [ 00012248 ] 0000006b          *              : fseek.obj (.text)
                   000244fb  [ 0001227d+] 00000067          *              : fltlid.obj (.text)
                   00024562  [ 000122b1 ] 0000005c          *              : atoi.obj (.text)
                   000245be  [ 000122df ] 00000054          *   ezdsp5535bsl.lib : ezdsp5535.obj (.text)
                   00024612  [ 00012309 ] 00000050          *   rts55x.lib : printf.obj (.text)
                   00024662  [ 00012331 ] 0000004d          *              : autoinit.obj (.text)
                   000246af  [ 00012357+] 0000004b          *              : args_main.obj (.text)
                   000246fa  [ 0001237d ] 0000004b          *              : remli.obj (.text)
                   00024745  [ 000123a2+] 00000048          *              : divli.obj (.text)
                   0002478d  [ 000123c6+] 0000003f          *              : memcpy.obj (.text)
                   000247cc  [ 000123e6 ] 0000003e          *   echo.obj (.text)
                   0002480a  [ 00012405 ] 0000003e          *   rts55x.lib : exit.obj (.text)
                   00024848  [ 00012424 ] 00000034          *              : boot.obj (.text)
                   0002487c  [ 0001243e ] 0000002a          *              : fixdi.obj (.text)
                   000248a6  [ 00012453 ] 0000002a          *              : udiv.obj (.text)
                   000248d0  [ 00012468 ] 00000023          *              : memccpy.obj (.text)
                   000248f3  [ 00012479+] 0000001a          *              : isinf.obj (.text)
                   0002490d  [ 00012486+] 00000014          *              : subd.obj (.text)
                   00024921  [ 00012490+] 00000013          *              : lmpy.obj (.text)
                   00024934  [ 0001249a ] 00000012          *              : _lock.obj (.text)
                   00024946  [ 000124a3 ] 00000010          *              : negd.obj (.text)
                   00024956  [ 000124ab ] 0000000a          *              : remove.obj (.text)
                   00024960  [ 000124b0 ] 00000007          *              : exit.obj (.text:CIO_breakpoint)
                   00024967  [ 000124b3+] 00000002          *              : vectors.obj (.text)
                   00024969  [ 000124b4 ] 00000001          *   --HOLE-- [fill = 20]

.cio         0   [ 00040000 ]  00020000          *   00000120   UNINITIALIZED
                 [ 00040000 ]  00020000          *   00000120   rts55x.lib : trgmsg.obj (.cio)

.cinit       0   [ 00040240 ]  00020120          *   0000008b   
                 [ 00040240 ]  00020120          *   0000002d   rts55x.lib : lowlev.obj (.cinit)
                 [ 0004029a ]  0002014d          *   0000002a              : defs.obj (.cinit)
                 [ 000402ee ]  00020177          *   0000000a   aic3204_init.obj (.cinit)
                 [ 00040302 ]  00020181          *   0000000a   rts55x.lib : _lock.obj (.cinit)
                 [ 00040316 ]  0002018b          *   0000000a              : exit.obj (.cinit)
                 [ 0004032a ]  00020195          *   00000005   delay.obj (.cinit)
                 [ 00040334 ]  0002019a          *   00000004   aic3204.obj (.cinit)
                 [ 0004033c ]  0002019e          *   00000004   echo.obj (.cinit)
                 [ 00040344 ]  000201a2          *   00000004   rts55x.lib : fopen.obj (.cinit)
                 [ 0004034c ]  000201a6          *   00000004              : memory.obj (.cinit)
                 [ 00040354 ]  000201aa          *   00000001   --HOLE-- [fill = 0]

vectors      0     0004fe00  [ 00027f00 ] 00000100          *   
                   0004fe00  [ 00027f00 ] 00000100          *   rts55x.lib : vectors.obj (vectors)


GLOBAL SYMBOLS: SORTED ALPHABETICALLY BY Name 

abs. value/
byte addr   word addr   name
---------   ---------   ----
00000002                $TI_capability$C5500$CallingConvention
00000002                $TI_capability$C5500$MemoryModel
00000001                $TI_capability_requires_rev3
ffffffff                .bss
ffffffff                .data
ffffffff                .text
00024961                C$$EXIT
00023eb5                C$$IO$$
00024921                I$$LMPY
000248a6                I$$UDIV
000248bb                I$$UMOD
00024604                _EZDSP5535_init
000245be                _EZDSP5535_wait
000245f2                _EZDSP5535_waitusec
00021fb1                _HOSTclock
00021f46                _HOSTclose
00021e91                _HOSTlseek
00021df2                _HOSTopen
00021d65                _HOSTread
00021cb7                _HOSTrename
00021c59                _HOSTtime
00021bef                _HOSTunlink
00021b62                _HOSTwrite
            00005c68    _InputBufferL
            00005ce8    _InputBufferR
            00005d68    _OutputBufferL
            00005de8    _OutputBufferR
0004fe00                _Reset
            00005864    _SimulatorInput
            00005a64    _SimulatorOutput
            00020000    __CIOBUF_
            00001060    __STACK_END
00002000                __STACK_SIZE
00002000                __SYSMEM_SIZE
00001000                __SYSSTACK_SIZE
00000001                __TI_args_main
ffffffff                ___binit__
ffffffff                ___bss__
ffffffff                ___c_args__
            00020120    ___cinit__
ffffffff                ___data__
ffffffff                ___edata__
ffffffff                ___end__
ffffffff                ___etext__
000248f3                ___isinf
ffffffff                ___pinit__
ffffffff                ___text__
00022d6d                __addd
000246af                __args_main
00023f6c                __buff_read
000229b1                __cleanup
            000060d8    __cleanup_ptr
00023347                __cmpd
            000070dc    __ctypes_
000224c4                __divd
00024745                __divli
00022d38                __divlli
000248a6                __divu
000240c0                __divul
00022c44                __divull
00023d3e                __doflush
            000060da    __dtors_ptr
00023313                __eqld
0002487c                __fixdi
000243b4                __fixdli
000244fb                __fltlid
00024259                __frcmpyd
000242cf                __frcmpyd_div
            00005f80    __ft_end
            00005e68    __ftable
000232c9                __geqd
0002327e                __gtrd
00023231                __leqd
            000060d4    __lock
000231e9                __lssd
00023654                __mpyd
00024921                __mpyli
00022b8c                __mpylli
00024946                __negd
000231b5                __neqd
00024944                __nop
00021362                __printfi
00023ce1                __rd_ok
0002493c                __register_lock
00024934                __register_unlock
000246fa                __remli
00022b5d                __remlli
000248bb                __remu
00024342                __remul
00022b0f                __remull
            00000060    __stack
0002490d                __subd
            000060dc    __sys_memory
            00001060    __sysstack
            00005ee0    __tmpnams
            000060d6    __unlock
00023c61                __wrt_ok
00024960                _abort
000219f7                _add_device
000239db                _aic3204_codec_read
00023a4b                _aic3204_codec_write
000239a7                _aic3204_disable
00023502                _aic3204_dma_init
            000060ce    _aic3204_enabled
000239a5                _aic3204_hardware_init
000238d3                _aic3204_init
00023504                _aic3204_read_block
000238af                _aic3204_set_input_filename
000238c1                _aic3204_set_output_filename
000235b5                _aic3204_write_block
00024562                _atoi
00024662                _auto_init
00024848                _c_int00
0002249e                _calloc
00022496                _chkheap
00023eba                _clear_delay_buffer
00021984                _close
00023f2e                _delay
00023ee6                _delay_init
000247e1                _echo
000247cc                _echo_init
0002480a                _exit
000241de                _fclose
00023da7                _fflush
0002197b                _find_registered_device
00022ad4                _fopen
0002401a                _fputc
0002339f                _fputs
000237a0                _fread
0002200f                _free
00022440                _free_memory
00022a0b                _freopen
00024490                _fseek
00022fc7                _fwrite
00021ae7                _getenv
            000060ca    _input_file
            00005c64    _left_input
            00005c66    _left_output
00021915                _lseek
00024161                _ltoa
00023b7d                _main
00022140                _malloc
000223e6                _max_free
000248d0                _memccpy
0002478d                _memcpy
000220db                _minit
00021856                _open
            000060cc    _output_file
00024612                _printf
0002401a                _putc
000240b1                _putchar
000234d4                _puts
000217a8                _read
00024423                _readmsg
00022235                _realloc
00024956                _remove
00021772                _remove_device
00021719                _rename
            00005c65    _right_input
            00005c67    _right_output
00023f09                _set_current_delay
00023998                _set_sampling_frequency_and_gain
00023a97                _setvbuf
000216e6                _unlink
000215a4                _write
00023e00                _writemsg
ffffffff                binit
            00020120    cinit
ffffffff                edata
ffffffff                end
ffffffff                etext
ffffffff                pinit


GLOBAL SYMBOLS: SORTED BY Symbol Address 

abs. value/
byte addr   word addr   name
---------   ---------   ----
00000001                $TI_capability_requires_rev3
00000001                __TI_args_main
00000002                $TI_capability$C5500$CallingConvention
00000002                $TI_capability$C5500$MemoryModel
            00000060    __stack
00001000                __SYSSTACK_SIZE
00002000                __STACK_SIZE
00002000                __SYSMEM_SIZE
            00001060    __STACK_END
            00001060    __sysstack
            00005864    _SimulatorInput
            00005a64    _SimulatorOutput
            00005c64    _left_input
            00005c65    _right_input
            00005c66    _left_output
            00005c67    _right_output
            00005c68    _InputBufferL
            00005ce8    _InputBufferR
            00005d68    _OutputBufferL
            00005de8    _OutputBufferR
            00005e68    __ftable
            00005ee0    __tmpnams
            00005f80    __ft_end
            000060ca    _input_file
            000060cc    _output_file
            000060ce    _aic3204_enabled
            000060d4    __lock
            000060d6    __unlock
            000060d8    __cleanup_ptr
            000060da    __dtors_ptr
            000060dc    __sys_memory
            000070dc    __ctypes_
00021362                __printfi
000215a4                _write
000216e6                _unlink
00021719                _rename
00021772                _remove_device
000217a8                _read
00021856                _open
00021915                _lseek
0002197b                _find_registered_device
00021984                _close
000219f7                _add_device
00021ae7                _getenv
00021b62                _HOSTwrite
00021bef                _HOSTunlink
00021c59                _HOSTtime
00021cb7                _HOSTrename
00021d65                _HOSTread
00021df2                _HOSTopen
00021e91                _HOSTlseek
00021f46                _HOSTclose
00021fb1                _HOSTclock
0002200f                _free
000220db                _minit
00022140                _malloc
00022235                _realloc
000223e6                _max_free
00022440                _free_memory
00022496                _chkheap
0002249e                _calloc
000224c4                __divd
000229b1                __cleanup
00022a0b                _freopen
00022ad4                _fopen
00022b0f                __remull
00022b5d                __remlli
00022b8c                __mpylli
00022c44                __divull
00022d38                __divlli
00022d6d                __addd
00022fc7                _fwrite
000231b5                __neqd
000231e9                __lssd
00023231                __leqd
0002327e                __gtrd
000232c9                __geqd
00023313                __eqld
00023347                __cmpd
0002339f                _fputs
000234d4                _puts
00023502                _aic3204_dma_init
00023504                _aic3204_read_block
000235b5                _aic3204_write_block
00023654                __mpyd
000237a0                _fread
000238af                _aic3204_set_input_filename
000238c1                _aic3204_set_output_filename
000238d3                _aic3204_init
00023998                _set_sampling_frequency_and_gain
000239a5                _aic3204_hardware_init
000239a7                _aic3204_disable
000239db                _aic3204_codec_read
00023a4b                _aic3204_codec_write
00023a97                _setvbuf
00023b7d                _main
00023c61                __wrt_ok
00023ce1                __rd_ok
00023d3e                __doflush
00023da7                _fflush
00023e00                _writemsg
00023eb5                C$$IO$$
00023eba                _clear_delay_buffer
00023ee6                _delay_init
00023f09                _set_current_delay
00023f2e                _delay
00023f6c                __buff_read
0002401a                _fputc
0002401a                _putc
000240b1                _putchar
000240c0                __divul
00024161                _ltoa
000241de                _fclose
00024259                __frcmpyd
000242cf                __frcmpyd_div
00024342                __remul
000243b4                __fixdli
00024423                _readmsg
00024490                _fseek
000244fb                __fltlid
00024562                _atoi
000245be                _EZDSP5535_wait
000245f2                _EZDSP5535_waitusec
00024604                _EZDSP5535_init
00024612                _printf
00024662                _auto_init
000246af                __args_main
000246fa                __remli
00024745                __divli
0002478d                _memcpy
000247cc                _echo_init
000247e1                _echo
0002480a                _exit
00024848                _c_int00
0002487c                __fixdi
000248a6                I$$UDIV
000248a6                __divu
000248bb                I$$UMOD
000248bb                __remu
000248d0                _memccpy
000248f3                ___isinf
0002490d                __subd
00024921                I$$LMPY
00024921                __mpyli
00024934                __register_unlock
0002493c                __register_lock
00024944                __nop
00024946                __negd
00024956                _remove
00024960                _abort
00024961                C$$EXIT
            00020000    __CIOBUF_
            00020120    ___cinit__
            00020120    cinit
0004fe00                _Reset
ffffffff                .bss
ffffffff                .data
ffffffff                .text
ffffffff                ___binit__
ffffffff                ___bss__
ffffffff                ___c_args__
ffffffff                ___data__
ffffffff                ___edata__
ffffffff                ___end__
ffffffff                ___etext__
ffffffff                ___pinit__
ffffffff                ___text__
ffffffff                binit
ffffffff                edata
ffffffff                end
ffffffff                etext
ffffffff                pinit

[172 symbols]
