******************************************************************************
              TMS320C55x Linker PC v4.4.1                      
******************************************************************************
>> Linked Mon Dec 03 20:05:29 2018

OUTPUT FILE NAME:   <Vezba7_sim.out>
ENTRY POINT SYMBOL: "_c_int00"  address: 000249a2


MEMORY CONFIGURATION

         name            origin    length      used     unused   attr    fill
                        (bytes)   (bytes)    (bytes)   (bytes)
----------------------  --------  ---------  --------  --------  ----  --------
PAGE 0:
  MMR                   00000000   000000c0  00000000  000000c0  RWIX
  DARAM0                000000c0   0000ff40  00006bdc  00009364  RWIX
  SARAM0                00010000   00010000  00000000  00010000  RWIX
  SARAM1                00020000   00020000  00004ac4  0001b53c  RWIX
  SARAM2                00040000   0000fe00  0000041c  0000f9e4  RWIX
  VECS                  0004fe00   00000200  00000100  00000100  RWIX
  PDROM                 00ff8000   00008000  00000000  00008000  R IX

PAGE 2:
  IOPORT                00000000   00020000  00000000  00020000  RWI 


SECTION ALLOCATION MAP
(Addresses surrounded by []'s are displayed for convenience only!)

output                                                          attributes/
section   page  orgn(bytes) orgn(words) len(bytes) len(words)   input sections
--------  ----  ----------- ----------- ---------- ----------   --------------
.pinit       0   [ 00040000 ]  00020000          *   00000000   UNINITIALIZED

.stack       0   [ 000000c0 ]  00000060          *   00001000   UNINITIALIZED
                 [ 000000c0 ]  00000060          *   00001000   --HOLE--

.data        0   [ 000000c0 ]  00000060          *   00000000   UNINITIALIZED

.sysstack 
*            0   [ 000020c0 ]  00001060          *   00000800   UNINITIALIZED
                 [ 000020c0 ]  00001060          *   00000800   --HOLE--

.sysmem      0   [ 000030c0 ]  00001860          *   00001000   UNINITIALIZED
                 [ 000030c0 ]  00001860          *   00001000   --HOLE--

.bss.1       0   [ 000050c0 ]  00002860          *   0000054a   UNINITIALIZED
                 [ 000050c0 ]  00002860          *   00000549   main.obj (.bss)
                 [ 00005b52 ]  00002da9          *   00000001   rts55x.lib : fopen.obj (.bss)

.const.1     0   [ 00005b54 ]  00002daa          *   00000002   
                 [ 00005b54 ]  00002daa          *   00000002   rts55x.lib : fputs.obj (.const:.string)

.bss.2       0   [ 00005b58 ]  00002dac          *   000005e9   UNINITIALIZED
                 [ 00005b58 ]  00002dac          *   00000400   ezdsp5535_aic3204_dma.obj (.bss)
                 [ 00006358 ]  000031ac          *   00000119   rts55x.lib : defs.obj (.bss)
                 [ 0000658a ]  000032c5          *   000000d0              : trgdrv.obj (.bss)

.bss.3       0   [ 0000672c ]  00003396          *   00000071   UNINITIALIZED
                 [ 0000672c ]  00003396          *   00000071   rts55x.lib : lowlev.obj (.bss)

.bss.4       0   [ 00006810 ]  00003408          *   0000000b   UNINITIALIZED
                 [ 00006810 ]  00003408          *   00000006   rts55x.lib : memory.obj (.bss)
                 [ 0000681c ]  0000340e          *   00000005   aic3204.obj (.bss)

.bss.5       0   [ 00006828 ]  00003414          *   0000000c   UNINITIALIZED
                 [ 00006828 ]  00003414          *   00000004   aic3204_init.obj (.bss)
                 [ 00006830 ]  00003418          *   00000004   rts55x.lib : _lock.obj (.bss)
                 [ 00006838 ]  0000341c          *   00000004              : exit.obj (.bss)

.const.2     0   [ 00006840 ]  00003420          *   00000101   
                 [ 00006840 ]  00003420          *   00000101   rts55x.lib : ctype.obj (.const:__ctypes_)

.const.3     0   [ 00006a44 ]  00003522          *   00000097   
                 [ 00006a44 ]  00003522          *   00000097   aic3204_init.obj (.const:.string)

.const.4     0   [ 00006b74 ]  000035ba          *   0000005f   
                 [ 00006b74 ]  000035ba          *   0000005f   main.obj (.const:.string)

.const.5     0   [ 00006c34 ]  0000361a          *   0000003a   
                 [ 00006c34 ]  0000361a          *   00000024   rts55x.lib : _printfi.obj (.const:.string)
                 [ 00006c7c ]  0000363e          *   0000000c              : _printfi.obj (.const)
                 [ 00006c94 ]  0000364a          *   00000008              : divd.obj (.const:_initial_approx$1)
                 [ 00006ca4 ]  00003652          *   00000002              : fltlid.obj (.const)

.text        0     00020000  [ 00010000 ] 00004ac4          *   
                   00020000  [ 00010000 ] 000015a4          *   rts55x.lib : _printfi.obj (.text)
                   000215a4  [ 00010ad2 ] 00000543          *              : lowlev.obj (.text)
                   00021ae7  [ 00010d73+] 00000528          *              : trgdrv.obj (.text)
                   0002200f  [ 00011007+] 000004b5          *              : memory.obj (.text)
                   000224c4  [ 00011262 ] 000003cc          *              : divd.obj (.text)
                   00022890  [ 00011448 ] 0000027f          *              : fopen.obj (.text)
                   00022b0f  [ 00011587+] 0000025e          *              : llmpy.obj (.text)
                   00022d6d  [ 000116b6+] 0000025a          *              : addd.obj (.text)
                   00022fc7  [ 000117e3+] 0000022e          *   main.obj (.text)
                   000231f5  [ 000118fa+] 000001ee          *   rts55x.lib : fwrite.obj (.text)
                   000233e3  [ 000119f1+] 000001ea          *              : cmpd.obj (.text)
                   000235cd  [ 00011ae6+] 00000163          *              : fputs.obj (.text)
                   00023730  [ 00011b98 ] 00000152          *   ezdsp5535_aic3204_dma.obj (.text)
                   00023882  [ 00011c41 ] 0000014c          *   rts55x.lib : mpyd.obj (.text)
                   000239ce  [ 00011ce7 ] 0000010f          *              : fread.obj (.text)
                   00023add  [ 00011d6e+] 00000100          *   fir.obj (.text)
                   00023bdd  [ 00011dee+] 000000f6          *   aic3204_init.obj (.text)
                   00023cd3  [ 00011e69+] 000000f2          *   aic3204.obj (.text)
                   00023dc5  [ 00011ee2+] 000000e6          *   rts55x.lib : setvbuf.obj (.text)
                   00023eab  [ 00011f55+] 000000dd          *              : _io_perm.obj (.text)
                   00023f88  [ 00011fc4 ] 000000c2          *              : fflush.obj (.text)
                   0002404a  [ 00012025 ] 000000ba          *              : trgmsg.obj (.text:CIO_breakpoint)
                   00024104  [ 00012082 ] 000000ae          *              : _bufread.obj (.text)
                   000241b2  [ 000120d9 ] 000000a6          *              : fputc.obj (.text)
                   00024258  [ 0001212c ] 000000a1          *              : divul.obj (.text)
                   000242f9  [ 0001217c+] 0000007d          *              : ltoa.obj (.text)
                   00024376  [ 000121bb ] 0000007b          *              : fclose.obj (.text)
                   000243f1  [ 000121f8+] 00000076          *              : frcmpyd.obj (.text)
                   00024467  [ 00012233+] 00000073          *              : frcmpyd_div.obj (.text)
                   000244da  [ 0001226d ] 00000072          *              : remul.obj (.text)
                   0002454c  [ 000122a6 ] 0000006f          *              : fixdli.obj (.text)
                   000245bb  [ 000122dd+] 0000006d          *              : trgmsg.obj (.text)
                   00024628  [ 00012314 ] 0000006b          *              : fseek.obj (.text)
                   00024693  [ 00012349+] 00000067          *              : fltlid.obj (.text)
                   000246fa  [ 0001237d ] 0000005c          *              : atoi.obj (.text)
                   00024756  [ 000123ab ] 00000054          *   ezdsp5535bsl.lib : ezdsp5535.obj (.text)
                   000247aa  [ 000123d5 ] 00000050          *   rts55x.lib : printf.obj (.text)
                   000247fa  [ 000123fd ] 0000004d          *              : autoinit.obj (.text)
                   00024847  [ 00012423+] 0000004b          *              : args_main.obj (.text)
                   00024892  [ 00012449 ] 0000004b          *              : remli.obj (.text)
                   000248dd  [ 0001246e+] 00000048          *              : divli.obj (.text)
                   00024925  [ 00012492+] 0000003f          *              : memcpy.obj (.text)
                   00024964  [ 000124b2 ] 0000003e          *              : exit.obj (.text)
                   000249a2  [ 000124d1 ] 00000034          *              : boot.obj (.text)
                   000249d6  [ 000124eb ] 0000002a          *              : fixdi.obj (.text)
                   00024a00  [ 00012500 ] 0000002a          *              : udiv.obj (.text)
                   00024a2a  [ 00012515 ] 00000023          *              : memccpy.obj (.text)
                   00024a4d  [ 00012526+] 0000001a          *              : isinf.obj (.text)
                   00024a67  [ 00012533+] 00000014          *              : subd.obj (.text)
                   00024a7b  [ 0001253d+] 00000013          *              : lmpy.obj (.text)
                   00024a8e  [ 00012547 ] 00000012          *              : _lock.obj (.text)
                   00024aa0  [ 00012550 ] 00000010          *              : negd.obj (.text)
                   00024ab0  [ 00012558 ] 0000000a          *              : remove.obj (.text)
                   00024aba  [ 0001255d ] 00000007          *              : exit.obj (.text:CIO_breakpoint)
                   00024ac1  [ 00012560+] 00000002          *              : vectors.obj (.text)
                   00024ac3  [ 00012561 ] 00000001          *   --HOLE-- [fill = 20]

.cio         0   [ 00040000 ]  00020000          *   00000120   UNINITIALIZED
                 [ 00040000 ]  00020000          *   00000120   rts55x.lib : trgmsg.obj (.cio)

.cinit       0   [ 00040240 ]  00020120          *   000000ee   
                 [ 00040240 ]  00020120          *   0000006c   main.obj (.cinit)
                 [ 00040318 ]  0002018c          *   0000002d   rts55x.lib : lowlev.obj (.cinit)
                 [ 00040372 ]  000201b9          *   0000002a              : defs.obj (.cinit)
                 [ 000403c6 ]  000201e3          *   0000000a   aic3204_init.obj (.cinit)
                 [ 000403da ]  000201ed          *   0000000a   rts55x.lib : _lock.obj (.cinit)
                 [ 000403ee ]  000201f7          *   0000000a              : exit.obj (.cinit)
                 [ 00040402 ]  00020201          *   00000004   aic3204.obj (.cinit)
                 [ 0004040a ]  00020205          *   00000004   rts55x.lib : fopen.obj (.cinit)
                 [ 00040412 ]  00020209          *   00000004              : memory.obj (.cinit)
                 [ 0004041a ]  0002020d          *   00000001   --HOLE-- [fill = 0]

vectors      0     0004fe00  [ 00027f00 ] 00000100          *   
                   0004fe00  [ 00027f00 ] 00000100          *   rts55x.lib : vectors.obj (vectors)


GLOBAL SYMBOLS: SORTED ALPHABETICALLY BY Name 

abs. value/
byte addr   word addr   name
---------   ---------   ----
00000002                $TI_capability$C5500$CallingConvention
00000002                $TI_capability$C5500$MemoryModel
00000001                $TI_capability_requires_rev3
ffffffff                .bss
ffffffff                .data
ffffffff                .text
00024abb                C$$EXIT
000240ff                C$$IO$$
00024a7b                I$$LMPY
00024a00                I$$UDIV
00024a15                I$$UMOD
0002479c                _EZDSP5535_init
00024756                _EZDSP5535_wait
0002478a                _EZDSP5535_waitusec
00021fb1                _HOSTclock
00021f46                _HOSTclose
00021e91                _HOSTlseek
00021df2                _HOSTopen
00021d65                _HOSTread
00021cb7                _HOSTrename
00021c59                _HOSTtime
00021bef                _HOSTunlink
00021b62                _HOSTwrite
            000028c4    _InputBufferL
            00002944    _InputBufferR
            000029c4    _OutputBufferL
            00002a44    _OutputBufferR
0004fe00                _Reset
            00002dac    _SimulatorInput
            00002fac    _SimulatorOutput
            00020000    __CIOBUF_
            00001060    __STACK_END
00002000                __STACK_SIZE
00002000                __SYSMEM_SIZE
00001000                __SYSSTACK_SIZE
00000001                __TI_args_main
ffffffff                ___binit__
ffffffff                ___bss__
ffffffff                ___c_args__
            00020120    ___cinit__
ffffffff                ___data__
ffffffff                ___edata__
ffffffff                ___end__
ffffffff                ___etext__
00024a4d                ___isinf
ffffffff                ___pinit__
ffffffff                ___text__
00022d6d                __addd
00024847                __args_main
00024104                __buff_read
000229b1                __cleanup
            0000341c    __cleanup_ptr
00023575                __cmpd
            00003420    __ctypes_
000224c4                __divd
000248dd                __divli
00022d38                __divlli
00024a00                __divu
00024258                __divul
00022c44                __divull
00023f88                __doflush
            0000341e    __dtors_ptr
00023541                __eqld
000249d6                __fixdi
0002454c                __fixdli
00024693                __fltlid
000243f1                __frcmpyd
00024467                __frcmpyd_div
            000032c4    __ft_end
            000031ac    __ftable
000234f7                __geqd
000234ac                __gtrd
0002345f                __leqd
            00003418    __lock
00023417                __lssd
00023882                __mpyd
00024a7b                __mpyli
00022b8c                __mpylli
00024aa0                __negd
000233e3                __neqd
00024a9e                __nop
00021362                __printfi
00023f2b                __rd_ok
00024a96                __register_lock
00024a8e                __register_unlock
00024892                __remli
00022b5d                __remlli
00024a15                __remu
000244da                __remul
00022b0f                __remull
            00000060    __stack
00024a67                __subd
            00001860    __sys_memory
            00001060    __sysstack
            00003224    __tmpnams
            0000341a    __unlock
00023eab                __wrt_ok
00024aba                _abort
000219f7                _add_device
00023d09                _aic3204_codec_read
00023d79                _aic3204_codec_write
00023cd5                _aic3204_disable
00023730                _aic3204_dma_init
            00003412    _aic3204_enabled
00023cd3                _aic3204_hardware_init
00023c01                _aic3204_init
00023732                _aic3204_read_block
00023bdd                _aic3204_set_input_filename
00023bef                _aic3204_set_output_filename
000237e3                _aic3204_write_block
000246fa                _atoi
000247fa                _auto_init
            000028a2    _bandpass_5kHz_12kHz_32th_order
            00002c44    _bp_buffer
000249a2                _c_int00
0002249e                _calloc
00022496                _chkheap
00021984                _close
            00002ac4    _dirac
            00002b44    _dirac_out
00024964                _exit
00024376                _fclose
00023ff1                _fflush
0002197b                _find_registered_device
00023add                _fir_basic
00023b5a                _fir_circular
00022ad4                _fopen
000241b2                _fputc
000235cd                _fputs
000239ce                _fread
0002200f                _free
00022440                _free_memory
00022a0b                _freopen
00024628                _fseek
000231f5                _fwrite
00021ae7                _getenv
            00002881    _highpass_12kHz_32th_order
            00002d65    _history_bp
            00002d86    _history_hp
            00002d44    _history_lp
            00002cc4    _hp_buffer
            0000340e    _input_file
            00002860    _lowpass_5kHz_32th_order
            00002bc4    _lp_buffer
00021915                _lseek
000242f9                _ltoa
00022fc7                _main
00022140                _malloc
000223e6                _max_free
00024a2a                _memccpy
00024925                _memcpy
000220db                _minit
00021856                _open
            00003410    _output_file
            00002da7    _p_state_bp
            00002da8    _p_state_hp
            000028c3    _p_state_lp
000247aa                _printf
000241b2                _putc
00024249                _putchar
00023702                _puts
000217a8                _read
000245bb                _readmsg
00022235                _realloc
00024ab0                _remove
00021772                _remove_device
00021719                _rename
00023cc6                _set_sampling_frequency_and_gain
00023dc5                _setvbuf
000216e6                _unlink
000215a4                _write
0002404a                _writemsg
ffffffff                binit
            00020120    cinit
ffffffff                edata
ffffffff                end
ffffffff                etext
ffffffff                pinit


GLOBAL SYMBOLS: SORTED BY Symbol Address 

abs. value/
byte addr   word addr   name
---------   ---------   ----
00000001                $TI_capability_requires_rev3
00000001                __TI_args_main
00000002                $TI_capability$C5500$CallingConvention
00000002                $TI_capability$C5500$MemoryModel
            00000060    __stack
00001000                __SYSSTACK_SIZE
00002000                __STACK_SIZE
00002000                __SYSMEM_SIZE
            00001060    __STACK_END
            00001060    __sysstack
            00001860    __sys_memory
            00002860    _lowpass_5kHz_32th_order
            00002881    _highpass_12kHz_32th_order
            000028a2    _bandpass_5kHz_12kHz_32th_order
            000028c3    _p_state_lp
            000028c4    _InputBufferL
            00002944    _InputBufferR
            000029c4    _OutputBufferL
            00002a44    _OutputBufferR
            00002ac4    _dirac
            00002b44    _dirac_out
            00002bc4    _lp_buffer
            00002c44    _bp_buffer
            00002cc4    _hp_buffer
            00002d44    _history_lp
            00002d65    _history_bp
            00002d86    _history_hp
            00002da7    _p_state_bp
            00002da8    _p_state_hp
            00002dac    _SimulatorInput
            00002fac    _SimulatorOutput
            000031ac    __ftable
            00003224    __tmpnams
            000032c4    __ft_end
            0000340e    _input_file
            00003410    _output_file
            00003412    _aic3204_enabled
            00003418    __lock
            0000341a    __unlock
            0000341c    __cleanup_ptr
            0000341e    __dtors_ptr
            00003420    __ctypes_
00021362                __printfi
000215a4                _write
000216e6                _unlink
00021719                _rename
00021772                _remove_device
000217a8                _read
00021856                _open
00021915                _lseek
0002197b                _find_registered_device
00021984                _close
000219f7                _add_device
00021ae7                _getenv
00021b62                _HOSTwrite
00021bef                _HOSTunlink
00021c59                _HOSTtime
00021cb7                _HOSTrename
00021d65                _HOSTread
00021df2                _HOSTopen
00021e91                _HOSTlseek
00021f46                _HOSTclose
00021fb1                _HOSTclock
0002200f                _free
000220db                _minit
00022140                _malloc
00022235                _realloc
000223e6                _max_free
00022440                _free_memory
00022496                _chkheap
0002249e                _calloc
000224c4                __divd
000229b1                __cleanup
00022a0b                _freopen
00022ad4                _fopen
00022b0f                __remull
00022b5d                __remlli
00022b8c                __mpylli
00022c44                __divull
00022d38                __divlli
00022d6d                __addd
00022fc7                _main
000231f5                _fwrite
000233e3                __neqd
00023417                __lssd
0002345f                __leqd
000234ac                __gtrd
000234f7                __geqd
00023541                __eqld
00023575                __cmpd
000235cd                _fputs
00023702                _puts
00023730                _aic3204_dma_init
00023732                _aic3204_read_block
000237e3                _aic3204_write_block
00023882                __mpyd
000239ce                _fread
00023add                _fir_basic
00023b5a                _fir_circular
00023bdd                _aic3204_set_input_filename
00023bef                _aic3204_set_output_filename
00023c01                _aic3204_init
00023cc6                _set_sampling_frequency_and_gain
00023cd3                _aic3204_hardware_init
00023cd5                _aic3204_disable
00023d09                _aic3204_codec_read
00023d79                _aic3204_codec_write
00023dc5                _setvbuf
00023eab                __wrt_ok
00023f2b                __rd_ok
00023f88                __doflush
00023ff1                _fflush
0002404a                _writemsg
000240ff                C$$IO$$
00024104                __buff_read
000241b2                _fputc
000241b2                _putc
00024249                _putchar
00024258                __divul
000242f9                _ltoa
00024376                _fclose
000243f1                __frcmpyd
00024467                __frcmpyd_div
000244da                __remul
0002454c                __fixdli
000245bb                _readmsg
00024628                _fseek
00024693                __fltlid
000246fa                _atoi
00024756                _EZDSP5535_wait
0002478a                _EZDSP5535_waitusec
0002479c                _EZDSP5535_init
000247aa                _printf
000247fa                _auto_init
00024847                __args_main
00024892                __remli
000248dd                __divli
00024925                _memcpy
00024964                _exit
000249a2                _c_int00
000249d6                __fixdi
00024a00                I$$UDIV
00024a00                __divu
00024a15                I$$UMOD
00024a15                __remu
00024a2a                _memccpy
00024a4d                ___isinf
00024a67                __subd
00024a7b                I$$LMPY
00024a7b                __mpyli
00024a8e                __register_unlock
00024a96                __register_lock
00024a9e                __nop
00024aa0                __negd
00024ab0                _remove
00024aba                _abort
00024abb                C$$EXIT
            00020000    __CIOBUF_
            00020120    ___cinit__
            00020120    cinit
0004fe00                _Reset
ffffffff                .bss
ffffffff                .data
ffffffff                .text
ffffffff                ___binit__
ffffffff                ___bss__
ffffffff                ___c_args__
ffffffff                ___data__
ffffffff                ___edata__
ffffffff                ___end__
ffffffff                ___etext__
ffffffff                ___pinit__
ffffffff                ___text__
ffffffff                binit
ffffffff                edata
ffffffff                end
ffffffff                etext
ffffffff                pinit

[178 symbols]
