******************************************************************************
              TMS320C55x Linker PC v4.4.1                      
******************************************************************************
>> Linked Tue Dec 18 16:31:45 2018

OUTPUT FILE NAME:   <noise_removal.out>
ENTRY POINT SYMBOL: "_c_int00"  address: 00024e07


MEMORY CONFIGURATION

         name            origin    length      used     unused   attr    fill
                        (bytes)   (bytes)    (bytes)   (bytes)
----------------------  --------  ---------  --------  --------  ----  --------
PAGE 0:
  MMR                   00000000   000000c0  00000000  000000c0  RWIX
  DARAM0                000000c0   0000ff40  00006dc0  00009180  RWIX
  SARAM0                00010000   00010000  00000000  00010000  RWIX
  SARAM1                00020000   00020000  00004f29  0001b0d7  RWIX
  SARAM2                00040000   0000fe00  00000472  0000f98e  RWIX
  VECS                  0004fe00   00000200  00000100  00000100  RWIX
  PDROM                 00ff8000   00008000  00000000  00008000  R IX

PAGE 2:
  IOPORT                00000000   00020000  00000000  00020000  RWI 


SECTION ALLOCATION MAP
(Addresses surrounded by []'s are displayed for convenience only!)

output                                                          attributes/
section   page  orgn(bytes) orgn(words) len(bytes) len(words)   input sections
--------  ----  ----------- ----------- ---------- ----------   --------------
.pinit       0   [ 00040000 ]  00020000          *   00000000   UNINITIALIZED

.stack       0   [ 000000c0 ]  00000060          *   00001000   UNINITIALIZED
                 [ 000000c0 ]  00000060          *   00001000   --HOLE--

.data        0   [ 000000c0 ]  00000060          *   00000000   UNINITIALIZED

.sysstack 
*            0   [ 000020c0 ]  00001060          *   00000800   UNINITIALIZED
                 [ 000020c0 ]  00001060          *   00000800   --HOLE--

.sysmem      0   [ 000030c0 ]  00001860          *   00001000   UNINITIALIZED
                 [ 000030c0 ]  00001860          *   00001000   --HOLE--

.bss.1       0   [ 000050c0 ]  00002860          *   000005d3   UNINITIALIZED
                 [ 000050c0 ]  00002860          *   000005d2   main.obj (.bss)
                 [ 00005c64 ]  00002e32          *   00000001   rts55x.lib : fopen.obj (.bss)

.bss.2       0   [ 00005c68 ]  00002e34          *   000005e9   UNINITIALIZED
                 [ 00005c68 ]  00002e34          *   00000400   ezdsp5535_aic3204_dma.obj (.bss)
                 [ 00006468 ]  00003234          *   00000119   rts55x.lib : defs.obj (.bss)
                 [ 0000669a ]  0000334d          *   000000d0              : trgdrv.obj (.bss)

.bss.3       0   [ 0000683c ]  0000341e          *   00000071   UNINITIALIZED
                 [ 0000683c ]  0000341e          *   00000071   rts55x.lib : lowlev.obj (.bss)

.bss.4       0   [ 00006920 ]  00003490          *   0000000b   UNINITIALIZED
                 [ 00006920 ]  00003490          *   00000006   rts55x.lib : memory.obj (.bss)
                 [ 0000692c ]  00003496          *   00000005   aic3204.obj (.bss)

.bss.5       0   [ 00006938 ]  0000349c          *   0000000c   UNINITIALIZED
                 [ 00006938 ]  0000349c          *   00000004   aic3204_init.obj (.bss)
                 [ 00006940 ]  000034a0          *   00000004   rts55x.lib : _lock.obj (.bss)
                 [ 00006948 ]  000034a4          *   00000004              : exit.obj (.bss)

.const.1     0   [ 00006950 ]  000034a8          *   00000101   
                 [ 00006950 ]  000034a8          *   00000101   rts55x.lib : ctype.obj (.const:__ctypes_)

.const.2     0   [ 00006b54 ]  000035aa          *   00000077   
                 [ 00006b54 ]  000035aa          *   00000077   aic3204_init.obj (.const:.string)

.const.3     0   [ 00006c44 ]  00003622          *   00000075   
                 [ 00006c44 ]  00003622          *   00000075   main.obj (.const:.string)

.const.4     0   [ 00006d30 ]  00003698          *   00000073   
                 [ 00006d30 ]  00003698          *   0000003a   aic3204.obj (.const:.string)
                 [ 00006da4 ]  000036d2          *   00000039   ezdsp5535_aic3204_dma.obj (.const:.string)

.const.5     0   [ 00006e18 ]  0000370c          *   0000003c   
                 [ 00006e18 ]  0000370c          *   00000024   rts55x.lib : _printfi.obj (.const:.string)
                 [ 00006e60 ]  00003730          *   0000000c              : _printfi.obj (.const)
                 [ 00006e78 ]  0000373c          *   00000008              : divd.obj (.const:_initial_approx$1)
                 [ 00006e88 ]  00003744          *   00000002              : fputs.obj (.const:.string)
                 [ 00006e8c ]  00003746          *   00000002              : fltlid.obj (.const)

.text        0     00020000  [ 00010000 ] 00004f29          *   
                   00020000  [ 00010000 ] 000015a4          *   rts55x.lib : _printfi.obj (.text)
                   000215a4  [ 00010ad2 ] 00000543          *              : lowlev.obj (.text)
                   00021ae7  [ 00010d73+] 00000528          *              : trgdrv.obj (.text)
                   0002200f  [ 00011007+] 000004b5          *              : memory.obj (.text)
                   000224c4  [ 00011262 ] 000003cc          *              : divd.obj (.text)
                   00022890  [ 00011448 ] 00000309          *   aic3204.obj (.text)
                   00022b99  [ 000115cc+] 0000027f          *   rts55x.lib : fopen.obj (.text)
                   00022e18  [ 0001170c ] 0000025e          *              : llmpy.obj (.text)
                   00023076  [ 0001183b ] 0000025a          *              : addd.obj (.text)
                   000232d0  [ 00011968 ] 0000024f          *   main.obj (.text)
                   0002351f  [ 00011a8f+] 00000207          *   ezdsp5535_aic3204_dma.obj (.text)
                   00023726  [ 00011b93 ] 000001ee          *   rts55x.lib : fwrite.obj (.text)
                   00023914  [ 00011c8a ] 000001ea          *              : cmpd.obj (.text)
                   00023afe  [ 00011d7f ] 00000178          *   iir.obj (.text)
                   00023c76  [ 00011e3b ] 00000163          *   rts55x.lib : fputs.obj (.text)
                   00023dd9  [ 00011eec+] 0000014c          *              : mpyd.obj (.text)
                   00023f25  [ 00011f92+] 0000010f          *              : fread.obj (.text)
                   00024034  [ 0001201a ] 00000100          *   fir.obj (.text)
                   00024134  [ 0001209a ] 000000f6          *   aic3204_init.obj (.text)
                   0002422a  [ 00012115 ] 000000e6          *   rts55x.lib : setvbuf.obj (.text)
                   00024310  [ 00012188 ] 000000dd          *              : _io_perm.obj (.text)
                   000243ed  [ 000121f6+] 000000c2          *              : fflush.obj (.text)
                   000244af  [ 00012257+] 000000ba          *              : trgmsg.obj (.text:CIO_breakpoint)
                   00024569  [ 000122b4+] 000000ae          *              : _bufread.obj (.text)
                   00024617  [ 0001230b+] 000000a6          *              : fputc.obj (.text)
                   000246bd  [ 0001235e+] 000000a1          *              : divul.obj (.text)
                   0002475e  [ 000123af ] 0000007d          *              : ltoa.obj (.text)
                   000247db  [ 000123ed+] 0000007b          *              : fclose.obj (.text)
                   00024856  [ 0001242b ] 00000076          *              : frcmpyd.obj (.text)
                   000248cc  [ 00012466 ] 00000073          *              : frcmpyd_div.obj (.text)
                   0002493f  [ 0001249f+] 00000072          *              : remul.obj (.text)
                   000249b1  [ 000124d8+] 0000006f          *              : fixdli.obj (.text)
                   00024a20  [ 00012510 ] 0000006d          *              : trgmsg.obj (.text)
                   00024a8d  [ 00012546+] 0000006b          *              : fseek.obj (.text)
                   00024af8  [ 0001257c ] 00000067          *              : fltlid.obj (.text)
                   00024b5f  [ 000125af+] 0000005c          *              : atoi.obj (.text)
                   00024bbb  [ 000125dd+] 00000054          *   ezdsp5535bsl.lib : ezdsp5535.obj (.text)
                   00024c0f  [ 00012607+] 00000050          *   rts55x.lib : printf.obj (.text)
                   00024c5f  [ 0001262f+] 0000004d          *              : autoinit.obj (.text)
                   00024cac  [ 00012656 ] 0000004b          *              : args_main.obj (.text)
                   00024cf7  [ 0001267b+] 0000004b          *              : remli.obj (.text)
                   00024d42  [ 000126a1 ] 00000048          *              : divli.obj (.text)
                   00024d8a  [ 000126c5 ] 0000003f          *              : memcpy.obj (.text)
                   00024dc9  [ 000126e4+] 0000003e          *              : exit.obj (.text)
                   00024e07  [ 00012703+] 00000034          *              : boot.obj (.text)
                   00024e3b  [ 0001271d+] 0000002a          *              : fixdi.obj (.text)
                   00024e65  [ 00012732+] 0000002a          *              : udiv.obj (.text)
                   00024e8f  [ 00012747+] 00000023          *              : memccpy.obj (.text)
                   00024eb2  [ 00012759 ] 0000001a          *              : isinf.obj (.text)
                   00024ecc  [ 00012766 ] 00000014          *              : subd.obj (.text)
                   00024ee0  [ 00012770 ] 00000013          *              : lmpy.obj (.text)
                   00024ef3  [ 00012779+] 00000012          *              : _lock.obj (.text)
                   00024f05  [ 00012782+] 00000010          *              : negd.obj (.text)
                   00024f15  [ 0001278a+] 0000000a          *              : remove.obj (.text)
                   00024f1f  [ 0001278f+] 00000007          *              : exit.obj (.text:CIO_breakpoint)
                   00024f26  [ 00012793 ] 00000002          *              : vectors.obj (.text)
                   00024f28  [ 00012794 ] 00000001          *   --HOLE-- [fill = 20]

.cio         0   [ 00040000 ]  00020000          *   00000120   UNINITIALIZED
                 [ 00040000 ]  00020000          *   00000120   rts55x.lib : trgmsg.obj (.cio)

.cinit       0   [ 00040240 ]  00020120          *   00000119   
                 [ 00040240 ]  00020120          *   00000097   main.obj (.cinit)
                 [ 0004036e ]  000201b7          *   0000002d   rts55x.lib : lowlev.obj (.cinit)
                 [ 000403c8 ]  000201e4          *   0000002a              : defs.obj (.cinit)
                 [ 0004041c ]  0002020e          *   0000000a   aic3204_init.obj (.cinit)
                 [ 00040430 ]  00020218          *   0000000a   rts55x.lib : _lock.obj (.cinit)
                 [ 00040444 ]  00020222          *   0000000a              : exit.obj (.cinit)
                 [ 00040458 ]  0002022c          *   00000004   aic3204.obj (.cinit)
                 [ 00040460 ]  00020230          *   00000004   rts55x.lib : fopen.obj (.cinit)
                 [ 00040468 ]  00020234          *   00000004              : memory.obj (.cinit)
                 [ 00040470 ]  00020238          *   00000001   --HOLE-- [fill = 0]

vectors      0     0004fe00  [ 00027f00 ] 00000100          *   
                   0004fe00  [ 00027f00 ] 00000100          *   rts55x.lib : vectors.obj (vectors)


GLOBAL SYMBOLS: SORTED ALPHABETICALLY BY Name 

abs. value/
byte addr   word addr   name
---------   ---------   ----
00000002                $TI_capability$C5500$CallingConvention
00000002                $TI_capability$C5500$MemoryModel
00000001                $TI_capability_requires_rev3
ffffffff                .bss
ffffffff                .data
ffffffff                .text
00024f20                C$$EXIT
00024564                C$$IO$$
00024ee0                I$$LMPY
00024e65                I$$UDIV
00024e7a                I$$UMOD
00024c01                _EZDSP5535_init
00024bbb                _EZDSP5535_wait
00024bef                _EZDSP5535_waitusec
00021fb1                _HOSTclock
00021f46                _HOSTclose
00021e91                _HOSTlseek
00021df2                _HOSTopen
00021d65                _HOSTread
00021cb7                _HOSTrename
00021c59                _HOSTtime
00021bef                _HOSTunlink
00021b62                _HOSTwrite
            000028d9    _IIR_band_pass_2nd_order
            000028e5    _IIR_high_pass_2nd_order
            000028df    _IIR_low_pass_2nd_order
0004fe00                _Reset
            00002e34    _SimulatorInput
            00003034    _SimulatorOutput
            00020000    __CIOBUF_
            00001060    __STACK_END
00002000                __STACK_SIZE
00002000                __SYSMEM_SIZE
00001000                __SYSSTACK_SIZE
00000001                __TI_args_main
ffffffff                ___binit__
ffffffff                ___bss__
ffffffff                ___c_args__
            00020120    ___cinit__
ffffffff                ___data__
ffffffff                ___edata__
ffffffff                ___end__
ffffffff                ___etext__
00024eb2                ___isinf
ffffffff                ___pinit__
ffffffff                ___text__
00023076                __addd
00024cac                __args_main
00024569                __buff_read
00022cba                __cleanup
            000034a4    __cleanup_ptr
00023aa6                __cmpd
            000034a8    __ctypes_
000224c4                __divd
00024d42                __divli
00023041                __divlli
00024e65                __divu
000246bd                __divul
00022f4d                __divull
000243ed                __doflush
            000034a6    __dtors_ptr
00023a72                __eqld
00024e3b                __fixdi
000249b1                __fixdli
00024af8                __fltlid
00024856                __frcmpyd
000248cc                __frcmpyd_div
            0000334c    __ft_end
            00003234    __ftable
00023a28                __geqd
000239dd                __gtrd
00023990                __leqd
            000034a0    __lock
00023948                __lssd
00023dd9                __mpyd
00024ee0                __mpyli
00022e95                __mpylli
00024f05                __negd
00023914                __neqd
00024f03                __nop
00021362                __printfi
00024390                __rd_ok
00024efb                __register_lock
00024ef3                __register_unlock
00024cf7                __remli
00022e66                __remlli
00024e7a                __remu
0002493f                __remul
00022e18                __remull
            00000060    __stack
00024ecc                __subd
            00001860    __sys_memory
            00001060    __sysstack
            000032ac    __tmpnams
            000034a2    __unlock
00024310                __wrt_ok
00024f1f                _abort
000219f7                _add_device
000228c6                _aic3204_codec_read
00022936                _aic3204_codec_write
00022892                _aic3204_disable
0002351f                _aic3204_dma_init
            0000349a    _aic3204_enabled
00022890                _aic3204_hardware_init
00024158                _aic3204_init
00023521                _aic3204_read_block
00022ad6                _aic3204_read_wav_header
00024134                _aic3204_set_input_filename
00024146                _aic3204_set_output_filename
000235ed                _aic3204_write_block
000236a7                _aic3204_write_data
00022a07                _aic3204_write_wav_header
00024b5f                _atoi
00024c5f                _auto_init
            00002860    _band_pass_121st_order
00024e07                _c_int00
0002249e                _calloc
00022496                _chkheap
00021984                _close
00024dc9                _exit
000247db                _fclose
00024456                _fflush
0002197b                _find_registered_device
00024034                _fir_basic
000240b1                _fir_circular
00023afe                _first_order_IIR
00022ddd                _fopen
00023c5e                _fourth_order_IIR
00024617                _fputc
00023c76                _fputs
00023f25                _fread
0002200f                _free
00022440                _free_memory
00022d14                _freopen
00024a8d                _fseek
00023726                _fwrite
00021ae7                _getenv
            00002c2c    _historyImp
            00002d2c    _historyL
            00002da5    _historyR
            00002b2c    _impulse
            00002bac    _impulseOut
            0000292c    _inputBufferL
            000029ac    _inputBufferR
            00003496    _input_file
00021915                _lseek
0002475e                _ltoa
000232d0                _main
00022140                _malloc
000223e6                _max_free
00024e8f                _memccpy
00024d8a                _memcpy
000220db                _minit
00021856                _open
            00002a2c    _outputBufferL
            00002aac    _outputBufferR
            00003498    _output_file
            000028eb    _p_stateImp
            00002e1e    _p_stateL
            00002e1f    _p_stateR
00024c0f                _printf
00024617                _putc
000246ae                _putchar
00023dab                _puts
000217a8                _read
00024a20                _readmsg
00022235                _realloc
00024f15                _remove
00021772                _remove_device
00021719                _rename
00023b85                _second_order_IIR
0002421d                _set_sampling_frequency_and_gain
0002422a                _setvbuf
            00002cac    _temp
000216e6                _unlink
000215a4                _write
000244af                _writemsg
            00002e20    _z_x
            00002e26    _z_xL
            00002e2c    _z_xR
            00002e23    _z_y
            00002e29    _z_yL
            00002e2f    _z_yR
ffffffff                binit
            00020120    cinit
ffffffff                edata
ffffffff                end
ffffffff                etext
ffffffff                pinit


GLOBAL SYMBOLS: SORTED BY Symbol Address 

abs. value/
byte addr   word addr   name
---------   ---------   ----
00000001                $TI_capability_requires_rev3
00000001                __TI_args_main
00000002                $TI_capability$C5500$CallingConvention
00000002                $TI_capability$C5500$MemoryModel
            00000060    __stack
00001000                __SYSSTACK_SIZE
00002000                __STACK_SIZE
00002000                __SYSMEM_SIZE
            00001060    __STACK_END
            00001060    __sysstack
            00001860    __sys_memory
            00002860    _band_pass_121st_order
            000028d9    _IIR_band_pass_2nd_order
            000028df    _IIR_low_pass_2nd_order
            000028e5    _IIR_high_pass_2nd_order
            000028eb    _p_stateImp
            0000292c    _inputBufferL
            000029ac    _inputBufferR
            00002a2c    _outputBufferL
            00002aac    _outputBufferR
            00002b2c    _impulse
            00002bac    _impulseOut
            00002c2c    _historyImp
            00002cac    _temp
            00002d2c    _historyL
            00002da5    _historyR
            00002e1e    _p_stateL
            00002e1f    _p_stateR
            00002e20    _z_x
            00002e23    _z_y
            00002e26    _z_xL
            00002e29    _z_yL
            00002e2c    _z_xR
            00002e2f    _z_yR
            00002e34    _SimulatorInput
            00003034    _SimulatorOutput
            00003234    __ftable
            000032ac    __tmpnams
            0000334c    __ft_end
            00003496    _input_file
            00003498    _output_file
            0000349a    _aic3204_enabled
            000034a0    __lock
            000034a2    __unlock
            000034a4    __cleanup_ptr
            000034a6    __dtors_ptr
            000034a8    __ctypes_
00021362                __printfi
000215a4                _write
000216e6                _unlink
00021719                _rename
00021772                _remove_device
000217a8                _read
00021856                _open
00021915                _lseek
0002197b                _find_registered_device
00021984                _close
000219f7                _add_device
00021ae7                _getenv
00021b62                _HOSTwrite
00021bef                _HOSTunlink
00021c59                _HOSTtime
00021cb7                _HOSTrename
00021d65                _HOSTread
00021df2                _HOSTopen
00021e91                _HOSTlseek
00021f46                _HOSTclose
00021fb1                _HOSTclock
0002200f                _free
000220db                _minit
00022140                _malloc
00022235                _realloc
000223e6                _max_free
00022440                _free_memory
00022496                _chkheap
0002249e                _calloc
000224c4                __divd
00022890                _aic3204_hardware_init
00022892                _aic3204_disable
000228c6                _aic3204_codec_read
00022936                _aic3204_codec_write
00022a07                _aic3204_write_wav_header
00022ad6                _aic3204_read_wav_header
00022cba                __cleanup
00022d14                _freopen
00022ddd                _fopen
00022e18                __remull
00022e66                __remlli
00022e95                __mpylli
00022f4d                __divull
00023041                __divlli
00023076                __addd
000232d0                _main
0002351f                _aic3204_dma_init
00023521                _aic3204_read_block
000235ed                _aic3204_write_block
000236a7                _aic3204_write_data
00023726                _fwrite
00023914                __neqd
00023948                __lssd
00023990                __leqd
000239dd                __gtrd
00023a28                __geqd
00023a72                __eqld
00023aa6                __cmpd
00023afe                _first_order_IIR
00023b85                _second_order_IIR
00023c5e                _fourth_order_IIR
00023c76                _fputs
00023dab                _puts
00023dd9                __mpyd
00023f25                _fread
00024034                _fir_basic
000240b1                _fir_circular
00024134                _aic3204_set_input_filename
00024146                _aic3204_set_output_filename
00024158                _aic3204_init
0002421d                _set_sampling_frequency_and_gain
0002422a                _setvbuf
00024310                __wrt_ok
00024390                __rd_ok
000243ed                __doflush
00024456                _fflush
000244af                _writemsg
00024564                C$$IO$$
00024569                __buff_read
00024617                _fputc
00024617                _putc
000246ae                _putchar
000246bd                __divul
0002475e                _ltoa
000247db                _fclose
00024856                __frcmpyd
000248cc                __frcmpyd_div
0002493f                __remul
000249b1                __fixdli
00024a20                _readmsg
00024a8d                _fseek
00024af8                __fltlid
00024b5f                _atoi
00024bbb                _EZDSP5535_wait
00024bef                _EZDSP5535_waitusec
00024c01                _EZDSP5535_init
00024c0f                _printf
00024c5f                _auto_init
00024cac                __args_main
00024cf7                __remli
00024d42                __divli
00024d8a                _memcpy
00024dc9                _exit
00024e07                _c_int00
00024e3b                __fixdi
00024e65                I$$UDIV
00024e65                __divu
00024e7a                I$$UMOD
00024e7a                __remu
00024e8f                _memccpy
00024eb2                ___isinf
00024ecc                __subd
00024ee0                I$$LMPY
00024ee0                __mpyli
00024ef3                __register_unlock
00024efb                __register_lock
00024f03                __nop
00024f05                __negd
00024f15                _remove
00024f1f                _abort
00024f20                C$$EXIT
            00020000    __CIOBUF_
            00020120    ___cinit__
            00020120    cinit
0004fe00                _Reset
ffffffff                .bss
ffffffff                .data
ffffffff                .text
ffffffff                ___binit__
ffffffff                ___bss__
ffffffff                ___c_args__
ffffffff                ___data__
ffffffff                ___edata__
ffffffff                ___end__
ffffffff                ___etext__
ffffffff                ___pinit__
ffffffff                ___text__
ffffffff                binit
ffffffff                edata
ffffffff                end
ffffffff                etext
ffffffff                pinit

[189 symbols]
