******************************************************************************
              TMS320C55x Linker PC v4.4.1                      
******************************************************************************
>> Linked Sat Dec 22 19:13:56 2018

OUTPUT FILE NAME:   <noise_removal.out>
ENTRY POINT SYMBOL: "_c_int00"  address: 00024e34


MEMORY CONFIGURATION

         name            origin    length      used     unused   attr    fill
                        (bytes)   (bytes)    (bytes)   (bytes)
----------------------  --------  ---------  --------  --------  ----  --------
PAGE 0:
  MMR                   00000000   000000c0  00000000  000000c0  RWIX
  DARAM0                000000c0   0000ff40  00006dec  00009154  RWIX
  SARAM0                00010000   00010000  00000000  00010000  RWIX
  SARAM1                00020000   00020000  00004f56  0001b0aa  RWIX
  SARAM2                00040000   0000fe00  00000496  0000f96a  RWIX
  VECS                  0004fe00   00000200  00000100  00000100  RWIX
  PDROM                 00ff8000   00008000  00000000  00008000  R IX

PAGE 2:
  IOPORT                00000000   00020000  00000000  00020000  RWI 


SECTION ALLOCATION MAP
(Addresses surrounded by []'s are displayed for convenience only!)

output                                                          attributes/
section   page  orgn(bytes) orgn(words) len(bytes) len(words)   input sections
--------  ----  ----------- ----------- ---------- ----------   --------------
.pinit       0   [ 00040000 ]  00020000          *   00000000   UNINITIALIZED

.stack       0   [ 000000c0 ]  00000060          *   00001000   UNINITIALIZED
                 [ 000000c0 ]  00000060          *   00001000   --HOLE--

.data        0   [ 000000c0 ]  00000060          *   00000000   UNINITIALIZED

.sysstack 
*            0   [ 000020c0 ]  00001060          *   00000800   UNINITIALIZED
                 [ 000020c0 ]  00001060          *   00000800   --HOLE--

.sysmem      0   [ 000030c0 ]  00001860          *   00001000   UNINITIALIZED
                 [ 000030c0 ]  00001860          *   00001000   --HOLE--

.bss.1       0   [ 000050c0 ]  00002860          *   000005e7   UNINITIALIZED
                 [ 000050c0 ]  00002860          *   000005e6   main.obj (.bss)
                 [ 00005c8c ]  00002e46          *   00000001   rts55x.lib : fopen.obj (.bss)

.bss.2       0   [ 00005c90 ]  00002e48          *   000005e9   UNINITIALIZED
                 [ 00005c90 ]  00002e48          *   00000400   ezdsp5535_aic3204_dma.obj (.bss)
                 [ 00006490 ]  00003248          *   00000119   rts55x.lib : defs.obj (.bss)
                 [ 000066c2 ]  00003361          *   000000d0              : trgdrv.obj (.bss)

.bss.3       0   [ 00006864 ]  00003432          *   00000071   UNINITIALIZED
                 [ 00006864 ]  00003432          *   00000071   rts55x.lib : lowlev.obj (.bss)

.bss.4       0   [ 00006948 ]  000034a4          *   0000000b   UNINITIALIZED
                 [ 00006948 ]  000034a4          *   00000006   rts55x.lib : memory.obj (.bss)
                 [ 00006954 ]  000034aa          *   00000005   aic3204.obj (.bss)

.bss.5       0   [ 00006960 ]  000034b0          *   0000000c   UNINITIALIZED
                 [ 00006960 ]  000034b0          *   00000004   aic3204_init.obj (.bss)
                 [ 00006968 ]  000034b4          *   00000004   rts55x.lib : _lock.obj (.bss)
                 [ 00006970 ]  000034b8          *   00000004              : exit.obj (.bss)

.const.1     0   [ 00006978 ]  000034bc          *   00000101   
                 [ 00006978 ]  000034bc          *   00000101   rts55x.lib : ctype.obj (.const:__ctypes_)

.const.2     0   [ 00006b7c ]  000035be          *   00000077   
                 [ 00006b7c ]  000035be          *   00000077   aic3204_init.obj (.const:.string)

.const.3     0   [ 00006c6c ]  00003636          *   00000077   
                 [ 00006c6c ]  00003636          *   00000077   main.obj (.const:.string)

.const.4     0   [ 00006d5c ]  000036ae          *   00000073   
                 [ 00006d5c ]  000036ae          *   0000003a   aic3204.obj (.const:.string)
                 [ 00006dd0 ]  000036e8          *   00000039   ezdsp5535_aic3204_dma.obj (.const:.string)

.const.5     0   [ 00006e44 ]  00003722          *   0000003c   
                 [ 00006e44 ]  00003722          *   00000024   rts55x.lib : _printfi.obj (.const:.string)
                 [ 00006e8c ]  00003746          *   0000000c              : _printfi.obj (.const)
                 [ 00006ea4 ]  00003752          *   00000008              : divd.obj (.const:_initial_approx$1)
                 [ 00006eb4 ]  0000375a          *   00000002              : fputs.obj (.const:.string)
                 [ 00006eb8 ]  0000375c          *   00000002              : fltlid.obj (.const)

.text        0     00020000  [ 00010000 ] 00004f56          *   
                   00020000  [ 00010000 ] 000015a4          *   rts55x.lib : _printfi.obj (.text)
                   000215a4  [ 00010ad2 ] 00000543          *              : lowlev.obj (.text)
                   00021ae7  [ 00010d73+] 00000528          *              : trgdrv.obj (.text)
                   0002200f  [ 00011007+] 000004b5          *              : memory.obj (.text)
                   000224c4  [ 00011262 ] 000003cc          *              : divd.obj (.text)
                   00022890  [ 00011448 ] 00000309          *   aic3204.obj (.text)
                   00022b99  [ 000115cc+] 0000027f          *   rts55x.lib : fopen.obj (.text)
                   00022e18  [ 0001170c ] 0000027c          *   main.obj (.text)
                   00023094  [ 0001184a ] 0000025e          *   rts55x.lib : llmpy.obj (.text)
                   000232f2  [ 00011979 ] 0000025a          *              : addd.obj (.text)
                   0002354c  [ 00011aa6 ] 00000207          *   ezdsp5535_aic3204_dma.obj (.text)
                   00023753  [ 00011ba9+] 000001ee          *   rts55x.lib : fwrite.obj (.text)
                   00023941  [ 00011ca0+] 000001ea          *              : cmpd.obj (.text)
                   00023b2b  [ 00011d95+] 00000178          *   iir.obj (.text)
                   00023ca3  [ 00011e51+] 00000163          *   rts55x.lib : fputs.obj (.text)
                   00023e06  [ 00011f03 ] 0000014c          *              : mpyd.obj (.text)
                   00023f52  [ 00011fa9 ] 0000010f          *              : fread.obj (.text)
                   00024061  [ 00012030+] 00000100          *   fir.obj (.text)
                   00024161  [ 000120b0+] 000000f6          *   aic3204_init.obj (.text)
                   00024257  [ 0001212b+] 000000e6          *   rts55x.lib : setvbuf.obj (.text)
                   0002433d  [ 0001219e+] 000000dd          *              : _io_perm.obj (.text)
                   0002441a  [ 0001220d ] 000000c2          *              : fflush.obj (.text)
                   000244dc  [ 0001226e ] 000000ba          *              : trgmsg.obj (.text:CIO_breakpoint)
                   00024596  [ 000122cb ] 000000ae          *              : _bufread.obj (.text)
                   00024644  [ 00012322 ] 000000a6          *              : fputc.obj (.text)
                   000246ea  [ 00012375 ] 000000a1          *              : divul.obj (.text)
                   0002478b  [ 000123c5+] 0000007d          *              : ltoa.obj (.text)
                   00024808  [ 00012404 ] 0000007b          *              : fclose.obj (.text)
                   00024883  [ 00012441+] 00000076          *              : frcmpyd.obj (.text)
                   000248f9  [ 0001247c+] 00000073          *              : frcmpyd_div.obj (.text)
                   0002496c  [ 000124b6 ] 00000072          *              : remul.obj (.text)
                   000249de  [ 000124ef ] 0000006f          *              : fixdli.obj (.text)
                   00024a4d  [ 00012526+] 0000006d          *              : trgmsg.obj (.text)
                   00024aba  [ 0001255d ] 0000006b          *              : fseek.obj (.text)
                   00024b25  [ 00012592+] 00000067          *              : fltlid.obj (.text)
                   00024b8c  [ 000125c6 ] 0000005c          *              : atoi.obj (.text)
                   00024be8  [ 000125f4 ] 00000054          *   ezdsp5535bsl.lib : ezdsp5535.obj (.text)
                   00024c3c  [ 0001261e ] 00000050          *   rts55x.lib : printf.obj (.text)
                   00024c8c  [ 00012646 ] 0000004d          *              : autoinit.obj (.text)
                   00024cd9  [ 0001266c+] 0000004b          *              : args_main.obj (.text)
                   00024d24  [ 00012692 ] 0000004b          *              : remli.obj (.text)
                   00024d6f  [ 000126b7+] 00000048          *              : divli.obj (.text)
                   00024db7  [ 000126db+] 0000003f          *              : memcpy.obj (.text)
                   00024df6  [ 000126fb ] 0000003e          *              : exit.obj (.text)
                   00024e34  [ 0001271a ] 00000034          *              : boot.obj (.text)
                   00024e68  [ 00012734 ] 0000002a          *              : fixdi.obj (.text)
                   00024e92  [ 00012749 ] 0000002a          *              : udiv.obj (.text)
                   00024ebc  [ 0001275e ] 00000023          *              : memccpy.obj (.text)
                   00024edf  [ 0001276f+] 0000001a          *              : isinf.obj (.text)
                   00024ef9  [ 0001277c+] 00000014          *              : subd.obj (.text)
                   00024f0d  [ 00012786+] 00000013          *              : lmpy.obj (.text)
                   00024f20  [ 00012790 ] 00000012          *              : _lock.obj (.text)
                   00024f32  [ 00012799 ] 00000010          *              : negd.obj (.text)
                   00024f42  [ 000127a1 ] 0000000a          *              : remove.obj (.text)
                   00024f4c  [ 000127a6 ] 00000007          *              : exit.obj (.text:CIO_breakpoint)
                   00024f53  [ 000127a9+] 00000002          *              : vectors.obj (.text)
                   00024f55  [ 000127aa ] 00000001          *   --HOLE-- [fill = 20]

.cinit       0   [ 00040000 ]  00020000          *   0000012b   
                 [ 00040000 ]  00020000          *   000000a9   main.obj (.cinit)
                 [ 00040152 ]  000200a9          *   0000002d   rts55x.lib : lowlev.obj (.cinit)
                 [ 000401ac ]  000200d6          *   0000002a              : defs.obj (.cinit)
                 [ 00040200 ]  00020100          *   0000000a   aic3204_init.obj (.cinit)
                 [ 00040214 ]  0002010a          *   0000000a   rts55x.lib : _lock.obj (.cinit)
                 [ 00040228 ]  00020114          *   0000000a              : exit.obj (.cinit)
                 [ 0004023c ]  0002011e          *   00000004   aic3204.obj (.cinit)
                 [ 00040244 ]  00020122          *   00000004   rts55x.lib : fopen.obj (.cinit)
                 [ 0004024c ]  00020126          *   00000004              : memory.obj (.cinit)
                 [ 00040254 ]  0002012a          *   00000001   --HOLE-- [fill = 0]

.cio         0   [ 00040258 ]  0002012c          *   00000120   UNINITIALIZED
                 [ 00040258 ]  0002012c          *   00000120   rts55x.lib : trgmsg.obj (.cio)

vectors      0     0004fe00  [ 00027f00 ] 00000100          *   
                   0004fe00  [ 00027f00 ] 00000100          *   rts55x.lib : vectors.obj (vectors)


GLOBAL SYMBOLS: SORTED ALPHABETICALLY BY Name 

abs. value/
byte addr   word addr   name
---------   ---------   ----
00000002                $TI_capability$C5500$CallingConvention
00000002                $TI_capability$C5500$MemoryModel
00000001                $TI_capability_requires_rev3
ffffffff                .bss
ffffffff                .data
ffffffff                .text
00024f4d                C$$EXIT
00024591                C$$IO$$
00024f0d                I$$LMPY
00024e92                I$$UDIV
00024ea7                I$$UMOD
00024c2e                _EZDSP5535_init
00024be8                _EZDSP5535_wait
00024c1c                _EZDSP5535_waitusec
00021fb1                _HOSTclock
00021f46                _HOSTclose
00021e91                _HOSTlseek
00021df2                _HOSTopen
00021d65                _HOSTread
00021cb7                _HOSTrename
00021c59                _HOSTtime
00021bef                _HOSTunlink
00021b62                _HOSTwrite
0004fe00                _Reset
            00002e48    _SimulatorInput
            00003048    _SimulatorOutput
            0002012c    __CIOBUF_
            00001060    __STACK_END
00002000                __STACK_SIZE
00002000                __SYSMEM_SIZE
00001000                __SYSSTACK_SIZE
00000001                __TI_args_main
ffffffff                ___binit__
ffffffff                ___bss__
ffffffff                ___c_args__
            00020000    ___cinit__
ffffffff                ___data__
ffffffff                ___edata__
ffffffff                ___end__
ffffffff                ___etext__
00024edf                ___isinf
ffffffff                ___pinit__
ffffffff                ___text__
000232f2                __addd
00024cd9                __args_main
00024596                __buff_read
00022cba                __cleanup
            000034b8    __cleanup_ptr
00023ad3                __cmpd
            000034bc    __ctypes_
000224c4                __divd
00024d6f                __divli
000232bd                __divlli
00024e92                __divu
000246ea                __divul
000231c9                __divull
0002441a                __doflush
            000034ba    __dtors_ptr
00023a9f                __eqld
00024e68                __fixdi
000249de                __fixdli
00024b25                __fltlid
00024883                __frcmpyd
000248f9                __frcmpyd_div
            00003360    __ft_end
            00003248    __ftable
00023a55                __geqd
00023a0a                __gtrd
000239bd                __leqd
            000034b4    __lock
00023975                __lssd
00023e06                __mpyd
00024f0d                __mpyli
00023111                __mpylli
00024f32                __negd
00023941                __neqd
00024f30                __nop
00021362                __printfi
000243bd                __rd_ok
00024f28                __register_lock
00024f20                __register_unlock
00024d24                __remli
000230e2                __remlli
00024ea7                __remu
0002496c                __remul
00023094                __remull
            00000060    __stack
00024ef9                __subd
            00001860    __sys_memory
            00001060    __sysstack
            000032c0    __tmpnams
            000034b6    __unlock
0002433d                __wrt_ok
00024f4c                _abort
000219f7                _add_device
000228c6                _aic3204_codec_read
00022936                _aic3204_codec_write
00022892                _aic3204_disable
0002354c                _aic3204_dma_init
            000034ae    _aic3204_enabled
00022890                _aic3204_hardware_init
00024185                _aic3204_init
0002354e                _aic3204_read_block
00022ad6                _aic3204_read_wav_header
00024161                _aic3204_set_input_filename
00024173                _aic3204_set_output_filename
0002361a                _aic3204_write_block
000236d4                _aic3204_write_data
00022a07                _aic3204_write_wav_header
00024b8c                _atoi
00024c8c                _auto_init
00024e34                _c_int00
0002249e                _calloc
00022496                _chkheap
00021984                _close
00024df6                _exit
00024808                _fclose
00024483                _fflush
            00002860    _filter1_coeffs
            00002881    _filter2_coeffs
0002197b                _find_registered_device
00024061                _fir_basic
000240de                _fir_circular
00023b2b                _first_order_IIR
00022ddd                _fopen
00023c8b                _fourth_order_IIR
00024644                _fputc
00023ca3                _fputs
00023f52                _fread
0002200f                _free
00022440                _free_memory
00022d14                _freopen
00024aba                _fseek
00023753                _fwrite
00021ae7                _getenv
            00002d40    _historyImp
            00002db9    _historyL
            000028fa    _iir_notch_coeffs
            00002b40    _impulse
            00002bc0    _impulseOut
            00002940    _inputBufferL
            000029c0    _inputBufferR
            000034aa    _input_file
00021915                _lseek
0002478b                _ltoa
00022e18                _main
00022140                _malloc
000223e6                _max_free
00024ebc                _memccpy
00024db7                _memcpy
000220db                _minit
00021856                _open
            00002a40    _outputBufferL
            00002ac0    _outputBufferR
            000034ac    _output_file
            00002e33    _p_state_L
            00002e32    _p_state_imp
00024c3c                _printf
00024644                _putc
000246db                _putchar
00023dd8                _puts
000217a8                _read
00024a4d                _readmsg
00022235                _realloc
00024f42                _remove
00021772                _remove_device
00021719                _rename
00023bb2                _second_order_IIR
0002424a                _set_sampling_frequency_and_gain
00024257                _setvbuf
            00002c40    _temp1
            00002cc0    _temp2
000216e6                _unlink
000215a4                _write
000244dc                _writemsg
            00002e34    _x_z
            00002e3a    _x_z1
            00002e40    _x_z2
            00002e37    _y_z
            00002e3d    _y_z1
            00002e43    _y_z2
ffffffff                binit
            00020000    cinit
ffffffff                edata
ffffffff                end
ffffffff                etext
ffffffff                pinit


GLOBAL SYMBOLS: SORTED BY Symbol Address 

abs. value/
byte addr   word addr   name
---------   ---------   ----
00000001                $TI_capability_requires_rev3
00000001                __TI_args_main
00000002                $TI_capability$C5500$CallingConvention
00000002                $TI_capability$C5500$MemoryModel
            00000060    __stack
00001000                __SYSSTACK_SIZE
00002000                __STACK_SIZE
00002000                __SYSMEM_SIZE
            00001060    __STACK_END
            00001060    __sysstack
            00001860    __sys_memory
            00002860    _filter1_coeffs
            00002881    _filter2_coeffs
            000028fa    _iir_notch_coeffs
            00002940    _inputBufferL
            000029c0    _inputBufferR
            00002a40    _outputBufferL
            00002ac0    _outputBufferR
            00002b40    _impulse
            00002bc0    _impulseOut
            00002c40    _temp1
            00002cc0    _temp2
            00002d40    _historyImp
            00002db9    _historyL
            00002e32    _p_state_imp
            00002e33    _p_state_L
            00002e34    _x_z
            00002e37    _y_z
            00002e3a    _x_z1
            00002e3d    _y_z1
            00002e40    _x_z2
            00002e43    _y_z2
            00002e48    _SimulatorInput
            00003048    _SimulatorOutput
            00003248    __ftable
            000032c0    __tmpnams
            00003360    __ft_end
            000034aa    _input_file
            000034ac    _output_file
            000034ae    _aic3204_enabled
            000034b4    __lock
            000034b6    __unlock
            000034b8    __cleanup_ptr
            000034ba    __dtors_ptr
            000034bc    __ctypes_
00021362                __printfi
000215a4                _write
000216e6                _unlink
00021719                _rename
00021772                _remove_device
000217a8                _read
00021856                _open
00021915                _lseek
0002197b                _find_registered_device
00021984                _close
000219f7                _add_device
00021ae7                _getenv
00021b62                _HOSTwrite
00021bef                _HOSTunlink
00021c59                _HOSTtime
00021cb7                _HOSTrename
00021d65                _HOSTread
00021df2                _HOSTopen
00021e91                _HOSTlseek
00021f46                _HOSTclose
00021fb1                _HOSTclock
0002200f                _free
000220db                _minit
00022140                _malloc
00022235                _realloc
000223e6                _max_free
00022440                _free_memory
00022496                _chkheap
0002249e                _calloc
000224c4                __divd
00022890                _aic3204_hardware_init
00022892                _aic3204_disable
000228c6                _aic3204_codec_read
00022936                _aic3204_codec_write
00022a07                _aic3204_write_wav_header
00022ad6                _aic3204_read_wav_header
00022cba                __cleanup
00022d14                _freopen
00022ddd                _fopen
00022e18                _main
00023094                __remull
000230e2                __remlli
00023111                __mpylli
000231c9                __divull
000232bd                __divlli
000232f2                __addd
0002354c                _aic3204_dma_init
0002354e                _aic3204_read_block
0002361a                _aic3204_write_block
000236d4                _aic3204_write_data
00023753                _fwrite
00023941                __neqd
00023975                __lssd
000239bd                __leqd
00023a0a                __gtrd
00023a55                __geqd
00023a9f                __eqld
00023ad3                __cmpd
00023b2b                _first_order_IIR
00023bb2                _second_order_IIR
00023c8b                _fourth_order_IIR
00023ca3                _fputs
00023dd8                _puts
00023e06                __mpyd
00023f52                _fread
00024061                _fir_basic
000240de                _fir_circular
00024161                _aic3204_set_input_filename
00024173                _aic3204_set_output_filename
00024185                _aic3204_init
0002424a                _set_sampling_frequency_and_gain
00024257                _setvbuf
0002433d                __wrt_ok
000243bd                __rd_ok
0002441a                __doflush
00024483                _fflush
000244dc                _writemsg
00024591                C$$IO$$
00024596                __buff_read
00024644                _fputc
00024644                _putc
000246db                _putchar
000246ea                __divul
0002478b                _ltoa
00024808                _fclose
00024883                __frcmpyd
000248f9                __frcmpyd_div
0002496c                __remul
000249de                __fixdli
00024a4d                _readmsg
00024aba                _fseek
00024b25                __fltlid
00024b8c                _atoi
00024be8                _EZDSP5535_wait
00024c1c                _EZDSP5535_waitusec
00024c2e                _EZDSP5535_init
00024c3c                _printf
00024c8c                _auto_init
00024cd9                __args_main
00024d24                __remli
00024d6f                __divli
00024db7                _memcpy
00024df6                _exit
00024e34                _c_int00
00024e68                __fixdi
00024e92                I$$UDIV
00024e92                __divu
00024ea7                I$$UMOD
00024ea7                __remu
00024ebc                _memccpy
00024edf                ___isinf
00024ef9                __subd
00024f0d                I$$LMPY
00024f0d                __mpyli
00024f20                __register_unlock
00024f28                __register_lock
00024f30                __nop
00024f32                __negd
00024f42                _remove
00024f4c                _abort
00024f4d                C$$EXIT
            00020000    ___cinit__
            00020000    cinit
            0002012c    __CIOBUF_
0004fe00                _Reset
ffffffff                .bss
ffffffff                .data
ffffffff                .text
ffffffff                ___binit__
ffffffff                ___bss__
ffffffff                ___c_args__
ffffffff                ___data__
ffffffff                ___edata__
ffffffff                ___end__
ffffffff                ___etext__
ffffffff                ___pinit__
ffffffff                ___text__
ffffffff                binit
ffffffff                edata
ffffffff                end
ffffffff                etext
ffffffff                pinit

[187 symbols]
